10-03 15:33:49.783 25489 25489 I SCallUI : NotificationScreenViewsManagerImpl@3af3b58 - Constructor, isExternalScreen : false
10-03 15:33:49.783 23953 23953 I [UNWFC]-- WFCQS - : WFC tile service onStopListening
10-03 15:33:49.783 25489 25489 I SCallUI : NotificationScreenViewModelImpl - @Notification: setModelsFactory, hashCode: 246143035
10-03 15:33:49.783 25489 25489 I SCallUI : AcceptCallBixbyActionHandlerImpl - setAcceptCallBixbyActionListener: eabd83b
10-03 15:33:49.783 25489 25489 I SCallUI : RejectCallBixbyActionHandlerImpl - setRejectCallBixbyActionListener: eabd83b
10-03 15:33:49.783 25489 25489 I SCallUI : InCallNotificationLifeComponent@ec4c935 - setLocaleDisplayName, isChanged: false, mLocaleDisplayName: English (United States)
10-03 15:33:49.783 25489 25489 I SCallUI : NotificationScreenViewModelImpl - @Notification: onConfigurationChanged
10-03 15:33:49.783 25489 25489 I SCallUI : InCallNotificationLifeComponent - registerReceivers
10-03 15:33:49.784 25489 25489 I SCallUI : InCallNotificationLifeComponent@ec4c935 - CallUIPerf: @Notification: onCreate - done
10-03 15:33:49.784 25489 25489 I SCallUI : InCallNotificationLifeComponent - performResume
10-03 15:33:49.784 25489 25489 I SCallUI : InCallNotificationLifeComponent - onResume, hashCode: ec4c935
10-03 15:33:49.784 25489 25489 I SCallUI : InCallNotificationLifeComponent@ec4c935 - CallUIPerf: @Notification: onResume
10-03 15:33:49.784 25489 25489 I SCallUI : InCallNotificationLifeComponent@ec4c935 - @Notification: setUpViewTimerStart
10-03 15:33:49.784 25489 25489 I SCallUI : ScreenLauncher - CallUIPerf: @FullScreen: launchFullScreen, skip by CallBG state. LaunchReason : SCREEN_LAUNCHER
10-03 15:33:49.784 25489 25489 I SCallUI : ScreenLauncher - CallUIPerf: @FullScreen: launchFullScreen, CallBgState: NONE, LaunchReason : SCREEN_LAUNCHER
10-03 15:33:49.784 25489 25489 I SCallUI : InCallNotificationLifeComponent - isResumed - true
10-03 15:33:49.784 25489 25489 I SCallUI : ScreenLauncher - @Notification: checkAndLaunchNotificationScreen, isNotificationRunning: true, hasCalls: true, isExternalNotificationRunning: false, hasExternalCalls: false
10-03 15:33:49.784 25489 25489 I SCallUI : SystemRepositoryUtils - getCurrentInterruptionFilter: 1
10-03 15:33:49.784 25489 25489 I SCallUI : SystemRepositoryUtils - isDoNotDisturbMode: false
10-03 15:33:49.784 25489 25489 I SCallUI : ScreenLauncher - @CoverScreen: checkAndLaunchCoverScreen, launchCoverScreen. isIncomingCall: true, isDoNotDisturbMode: false
10-03 15:33:49.784 25489 25489 I SCallUI : CoverScreenLauncher - shouldLaunchClearCoverToCoverScreen - result: false, mIsCoverScreenClearCoverSupported: false, hasCoverScreenClearCover: false
10-03 15:33:49.784 25489 25631 I SCallUI : NotificationHandler - createNotificationChannel
10-03 15:33:49.784 25489 25489 I SCallUI : GroupCallManager - addCallEventListener : CallModel_TC@29{RINGING(RINGING), AUDIO_ONLY, IMS, XXX(ALLOWED)}
10-03 15:33:49.784 25489 25489 I SCallUI : InCallServiceImpl@211524094 - CallUIPerf_S: onCallAdded - done, {prepare viewmodel(42ms), createAccountModelList(0ms), makeCallModel(1ms), requestUserId(0ms), insertCallModel(2ms), startQuickForegroundService(2ms), startUi(3ms), Total : 50ms}
10-03 15:33:49.784 25489 25489 I SCallUI : RecordCallerInfoModel - setRecordCallerInfoList{}
10-03 15:33:49.784 25489 25489 I SCallUI : RecordVoiceFlow - onRecordCallerInfoListChanged, Empty
10-03 15:33:49.784 25489 25489 I SCallUI : RecordVoiceCmcFlowImpl - RecordCmc: onRecordCallerInfoListChanged, Empty
10-03 15:33:49.784 25489 25489 I SCallUI : InCallServiceImpl@211524094 - CallFlow: onCallAudioStateChanged: [AudioState isMuted: false, route: EARPIECE, supportedRouteMask: EARPIECE, SPEAKER, activeBluetoothDevice: [null], supportedBluetoothDevices: []]
10-03 15:33:49.784 25489 25489 I SCallUI : CallFlow - CallFlow: onCallAudioStateChanged, [AudioState isMuted: false, route: EARPIECE, supportedRouteMask: EARPIECE, SPEAKER, activeBluetoothDevice: [null], supportedBluetoothDevices: []]
10-03 15:33:49.784 25489 25489 I SCallUI : ViewModelsManager - CallFlow: onCallAudioStateChanged - skip, PREPARE, [AudioState isMuted: false, route: EARPIECE, supportedRouteMask: EARPIECE, SPEAKER, activeBluetoothDevice: [null], supportedBluetoothDevices: []]
10-03 15:33:49.784 13108 13155 I SamsungAccount: [SignatureInfoDbHelper] searchOnUser(fromDb) - [10/6s5hg][android.incallui.][64/3291d] => matched
10-03 15:33:49.784 25489 25489 I SCallUI : NonUiServiceImpl@119836789 - onCallAdded: CallModelState{RINGING}, CallModelProperty{[Properties: PROPERTY_HIGH_DEF_AUDIO](10000), [SamsungProperties:empty](0)}, CallModelCapability{[Capabilities: CAPABILITY_SUPPORT_HOLD CAPABILITY_RESPOND_VIA_TEXT CAPABILITY_MUTE CAPABILITY_CANNOT_DOWNGRADE_VIDEO_TO_AUDIO](10000000010000001100010), [SamsungCapabilities: CONTROL_WAITINGCALL MERGE_WAITINGCALL](110000)}
10-03 15:33:49.784 25489 25489 I SCallUI : BixbyHandler - startBixby2: skip
10-03 15:33:49.784 25489 25489 I SCallUI : RecordVoiceRepository - requestAutoRecordingSpecificNumber onComplete
10-03 15:33:49.784 25489 25489 I SCallUI : RecordVoiceRepository - requestAutoRecordingExcludeNumber onComplete
10-03 15:33:49.785 13108 13155 I SamsungAccount: [AccountManagerProvider] This is the access of the allowed application
10-03 15:33:49.785 13108 13155 I SamsungAccount: [AccountManagerUtil] isSamsungAccountSignedIn : true
10-03 15:33:49.785 25489 25489 W SCallUI : LangPackConfigRepository - setTransLanguageCode: by locale en_AU, transPkgName: 
10-03 15:33:49.785 25489 25489 W SCallUI : LangPackConfigRepository - setTransLanguageCode: by locale en_IN, transPkgName: 
10-03 15:33:49.785 25489 25489 W SCallUI : LangPackConfigRepository - setTransLanguageCode: by locale en_GB, transPkgName: 
10-03 15:33:49.785 25489 25489 W SCallUI : LangPackConfigRepository - setTransLanguageCode: by locale en_US, transPkgName: 
10-03 15:33:49.786 25489 25489 I SCallUI : LangPackConfigRepository - getDisplayLocaleName, need custom name for CN, specific model: false
10-03 15:33:49.786 25489 25489 I SCallUI : LangPackConfigRepository - getDisplayLocaleName, need custom name for CN, specific model: false
10-03 15:33:49.786 25489 25489 I SCallUI : LangPackConfigRepository - getDisplayLocaleName, need custom name for HK, specific model: false
10-03 15:33:49.786 25489 25489 I SCallUI : LangPackConfigRepository - getDisplayLocaleName, need custom name for HK, specific model: false
10-03 15:33:49.786 25489 25489 I SCallUI : LangPackConfigRepository - getDisplayLocaleName, need custom name for TW, specific model: false
10-03 15:33:49.786 25489 25489 I SCallUI : LangPackConfigRepository - getDisplayLocaleName, need custom name for TW, specific model: false
10-03 15:33:49.786 25489 25489 I SCallUI : LangPackConfigRepository - updateDisplayAndLanguageNameForLanguageList
10-03 15:33:49.786 25489 25489 I SCallUI : LangPackConfigRepository - getDisplayLocaleName, need custom name for HK, specific model: false
10-03 15:33:49.786 25489 25489 I SCallUI : LangPackConfigRepository - getDisplayLocaleName, need custom name for HK, specific model: false
10-03 15:33:49.786 25489 25489 I SCallUI : LangPackConfigRepository - getDisplayLocaleName, need custom name for TW, specific model: false
10-03 15:33:49.786 25489 25489 I SCallUI : LangPackConfigRepository - getDisplayLocaleName, need custom name for TW, specific model: false
10-03 15:33:49.786 25489 25489 I SCallUI : LangPackConfigRepository - getDisplayLocaleName, need custom name for CN, specific model: false
10-03 15:33:49.786 25489 25489 I SCallUI : LangPackConfigRepository - getDisplayLocaleName, need custom name for CN, specific model: false
10-03 15:33:49.787 25489 25489 I SCallUI : LangPackConfigRepository - isLanguagePackAvailable, available for en_US
10-03 15:33:49.787  2810  9339 I ActivityManager: Background started FGS: Allowed [callingPackage: com.samsung.android.incallui; callingUid: 1001; uidState: PER ; uidBFSL: [BFSL]; intent: Intent { act=android.telecom.InCallService cmp=com.samsung.android.incallui/com.android.incallui.InCallServiceImpl }; code:PROC_STATE_PERSISTENT; tempAllowListReason:<,reasonCode:SYSTEM_ALLOW_LISTED,duration:9223372036854775807,callingUid:-1>; allowWiu:10; targetSdkVersion:36; callerTargetSdkVersion:36; startForegroundCount:1; bindFromPackage:null: isBindService:false]
10-03 15:33:49.787 25489 25489 I SCallUI : LangPackConfigRepository - isLanguagePackAvailable, available for es_US
10-03 15:33:49.788 25489 25489 I SCallUI : LangPackConfigRepository - isTranslationPackAvailable, available for com.samsung.android.nmt.apps.t2t.languagepack.enesus
10-03 15:33:49.788 25489 25489 I SCallUI : BixbyTextCallConfig@112845356 - onChanged 169272565, langPackConfigStatus: READY
10-03 15:33:49.788 25489 25489 I SCallUI : RecordTranscriptConfig@194671162 - onChanged, langPackConfigStatus: READY
10-03 15:33:49.788 25489 25489 I SCallUI : RecordTranscriptConfig@194671162 - getRecordTranscriptLocaleFromSetting, locale: en-US
10-03 15:33:49.788 25489 25489 I SCallUI : RecordTranscriptConfig@194671162 - getTranscriptLocale, en_US
10-03 15:33:49.788 25489 25489 I SCallUI : LangPackConfigRepository - isLanguagePackAvailable, available for en_US
10-03 15:33:49.788 25489 25489 I SCallUI : RecordVoiceFlow - onRecordTranscriptConfigStateChanged: ENABLED
10-03 15:33:49.788 25489 28848 I SCallUI : SamsungAccountRepository - setSamsungAccountVisibleByPackageName: SUCCESS, delay: 6
10-03 15:33:49.788 25489 25489 I SCallUI : RecordTranscriptConfig@194671162 - getTranscriptLocale, en_US
10-03 15:33:49.788 25489 25489 W SamsungTTS:SYs: getVoices failed: not bound to Synthesis service
10-03 15:33:49.788 25489 25489 W SamsungTTS:SYs: getVoices failed: not bound to Synthesis service
10-03 15:33:49.788 25489 25489 W SamsungTTS:SYs: getVoices failed: not bound to Synthesis service
10-03 15:33:49.788 25489 25489 I SCallUI : RecordNoticeModel -  isSupportLanguage : NO_TTS_LANGUAGE
10-03 15:33:49.788 25489 25489 I SCallUI : RecordVoiceFlow - executeRecordCommand - skip, RecordCallerInfo is null.
10-03 15:33:49.788 25489 25489 I SCallUI : RecordVoiceFlow - checkAndUpdate - keep call, IDLE, callState: RINGING, ReservedRecordState{ none }, recordCommand: INIT, CallModel_TC@29{RINGING(RINGING), AUDIO_ONLY, IMS}
10-03 15:33:49.788 25489 25489 I SCallUI : RecordTranscriptConfig@194671162 - updateState: ENABLED
10-03 15:33:49.788 25489 25489 I SCallUI : ScamGuardConfig@126196 - onChanged, langPackConfigStatus: READY
10-03 15:33:49.788 25489 25489 I SCallUI : ScamGuardConfig@126196 - isSupported false, by country iso
10-03 15:33:49.788 25489 25489 I SCallUI : CallCaptionsConfigImpl@127471250 - onChanged, langPackConfigStatus: READY
10-03 15:33:49.788 25489 25489 I SCallUI : AudioManagerModelImpl - semIsScreenCallAvailable : true, timeMillis:0
10-03 15:33:49.788 25489 25489 I SCallUI : CallCaptionsConfigImpl@127471250 - getCallCaptionsLocaleFromSetting, locale: en-US
10-03 15:33:49.789 25489 25489 I SCallUI : LangPackConfigRepository - isLanguagePackAvailable, available for en_US
10-03 15:33:49.789 25489 25489 I SCallUI : CallCaptionsConfigImpl@127471250 - updateState: NOT_SET
10-03 15:33:49.789 25489 25489 I SCallUI : GeneralTitleExtractorConfig@92790883 - onChanged, langPackConfigStatus: READY
10-03 15:33:49.789 25489 25489 I SCallUI : RecordTranscriptConfig@194671162 - getTranscriptLocale, en_US
10-03 15:33:49.789 25489 25489 I SCallUI : LangPackConfigRepository - isLanguagePackAvailable, available for en_US
10-03 15:33:49.789 25489 28847 I SCallUI : RecordTranscriptConfig@194671162 - setContactName: start
10-03 15:33:49.789 25489 28847 I SCallUI : RecordTranscriptConfig@194671162 - getTranscriptLocale, en_US
10-03 15:33:49.789 25489 25688 I SCallUI : ContactMyProfileRepository - query: start
10-03 15:33:49.789 25489 25489 I SCallUI : RecordTranscriptConfig@194671162 - getTranscriptLocale, en_US
10-03 15:33:49.789 25489 25489 I SCallUI : GeneralTitleExtractorConfig@92790883 - isSupportSummaryLanguage - countryCode: US
10-03 15:33:49.789 25489 25489 I SCallUI : RecordTranscriptConfig@194671162 - getTranscriptLocale, en_US
10-03 15:33:49.789  6240 10459 D SecFgsManagerController: onForegroundStateChanged: [dialog:false]:[isForeground:true]:[packageName:com.samsung.android.incallui]:[token:android.os.BinderProxy@d6b8819]:[userId:0]
10-03 15:33:49.790 25489 25489 I SCallUI : GeneralTitleExtractorConfig@92790883 - isSupportSummaryLanguage - language: en, isSupport: true
10-03 15:33:49.790 25489 25489 I SCallUI : GeneralTitleExtractorConfig@92790883 - updateState: ENABLED
10-03 15:33:49.790 25489 25489 I SCallUI : LangPackConfigRepository - parseLangPackConfigInfo, end - getLangPackConfigDuration: 19ms, parsingDuration: 6ms, supported: [ar_AE:false(ar-AE-SMTm00), en_AU:true(en-AU-SMTf00), ko_KR:false(ko-KR-SMTl05), es_MX:true(es-MX-SMTf00), fr_CA:true(fr-CA-SMTf00), nl_NL:false(nl-NL-SMTm00), ru_RU:false(ru-RU-SMTf00), zh_HK:true(zh-HK-SMTf00), zh_TW:true(zh-TW-SMTf00), th_TH:false(th-TH-SMTf00), pt_BR:true(pt-BR-SMTl01), de_DE:false(de-DE-SMTl01), tr_TR:false(tr-TR-SMTf00), pl_PL:false(pl-PL-SMTf00), it_IT:false(it-IT-SMTl01), pt_PT:true(pt-PT-SMTf00), vi_VN:false(vi-VN-SMTf00), en_US:true(en-US-SMTl03), es_ES:true(es-ES-SMTl01), sv_SE:false(sv-SE-SMTf00), zh_CN:true(zh-CN-SMTl02), ja_JP:false(ja-JP-SMTf00), en_IN:true(en-IN-SMTl02), es_US:true(es-US-SMTl01), hi_IN:false(hi-IN-SMTf00), fr_FR:true(fr-FR-SMTl01), id_ID:false(id-ID-SMTf00), ro_RO:false(ro-RO-SMTf00), en_GB:true(en-GB-SMTl02)], availableLocalesForSToT: []
10-03 15:33:49.790 25489 25489 I [MCFSDK_incallui_1.1.5]_McfContext: onServiceConnected - -
10-03 15:33:49.790 25489 25489 I SCallUI : KnoxRepository - onKnoxScreenModelChanged, KnoxScreenModel{NONE}
10-03 15:33:49.790 25489 25489 I SCallUI : ImsManagerModel@1 - created, imsVersion : 60400
10-03 15:33:49.790 25489 25489 I SCallUI : ImsManagerModel@1 - onConnected for slot 1
10-03 15:33:49.790  6550 25386 I RegiMgr<1>: getImsProfile: profile [RCS]
10-03 15:33:49.791  6550 25386 E RegiMgr<1>: getImsProfile: found [TMobile LTE/WiFi] for [RCS]
10-03 15:33:49.791 25489 25489 I SCallUI : ImsManagerModel@1 - getRcsProfileType, null -> NAGuidelines
10-03 15:33:49.791 25489 25489 I SCallUI : RcsCapabilityRepository - RcsFlow: onCreate, RcsCapabilityModelImpl - success, RcsSimData{PhoneId:1, SubscriptionId:2}, NAGUIDELINES
10-03 15:33:49.792 13108 13155 I SamsungAccount: [ProfileProvider] getCallingPackage() : android.incallui.
10-03 15:33:49.792 25489 25489 I SCallUI : RcsCapabilityModel@1(NONE) - RcsFlow: onCreate, isActiveSessionsProviderExist = true, RcsSimData{PhoneId:1, SubscriptionId:2}
10-03 15:33:49.792 13108 13155 I SamsungAccount: [AccountManagerUtil] isSamsungAccountSignedIn : true
10-03 15:33:49.792 25489 25489 I SamsungTTS:SYs: [com.samsung.android.incallui][129549899] Connected to Synthesis service.
10-03 15:33:49.792 13108 13155 I SamsungAccount: [TransactionManager] getLoginProvisioning : false
10-03 15:33:49.792 13108 13155 I SamsungAccount: [TransactionManager] isSetupWizardProvisioning
10-03 15:33:49.792 13108 13155 I SamsungAccount: [ProfilePreference] getSetupWizardProvisioningTime
10-03 15:33:49.792 13108 13155 I SamsungAccount: [TransactionManager] setupWizard done
10-03 15:33:49.793 25489 28844 I CapabilityManager[1] this: com.sec.ims.options.CapabilityManager@d844fa3: Connecting to CapabilityDiscoveryService...
10-03 15:33:49.793 25489 25688 I SCallUI : ContactMyProfileRepository - query: onSuccess, cursor count: 1, uri: XXX, timeMillis:4
10-03 15:33:49.793 25489 25688 I SCallUI : ContactMyProfileRepository - query: start
10-03 15:33:49.793 25489 25489 I SamsungTTS:SYs: Check api compatibility [Service:1.7.0][Client:1.3.0]
10-03 15:33:49.793 25489 25489 I SamsungTTS:SYs: Synthesis Service fully supports.
10-03 15:33:49.793 25489 25489 I SCallUI : RecordNoticeModel - onConnected - status : 0
10-03 15:33:49.793 25489 25489 I SCallUI : RecordNoticeModel - setRecordNoticeTtsState - READY
10-03 15:33:49.793 25489 25489 I SCallUI : RecordVoiceWithNoticeFlowExtension - onChanged - READY
10-03 15:33:49.793 25489 25489 I SCallUI : CallModelListenerHandler(CallModel_TC@29) - handleMessage : onTextCallDetailsChanged, TextCallDetails@TC@29{TranslationProperty{ none }, Last{ none }}
10-03 15:33:49.793 25489 25489 I SCallUI : RecordTranscriptConfig@194671162 - getTranscriptLocale, en_US
10-03 15:33:49.794 25489 25489 I SCallUI : RecordNoticeModel -  isSupportLanguage : AI_LOCALE_SUPPORT
10-03 15:33:49.794 25489 25489 I SCallUI : RecordVoiceFlow - executeRecordCommand - skip, RecordCallerInfo is null.
10-03 15:33:49.794 25489 25489 I SCallUI : RecordVoiceFlow - checkAndUpdate - keep call, IDLE, callState: RINGING, ReservedRecordState{ none }, recordCommand: INIT, CallModel_TC@29{RINGING(RINGING), AUDIO_ONLY, IMS}
10-03 15:33:49.794 25489 25489 I SCallUI : CallModelListenerHandler(CallModel_TC@29) - handleMessage : 112 is completed.
10-03 15:33:49.794 25489 25489 I SCallUI : EmergencyNumberHelperImpl - CallFlow: setEmergencyNumberStateValue, false, -1 -> 0
10-03 15:33:49.794 25489 25489 I SCallUI : CallModel_TC@29 - CallFlow: notifyCallModelListener :  emergency_number, 
10-03 15:33:49.794 25489 25489 I SCallUI : CallModelListenerHandler(CallModel_TC@29) - onStateChanged - skip, RINGING
10-03 15:33:49.794 25489 25489 I SCallUI : SamsungAccountRepository - onServiceConnected: XXX
10-03 15:33:49.794 25489 25489 I SCallUI : ContactRepository - query: start
10-03 15:33:49.794 13108 13155 I SamsungAccount: [AIDLInterfaceBinder] [InAIDL] registerCallback start. Package = android.incallui.
10-03 15:33:49.795 13108 13155 I SamsungAccount: [CallbackManager] [InAIDL-CallbackManager] registerCallback
10-03 15:33:49.795 13108 13155 I SamsungAccount: [CallbackManager] [InAIDL-CallbackManager] android.incallui.'s callback is already registered. So we removed this callback. You have to register new callback again.
10-03 15:33:49.795 13108 13155 I SamsungAccount: [CallbackManager] [InAIDL-CallbackManager] unregisterCallback
10-03 15:33:49.795 13108 13155 I SamsungAccount: [CallbackManager] [InAIDL-CallbackManager] unregisterCallback success. Package = android.incallui.
10-03 15:33:49.795 13108 13155 I SamsungAccount: [AIDLInterfaceBinder] [InAIDL] registerCallback end. registrationCode : null. Package = android.incallui.
10-03 15:33:49.795 25489 28845 I SCallUI : SamsungAccountRepository - registerCallback: retry
10-03 15:33:49.795 13108 13155 I SamsungAccount: [AIDLInterfaceBinder] [InAIDL] registerCallback start. Package = android.incallui.
10-03 15:33:49.795 13108 13155 I SamsungAccount: [CallbackManager] [InAIDL-CallbackManager] registerCallback
10-03 15:33:49.795 13108 13155 I SamsungAccount: [CallbackManager] [InAIDL-CallbackManager] registerCallback success. Package = android.incallui.
10-03 15:33:49.795 13108 13155 I SamsungAccount: [AIDLInterfaceBinder] [InAIDL] registerCallback end. registrationCode : Y29tLnNhbXN1bmcuYW5kcm9pZC5pbmNhbGx1aTU3. Package = android.incallui.
10-03 15:33:49.795 25489 28845 I SCallUI : SamsungAccountRepository - registerCallback, result: XXX, delay: 1
10-03 15:33:49.795 25489 28845 I SCallUI : SamsungAccountRepository - onServiceConnected: access token
10-03 15:33:49.795 13108 13155 I SamsungAccount: [PermissionsUtils] checkPrivilegedPhonePermissionOfCallingPackage
10-03 15:33:49.795 13108 13155 I SamsungAccount: [PermissionsUtils] hasPrivilegedPhonePermission : true
10-03 15:33:49.795 13108 13155 I SamsungAccount: [AIDLInterfaceBinder] [InAIDL] requestAccessToken { additional:user_id,} Package = android.incallui.
10-03 15:33:49.795 13108 13155 I SamsungAccount: [DigitalLegacyMode] isDigitalLegacyMode: false
10-03 15:33:49.795 25489 28848 I SCallUI : SamsungAccountRepository - requestAccessToken, result: true, delay: 0
10-03 15:33:49.796 13108 13614 I SamsungAccount: [CallbackInfo] [InAIDL-CallbackManager] setRunningRequestType :1
10-03 15:33:49.796 13108 13614 I SamsungAccount: [NetworkStateUtil] == networkStateCheck == true
10-03 15:33:49.796 13108 13614 I SamsungAccount: [AccountManagerUtil] isSamsungAccountSignedIn : true
10-03 15:33:49.796  3838  3838 I SamsungTTS: [Engine] Preparing the engine v512506261 from APP.
10-03 15:33:49.796  3838  3838 I SamsungTTS: [Engine] Loading success. [SmtTTS][V:512506261][com.samsung.SMT.lang_en_us_l03][M][ID:154627920]
10-03 15:33:49.796 25489 25688 I SCallUI : ContactMyProfileRepository - query: onSuccess, cursor count: 1, uri: XXX, timeMillis:3
10-03 15:33:49.796 25489 25688 I SCallUI : ContactMyProfileRepository - getProfileDisplayName: XXX
10-03 15:33:49.797  8424 29157 E KnoxInfoImpl: ERROR | invalid request, isSupportMoveTo
10-03 15:33:49.797  8424 29157 W KnoxUtil_CP2: [P] ContactsProvider2.isCallerInfoBrowsingAllow(): isSecureFolderAllowed is false
10-03 15:33:49.797 25489 25688 I SCallUI : ContactMyProfileRepository - putIntoCache : ContactMyProfileModel{ DisplayName : XXX, PhotoUri : XXX }
10-03 15:33:49.797  8424 29157 V KnoxUtil_CP2: [P] isCallerInfoBrowsingAllow or Settings value returns false for personaId=150
10-03 15:33:49.797  8424 29157 I ContactsProvider: [P] queryCorpLookupIfNecessary - query for knox took 0 ms elapsed
10-03 15:33:49.797  2810  8829 I ActivityManager: Changes in 10213 19 to 5, 0 to 144
10-03 15:33:49.797 13108 13614 I SamsungAccount: [SignatureInfoDbHelper] searchOnUser(fromDb) - [10/6s5hg][android.incallui.][64/3291d] => matched
10-03 15:33:49.797 13108 13614 I SamsungAccount: [AccessTokenRunnable] [InAIDL-AccessTokenRunnable] runProcess start. Package = android.incallui.
10-03 15:33:49.797 13108 13614 I SamsungAccount: [DeviceManager] salesCode : TMB
10-03 15:33:49.797 13108 13614 I SamsungAccount: [DeviceManager] isNewLduProdCode : false
10-03 15:33:49.797 13108 13614 I SamsungAccount: [CountryCodeUtil] isChinaCountryCode : false
10-03 15:33:49.797  2810  6064 D BackgroundInstallControlService: Package event received: 0
10-03 15:33:49.798 13108 13614 I SamsungAccount: [AccountLinkPref] isGoogleLinked = false
10-03 15:33:49.798 13108 13614 I SamsungAccount: [AccountLinkPref] isWeChatLinked = false
10-03 15:33:49.798 13108 13614 I SamsungAccount: [AccessTokenRunnable] [InAIDL-AccessTokenRunnable] isCheckBasicProfile = true, needToCheckServer = false. Package = android.incallui.
10-03 15:33:49.798 13108 13614 I SamsungAccount: [AccessTokenRunnable] [InAIDL-AccessTokenRunnable] isAccessTokenReusable. Package = android.incallui.
10-03 15:33:49.798 13108 13614 I SamsungAccount: [AccessTokenRunnable] [InAIDL-AccessTokenRunnable] checkAndSetAccessToken. scope is null or empty. Package = android.incallui.
10-03 15:33:49.798  8424 29157 E KnoxInfoImpl: ERROR | invalid request, isSupportMoveTo
10-03 15:33:49.798  8424 29157 W KnoxUtil_CP2: [P] ContactsProvider2.isCallerInfoBrowsingAllow(): isSecureFolderAllowed is false
10-03 15:33:49.798 13108 13614 I SamsungAccount: [AccessTokenRunnable] [InAIDL-AccessTokenRunnable] expiredAccessToken is empty. Package = android.incallui.
10-03 15:33:49.798 13108 13614 I SamsungAccount: [AccessTokenRunnable] [InAIDL-AccessTokenRunnable] curTimeSec = 1759523629, TimeGap = 14635. Package = android.incallui.
10-03 15:33:49.798 13108 13614 I SamsungAccount: [AccessTokenRunnable] [InAIDL-AccessTokenRunnable] expiredAccessToken is different from cached token. Package = android.incallui.
10-03 15:33:49.798 13108 13614 I SamsungAccount: [AccessTokenRunnable] [InAIDL-AccessTokenRunnable] isAccessTokenReusable : true. Package = android.incallui.
10-03 15:33:49.798  8424 29157 V KnoxUtil_CP2: [P] isCallerInfoBrowsingAllow or Settings value returns false for personaId=150
10-03 15:33:49.798  8424 29157 I ContactsProvider: [P] queryCorpLookupIfNecessary - query for knox took 0 ms elapsed
10-03 15:33:49.798 13108 13614 I SamsungAccount: [DataUtil] Not Skip Name Validation by accountMCC
10-03 15:33:49.798 13108 13614 I SamsungAccount: [LocalBusinessException] Not Skip Name Validation by AppId
10-03 15:33:49.798 13108 13614 I SamsungAccount: [OpenDBManager] getCheckListFromOpenDB
10-03 15:33:49.798 13108 13614 I SamsungAccount: [OpenDBManager] getTncResult
10-03 15:33:49.798 13108 13614 I SamsungAccount: [OpenDBManager] getTncCursor
10-03 15:33:49.798 13108 13614 I SamsungAccount: [OpenContentProvider] query tnc
10-03 15:33:49.798 13108 13614 I SamsungAccount: [AccountManagerUtil] isSamsungAccountSignedIn : true
10-03 15:33:49.798 13108 13614 I SamsungAccount: [OpenContentProvider] Calling package : app.signin.
10-03 15:33:49.798 13108 13614 I SamsungAccount: [DataUtil] Not Skip Name Validation by accountMCC
10-03 15:33:49.799 13108 13614 I SamsungAccount: [OpenDBManager] isRequireField
10-03 15:33:49.799 13108 13614 I SamsungAccount: [OpenDBManager] getFieldCursor
10-03 15:33:49.799 13108 13614 I SamsungAccount: [OpenContentProvider] query field
10-03 15:33:49.799 13108 13614 I SamsungAccount: [AccountManagerUtil] isSamsungAccountSignedIn : true
10-03 15:33:49.799 13108 13614 I SamsungAccount: [OpenContentProvider] Calling package : app.signin.
10-03 15:33:49.799  8424 29157 E KnoxInfoImpl: ERROR | invalid request, isSupportMoveTo
10-03 15:33:49.799  8424 29157 W KnoxUtil_CP2: [P] ContactsProvider2.isCallerInfoBrowsingAllow(): isSecureFolderAllowed is false
10-03 15:33:49.799  8424 29157 V KnoxUtil_CP2: [P] isCallerInfoBrowsingAllow or Settings value returns false for personaId=150
10-03 15:33:49.799  8424 29157 I ContactsProvider: [P] queryCorpLookupIfNecessary - query for knox took 0 ms elapsed
10-03 15:33:49.799 25489 25489 I SCallUI : ContactRepository - query: onComplete, cursor is empty, uri: XXX, timeMillis:5
10-03 15:33:49.799 25489 25489 I SCallUI : ContactRepository - putIntoCache : []
10-03 15:33:49.799 25489 25618 I SCallUI : TelephonyManagerModelImpl - formatNumber(before): +**********5, countryIso: US
10-03 15:33:49.799 25489 25489 I SCallUI : BixbyTextCallConfig@112845356 - getBixbyTextCallLocaleFromSetting locale: 
10-03 15:33:49.799 25489 25489 I SCallUI : BixbyTextCallConfig@112845356 - getDefaultLocaleFromFeature getDefaultLocale: en-US
10-03 15:33:49.799 25489 25489 W TextToSpeech: isLanguageAvailable failed: not bound to TTS engine
10-03 15:33:49.799 25489 25489 I SCallUI : BixbyTextCallConfig@112845356 - isTtsLanguageAvailable (-2 is LANG_NOT_SUPPORTED): -2
10-03 15:33:49.799 25489 25489 I SCallUI : BixbyTextCallConfig@112845356 - getLanguagePackageName com.samsung.android.bixby.ondevice.enus
10-03 15:33:49.799 25489 25489 I SCallUI : BixbyTextCallConfig@112845356 - isSttTtsLanguageAvailable - false, TTS Language is not available, state: UNAVAILABLE, timeMillis:0
10-03 15:33:49.799 25489 25489 I SCallUI : BixbyTextCallConfig@112845356 - handleMessage - ON_UPDATE_BIXBY_TEXT_CALL_CONFIG_STATUS - update, UNAVAILABLE, TtsLanguageState: UNAVAILABLE, isSttTtsLanguageAvailable: false
10-03 15:33:49.799 25489 25489 I SCallUI : BixbyTextCallConfig@112845356 - handleMessage, after set value - UNAVAILABLE
10-03 15:33:49.799 25489 25489 I SCallUI : BluetoothMcfManager - McfAdapterListener : onServiceConnected - Ready
10-03 15:33:49.799 25489 25489 I CapabilityManager[1] this: com.sec.ims.options.CapabilityManager@d844fa3: Connected to CapabilityDiscoveryService.
10-03 15:33:49.799 25489 25489 I SCallUI : RcsCapabilityModel@1(NONE) - RcsFlow: CapabilityManager.ConnectionListener -  onConnected
10-03 15:33:49.799 25489 25489 I SCallUI : RcsCapabilityModel@1(NONE) - RcsFlow: setCapabilityManagerConnectionState, 226774947
10-03 15:33:49.799 25489 25489 I CapabilityManager[1] this: com.sec.ims.options.CapabilityManager@d844fa3: registerListener: listener = y6.f@31a68cc
10-03 15:33:49.799 25489 25618 I SCallUI : TelephonyManagerModelImpl - formatNumber(after): +*************5
10-03 15:33:49.800  6550 25386 I CapabilityServiceEventListener<1>: registerListener: com.sec.ims.options.ICapabilityServiceEventListener$Stub$Proxy@c8dc579
10-03 15:33:49.800  1452  1452 W keymint_tee: [WRN]begin req PARAMS: A32, BM2, PD64, 
10-03 15:33:49.800 25489 25489 I SCallUI : RcsCapabilityModel@1(NONE) - RcsFlow: startUpdatingOwnCapabilities - setCapabilityManagerConnectionState
10-03 15:33:49.800 25489 25489 I SCallUI : DisplayProfileCardContentExecutorImpl - executeDisplayPrimaryProfileCardContent: null
10-03 15:33:49.800 25489 25489 I SCallUI : DisplayProfileCardContentExecutorImpl - getCurrentVideoContentSurface: full screen
10-03 15:33:49.800 25489 25489 I SCallUI : DisplayProfileCardContentExecutorImpl - setVideoContentSurface: null
10-03 15:33:49.800  6550 25386 I RcsUtils: isDualRcsReg: true
10-03 15:33:49.800 25489 25489 I SCallUI : ProfileCardPlayer - setVideoContentSurface: skip
10-03 15:33:49.800 25489 25489 I SCallUI : DisplayProfileCardContentExecutorImpl - executeUpdateProfileCardContent: ProfileCardContentData{ mContentType : NONE, mContentSize : null, mContentUri : null, mOriginalContentUri : null, mImageBitmap : null, mIsScaledContent : false, mCallStateIds : NOT_DEFINED, mIsVideoRendering : false, mIsProfileCardSoundEnabled : false, mIsCaptureSuccess : false, mSquareCropRect : null, mThumbnailBlob : null, mGradientAngle : 0, mFilterName : null, mFilterColor : 0, mFontFace : null, mFontWeight : 0, mNameColor : [] }
10-03 15:33:49.800 25489 28847 I SCallUI : ContactRepository - query: start
10-03 15:33:49.800  6550 25386 I CapabilityUpdate<1>: updateOwnCapabilities: isConfiguredOnCapability is true, features from all module is 8100008838b4
10-03 15:33:49.800 25489 25489 I SCallUI : CallBackgroundHelper - profileCardContentObserver: ProfileCardContentData{ mContentType : NONE, mContentSize : null, mContentUri : null, mOriginalContentUri : null, mImageBitmap : null, mIsScaledContent : false, mCallStateIds : NOT_DEFINED, mIsVideoRendering : false, mIsProfileCardSoundEnabled : false, mIsCaptureSuccess : false, mSquareCropRect : null, mThumbnailBlob : null, mGradientAngle : 0, mFilterName : null, mFilterColor : 0, mFontFace : null, mFontWeight : 0, mNameColor : [] }
10-03 15:33:49.800 25489 25489 I SCallUI : BluetoothMcfManager - onMcfAdapterServiceStateChanged, 1, isBleScanning: false
10-03 15:33:49.800 25489 25489 I [MCFSDK_incallui_1.1.5]_39_g: open - 
10-03 15:33:49.800  6550 25386 I RegiMgr<1>: getServiceForNetwork: network 20
10-03 15:33:49.800  6550 25386 I RegiMgr<1>: getServiceForNetwork: service {presence, chatbot-communication, ft_http, ft, im, euc, gls, slm, mmtel, smsip, mmtel-video, mmtel-call-composer}
10-03 15:33:49.800 25489 25489 I [MCFSDK_incallui_1.1.5]_McfAdapter: getBleAdapter  -  g [#0x27, qd.a@1eb45b8]
10-03 15:33:49.800  7821  7821 I [MCFServer]_McfMainController: updateStandAloneBleMode - isStandAloneBleMode/SubscriberCallbacks.size()/CasterCallbacks.size()/BleAdapterCallbacks.size() = (true/1/0/2)
10-03 15:33:49.800  7821  7821 I [MCFServer]_McfMainController: registerCallback - create BA - appId=39/2
10-03 15:33:49.800  7821  7821 I [MCFServer]_BleAdapterManager: start - already started
10-03 15:33:49.800 25489 25489 I SCallUI : BluetoothMcfManager - connectProxy - connectService
10-03 15:33:49.801 25489 25489 I SCallUI : DisplayCallerInfoExecutor@CallerInfoDataHelper - getCallerInfoDataForFormatting
10-03 15:33:49.801 25489 25489 I CapabilityListener: onOwnCapabilitiesChanged: listener = y6.f@31a68cc
10-03 15:33:49.801 25489 25489 I SCallUI : RcsCapabilityModel@1(NONE) - RcsFlow: startUpdatingOwnCapabilities - onOwnCapabilitiesChanged
10-03 15:33:49.801 25489 25489 I SCallUI : CallBgContentRepository - putIntoCache : T2.e@3ea7501
10-03 15:33:49.801 25489 25489 I SCallUI : BluetoothMcfManager - connectProxy - BluetoothProfileServiceListener:onServiceConnected, BluetoothHeadset: android.bluetooth.BluetoothHeadset@3bc5ef6
10-03 15:33:49.801 25489 25489 I SCallUI : BluetoothMcfManager - startBleScan - failure, BluetoothCallHelper is not ready
10-03 15:33:49.801  6550  6613 I RcsUtils: isDualRcsReg: true
10-03 15:33:49.801  6550  6613 I CapabilityUpdate<1>: updateOwnCapabilities: isConfiguredOnCapability is true, features from all module is 8100008838b4
10-03 15:33:49.801 25489 25489 I SCallUI : DisplayCallBgContentExecutorImpl - executeDisplayPrimaryCallBgContent: null
10-03 15:33:49.801 25489 25489 I SCallUI : DisplayCallBgContentExecutorImpl - getCurrentVideoContentSurface: full screen
10-03 15:33:49.801 25489 25489 I SCallUI : DisplayCallBgContentExecutorImpl - setVideoContentSurface: null
10-03 15:33:49.801 25489 25489 I SCallUI : PrimaryCallBgPlayer - setVideoContentSurface: skip
10-03 15:33:49.801  6550  6613 I RegiMgr<1>: getServiceForNetwork: network 20
10-03 15:33:49.801 25489 25489 I SCallUI : SecondaryCallBgPlayer - setVideoContentSurface: skip
10-03 15:33:49.801 25489 25489 I SCallUI : AccountRepository - - phoneId(cached): 1, phoneAccountHandle: XXX
10-03 15:33:49.801  6550  6613 I RegiMgr<1>: getServiceForNetwork: service {presence, chatbot-communication, ft_http, ft, im, euc, gls, slm, mmtel, smsip, mmtel-video, mmtel-call-composer}
10-03 15:33:49.801 25489 25489 I SCallUI : DisplayCallBgContentExecutorImpl - getCallBgGradientTypeFromSettingDB: 1
10-03 15:33:49.801 25489 25489 I SCallUI : AccountRepository - - phoneId(cached): 1, phoneAccountHandle: XXX
10-03 15:33:49.801 25489 25489 I SCallUI : DisplayCallBgContentExecutorImpl - executeUpdateCallBgContent: CallBgContentData{ mContentType : NONE, mContentUri : null, mContentSize : null, mImageBitmap : null, mIsScaledContent : false, mIsPresetContent : false, mIsFeaturedContent : false, mCallStateIds : NOT_DEFINED, mIsVideoRendering : false, mIsCallBgSoundEnabled : false, mIsCaptureSuccess : false, mScaleX : -1.0, mScaleY : -1.0, mPivotXRatio : -1.0, mPivotYRatio : -1.0 }
10-03 15:33:49.801 25489 25489 I SCallUI : CallBackgroundHelper - callBgContentObserver: CallBgContentData{ mContentType : NONE, mContentUri : null, mContentSize : null, mImageBitmap : null, mIsScaledContent : false, mIsPresetContent : false, mIsFeaturedContent : false, mCallStateIds : NOT_DEFINED, mIsVideoRendering : false, mIsCallBgSoundEnabled : false, mIsCaptureSuccess : false, mScaleX : -1.0, mScaleY : -1.0, mPivotXRatio : -1.0, mPivotYRatio : -1.0 }
10-03 15:33:49.801 25489 25489 I SCallUI : CallBackgroundHelper - updateState: NONE -> DEFAULT
10-03 15:33:49.801 25489 25489 I SCallUI : ScreenLauncher - CallUIPerf: @FullScreen: launchFullScreen, CallBgState: DEFAULT, LaunchReason : SCREEN_LAUNCHER
10-03 15:33:49.801 25489 25489 I SCallUI : InCallActivity:Helper - setLaunchDisplayId - Support DesktopMode
10-03 15:33:49.801 25489 25489 I SCallUI : DesktopModeUtils - setLaunchDisplayId, has not desktop windowing or external display.
10-03 15:33:49.801  8424 29157 E KnoxInfoImpl: ERROR | invalid request, isSupportMoveTo
10-03 15:33:49.801 25489 25489 I SCallUI : InCallActivity:Helper - CallUIPerf: @FullScreen: startInCallActivity, LaunchReason :SCREEN_LAUNCHER, isStartActivityNeeded :true, isResumedActivityExist :false, isTopActivity: false, isFreeform: false, hasDesktopWindowing : false, isLinkToWindowsConnected: false, isLaunchSubScreen: false, isLaunchMainScreen: false, needToLaunchByReason: false, targetedDisplayId : -1
10-03 15:33:49.801  8424 29157 W KnoxUtil_CP2: [P] ContactsProvider2.isCallerInfoBrowsingAllow(): isSecureFolderAllowed is false
10-03 15:33:49.801 25489 25489 I SCallUI : InCallActivity:Helper - @FullScreen: getInCallIntent - LaunchReason :SCREEN_LAUNCHER
10-03 15:33:49.801  8424 29157 V KnoxUtil_CP2: [P] isCallerInfoBrowsingAllow or Settings value returns false for personaId=150
10-03 15:33:49.801  8424 29157 I ContactsProvider: [P] queryCorpLookupIfNecessary - query for knox took 0 ms elapsed
10-03 15:33:49.802  6550 25386 I RegiGvnTmo<1>: VOLTE: true, RCS: true, rcs_user_setting: true, Data allowed: true, Default MSG app: false
10-03 15:33:49.802  6550 25386 I ImsProfile: carrierId : XAU isRttSupportByCallApp true
10-03 15:33:49.802  6550 25386 I ImsProfile: ttyType : 3
10-03 15:33:49.802  2810 13226 D ActivityTaskManager: startActivityAsUser: callingPid=25489, callingUid=1001, caller=com.android.server.wm.ActivityTaskManagerService.startActivity:123 android.app.IActivityTaskManager$Stub.onTransact:1493 com.android.server.wm.ActivityTaskManagerService.onTransact:1 android.os.Binder.execTransactInternal:1457 android.os.Binder.execTransact:1401 <bottom of call stack> <bottom of call stack> 
10-03 15:33:49.802  6550 25386 E TelephonyManagerWrapper: backup gid: null
10-03 15:33:49.802  6550 25386 I OmcCode<0>: getOmcCodeByNwPath : TMB
10-03 15:33:49.802  6550 25386 I ImsUtil<1>: checkIR94PolicyForUsDsds: omcCode: TMB, omcNwCode: TMB, counterOmcNwCode: TMB
10-03 15:33:49.802  6550 25386 I ImsUtil<1>: isDualVideoCallAllowed: Check video for IR94Policy: true
10-03 15:33:49.802  6550 25386 I ConfigTrigger<1>: isValidAcsVersion:
10-03 15:33:49.802  1452  1452 D keymint_swd: keymint_swd keymint [WRN] (km_add_tag:528) skip: non repetable tag already exists with different value: 268435458
10-03 15:33:49.802  6240  6240 W KeyguardSecurityViewFlipper: onMeasure: widthSpec MeasureSpec: EXACTLY 1080 should be AT_MOST
10-03 15:33:49.802  8424 29157 E KnoxInfoImpl: ERROR | invalid request, isSupportMoveTo
10-03 15:33:49.802  6240  6240 W KeyguardSecurityViewFlipper: onMeasure: heightSpec MeasureSpec: EXACTLY 2196 should be AT_MOST
10-03 15:33:49.802  6550  6613 I RegiGvnTmo<1>: VOLTE: true, RCS: true, rcs_user_setting: true, Data allowed: true, Default MSG app: false
10-03 15:33:49.802  6550  6613 I ImsProfile: carrierId : XAU isRttSupportByCallApp true
10-03 15:33:49.802  6550  6613 I ImsProfile: ttyType : 3
10-03 15:33:49.802  8424 29157 W KnoxUtil_CP2: [P] ContactsProvider2.isCallerInfoBrowsingAllow(): isSecureFolderAllowed is false
10-03 15:33:49.802  6240  6240 W KeyguardSecurityViewFlipper: onMeasure: widthSpec MeasureSpec: EXACTLY 1080 should be AT_MOST
10-03 15:33:49.802  6240  6240 W KeyguardSecurityViewFlipper: onMeasure: heightSpec MeasureSpec: EXACTLY 2196 should be AT_MOST
10-03 15:33:49.802  6550  6613 E TelephonyManagerWrapper: backup gid: null
10-03 15:33:49.803  8424 29157 V KnoxUtil_CP2: [P] isCallerInfoBrowsingAllow or Settings value returns false for personaId=150
10-03 15:33:49.803  8424 29157 I ContactsProvider: [P] queryCorpLookupIfNecessary - query for knox took 1 ms elapsed
10-03 15:33:49.803  6550  6613 I OmcCode<0>: getOmcCodeByNwPath : TMB
10-03 15:33:49.803  6550  6613 I ImsUtil<1>: checkIR94PolicyForUsDsds: omcCode: TMB, omcNwCode: TMB, counterOmcNwCode: TMB
10-03 15:33:49.803  6550  6613 I ImsUtil<1>: isDualVideoCallAllowed: Check video for IR94Policy: true
10-03 15:33:49.803  6550  6613 I ConfigTrigger<1>: isValidAcsVersion:
10-03 15:33:49.803  6550 25386 I ConfigUtil<1>: getDmaPackage: defaultSmsApp from Telephony: com.google.android.apps.messaging
10-03 15:33:49.803  6550 25386 I ConfigUtil: default sms app:com.google.android.apps.messaging samsungPackage:com.android.mms
10-03 15:33:49.803  6550 25386 I ConfigUtil: isSecDmaPackageInuse : false
10-03 15:33:49.803  6550 25386 I RcsUtils<1>: getDualRcsPolicy: 4
10-03 15:33:49.803  6550 25386 E TelephonyManagerWrapper: backup gid: null
10-03 15:33:49.803  6550 25386 I SimUtil : isCctChaCBRS: result = false
10-03 15:33:49.803  6240  6240 D SecQSCommonTileView: handleStateChanged state.spec = custom(com.sec.unifiedwfc/.ux.quicksettings.WFCQSTileService), parent = LabelTileView{@52be7bd, #7f0a0df0, app:id/tile_label V, label = @52be7bd, #7f0a0df0, app:id/tile_label V, iconFrame = @d7b71b2 V, icon = @bdfd503 V, common = @486cc80}, labelContainer = @2199314, #7f0a0661, app:id/label_group V, label = @52be7bd, #7f0a0df0, app:id/tile_label V, iconFrame = @d7b71b2 V, icon = @bdfd503 V, common = @486cc80
10-03 15:33:49.803  1452  1452 D keymint_swd: keymint_swd keymint [WRN] (swd_run_cb:267) swd_begin() returns 0
10-03 15:33:49.803  1452  1452 D android.hardware.security.keymint-service: begin: ret 0
10-03 15:33:49.803  2810 13226 D ActivityTaskManager: DesktopModeLaunchParamsModifier: task=null activity=null task null, skipping
10-03 15:33:49.803  2810 13226 D ActivityTaskManager: TaskLaunchParamsModifier:task=null activity=null display-from-option=0 display-id=0 task-display-area-windowing-mode=1 suggested-display-area=DefaultTaskDisplayArea_d0@257586459
10-03 15:33:49.803 25489 28862 E [MCFSDK_incallui_1.1.5]_BluetoothBackupDB: retrieveBackupDataFromDB - cursor count: 0, Columns : 15
10-03 15:33:49.803  1449 14971 I keystore2: system/security/keystore2/src/security_level.rs:466 - In create_operation. Success to create IKeystoreOperation. 10116, None
10-03 15:33:49.803  6550  6613 I ConfigUtil<1>: getDmaPackage: defaultSmsApp from Telephony: com.google.android.apps.messaging
10-03 15:33:49.803  8424 29157 E KnoxInfoImpl: ERROR | invalid request, isSupportMoveTo
10-03 15:33:49.803  6550  6613 I ConfigUtil: default sms app:com.google.android.apps.messaging samsungPackage:com.android.mms
10-03 15:33:49.803  6550  6613 I ConfigUtil: isSecDmaPackageInuse : false
10-03 15:33:49.803  6550  6613 I RcsUtils<1>: getDualRcsPolicy: 4
10-03 15:33:49.803  6550  6613 E TelephonyManagerWrapper: backup gid: null
10-03 15:33:49.803  8424 29157 W KnoxUtil_CP2: [P] ContactsProvider2.isCallerInfoBrowsingAllow(): isSecureFolderAllowed is false
10-03 15:33:49.803  6550  6613 I SimUtil : isCctChaCBRS: result = false
10-03 15:33:49.804  8424 29157 V KnoxUtil_CP2: [P] isCallerInfoBrowsingAllow or Settings value returns false for personaId=150
10-03 15:33:49.804  1452  1452 D keymint_swd: keymint_swd keymint [WRN] (swd_run_cb:267) swd_update() returns 0
10-03 15:33:49.804  1452  1452 D android.hardware.security.keymint-service: update: ret 0
10-03 15:33:49.804  8424 29157 I ContactsProvider: [P] queryCorpLookupIfNecessary - query for knox took 1 ms elapsed
10-03 15:33:49.804  6550 25386 I ConfigUtil<1>: getDmaPackage: defaultSmsApp from Telephony: com.google.android.apps.messaging
10-03 15:33:49.804  6550 25386 I ConfigUtil: default sms app:com.google.android.apps.messaging samsungPackage:com.android.mms
10-03 15:33:49.804  6550 25386 I ConfigUtil: isSecDmaPackageInuse : false
10-03 15:33:49.804  6550 25386 I RcsUtils<1>: getDualRcsPolicy: 4
10-03 15:33:49.804  2810 13226 D WindowManager: Transition is created, t=TransitionRecord{5f093b5 id=-1 type=OPEN flags=0x0}, caller=com.android.server.wm.Transition.<init>:182 com.android.server.wm.TransitionController.createAndStartCollecting:106 com.android.server.wm.ActivityStarter.executeRequest:3606 com.android.server.wm.ActivityStarter.execute:1752 com.android.server.wm.ActivityTaskManagerService.startActivityAsUser:95 
10-03 15:33:49.804  6550 25386 I OmcCode<0>: getOmcCodeByNwPath : TMB
10-03 15:33:49.804  6550 25386 I DualRcsPolicyType<1>: omcCode: TMB, omcNwCode: TMB, counterOmcNwCode: TMB
10-03 15:33:49.804  2810 13226 D BLASTSyncEngine: SyncGroup is created, id=168, name=Transition-OPEN, caller=com.android.server.wm.BLASTSyncEngine$SyncGroup.<init>:52 com.android.server.wm.TransitionController.moveToCollecting:79 com.android.server.wm.TransitionController.createAndStartCollecting:109 com.android.server.wm.ActivityStarter.executeRequest:3606 com.android.server.wm.ActivityStarter.execute:1752 com.android.server.wm.ActivityTaskManagerService.startActivityAsUser:95 com.android.server.wm.ActivityTaskManagerService.startActivity:123 
10-03 15:33:49.804  2810 13226 W BLASTSyncEngine: setSyncMethod, id=168, method=0, caller=com.android.server.wm.TransitionController.moveToCollecting:91 com.android.server.wm.TransitionController.createAndStartCollecting:109 com.android.server.wm.ActivityStarter.executeRequest:3606 
10-03 15:33:49.804  2810 13226 V WindowManager: Start collecting in Transition: TransitionRecord{5f093b5 id=168 type=OPEN flags=0x0}, caller=com.android.server.wm.TransitionController.createAndStartCollecting:109 com.android.server.wm.ActivityStarter.executeRequest:3606 com.android.server.wm.ActivityStarter.execute:1752 com.android.server.wm.ActivityTaskManagerService.startActivityAsUser:95 com.android.server.wm.ActivityTaskManagerService.startActivity:123 
10-03 15:33:49.804  2810 13226 V WindowManager: Collecting in transition 168: ActivityRecord{124664394 u0 com.samsung.android.incallui/com.android.incallui.call.InCallActivity, caller=com.android.server.wm.TransitionController.collect:7 com.android.server.wm.ActivityStarter.startActivityUnchecked:98 com.android.server.wm.ActivityStarter.executeRequest:3651 com.android.server.wm.ActivityStarter.execute:1752 com.android.server.wm.ActivityTaskManagerService.startActivityAsUser:95 
10-03 15:33:49.804  2810 13226 D ActivityTaskManager: DesktopModeLaunchParamsModifier: task=null activity=ActivityRecord{124664394 u0 com.samsung.android.incallui/com.android.incallui.call.InCallActivity t-1} task null, skipping
10-03 15:33:49.804  2810 13226 D ActivityTaskManager: TaskLaunchParamsModifier:task=null activity=ActivityRecord{124664394 u0 com.samsung.android.incallui/com.android.incallui.call.InCallActivity t-1} display-from-option=0 display-id=0 task-display-area-windowing-mode=1 suggested-display-area=DefaultTaskDisplayArea_d0@257586459
10-03 15:33:49.804  6550 25386 I ConfigProvider: query uri:xxxxx
10-03 15:33:49.804  2810 13226 D ActivityTaskManager: DesktopModeLaunchParamsModifier: task=null activity=ActivityRecord{124664394 u0 com.samsung.android.incallui/com.android.incallui.call.InCallActivity t-1} task null, skipping
10-03 15:33:49.804  6550  6613 I ConfigUtil<1>: getDmaPackage: defaultSmsApp from Telephony: com.google.android.apps.messaging
10-03 15:33:49.804  6550  6613 I ConfigUtil: default sms app:com.google.android.apps.messaging samsungPackage:com.android.mms
10-03 15:33:49.804  6550  6613 I ConfigUtil: isSecDmaPackageInuse : false
10-03 15:33:49.804  6550  6613 I RcsUtils<1>: getDualRcsPolicy: 4
10-03 15:33:49.804  2810 13226 D ActivityTaskManager: TaskLaunchParamsModifier:task=null activity=ActivityRecord{124664394 u0 com.samsung.android.incallui/com.android.incallui.call.InCallActivity t-1} display-from-option=0 display-id=0 task-display-area-windowing-mode=1 suggested-display-area=DefaultTaskDisplayArea_d0@257586459 non-freeform-task-display-area display-area=DefaultTaskDisplayArea_d0@257586459 default-portrait freeform-size-mismatch=Rect(81, 558 - 999, 1728)
10-03 15:33:49.804  6550  6613 I OmcCode<0>: getOmcCodeByNwPath : TMB
10-03 15:33:49.804  6550  6613 I DualRcsPolicyType<1>: omcCode: TMB, omcNwCode: TMB, counterOmcNwCode: TMB
10-03 15:33:49.804  2810 13226 D ActivityTaskManager: Temporarily retain top process state for launching app
10-03 15:33:49.804  1452  1452 D keymint_swd: keymint_swd keymint [WRN] (swd_run_cb:267) swd_finish() returns 0
10-03 15:33:49.804  1452  1452 D android.hardware.security.keymint-service: finish: ret 0
10-03 15:33:49.804  6550  6613 I ConfigProvider: query uri:xxxxx
10-03 15:33:49.805  6550 25386 I ConfigProvider: queryStorage path content://com.samsung.rcs.autoconfigurationprovider/parameter/version#simslot1
10-03 15:33:49.805 13108 13614 I SamsungAccount: [ValidationUtil] Validation Process is completed true
10-03 15:33:49.805  2312  2768 I SurfaceFlinger: id=2904 createSurf, flag=24004, Task=506#2904
10-03 15:33:49.805 13108 13614 I SamsungAccount: [AccessTokenRunnable] [InAIDL-AccessTokenRunnable] AccessToken reuse. runProcess end. Package = android.incallui.
10-03 15:33:49.805  6550  6613 I ConfigProvider: queryStorage path content://com.samsung.rcs.autoconfigurationprovider/parameter/version#simslot1
10-03 15:33:49.805 13108 13614 I SamsungAccount: [CallbackInfo] [InAIDL-CallbackManager] setRunningRequestType :0
10-03 15:33:49.805 13108 13614 I SamsungAccount: [AccessTokenRunnable] [InAIDL-AccessTokenRunnable] onProcessFinished. Package = android.incallui.
10-03 15:33:49.805 25489 28862 I [MCFSDK_incallui_1.1.5]_BluetoothBackupDB: retrieveBackupDataFromDB -  query restored device
10-03 15:33:49.805  2810  7143 D SecContentProvider2: query(), uri = 18 selection = isRCSEnabled
10-03 15:33:49.805  2810 12245 D SecContentProvider2: query(), uri = 18 selection = isRCSEnabled
10-03 15:33:49.805  2810 12245 I PhoneRestrictionPolicy: isRCSEnabledInternal(), showMsg: false, columnName: enableRCS
10-03 15:33:49.805  2810  7143 I PhoneRestrictionPolicy: isRCSEnabledInternal(), showMsg: false, columnName: enableRCS
10-03 15:33:49.805 13108 13614 I SamsungAccount: [DeviceManager] salesCode : TMB
10-03 15:33:49.805 13108 13614 I SamsungAccount: [DeviceManager] isNewLduProdCode : false
10-03 15:33:49.805 13108 13614 I SamsungAccount: [CountryCodeUtil] isChinaCountryCode : false
10-03 15:33:49.805 13108 13614 I SamsungAccount: [AccessTokenRunnable] [InAIDL-AccessTokenRunnable] checkAccessTokenAndRefreshToken. Package = android.incallui.
10-03 15:33:49.805 13108 13614 I SamsungAccount: [AccessTokenRunnable] [InAIDL-AccessTokenRunnable] handleProcessSuccessResult start. Package = android.incallui.
10-03 15:33:49.805 13108 13614 I SamsungAccount: [AccessTokenRunnable] [InAIDL-AccessTokenRunnable] setAdditionalInfo start. [user_id] Package = android.incallui.
10-03 15:33:49.805 13108 13614 I SamsungAccount: [AccessTokenRunnable] [InAIDL-AccessTokenRunnable] setAdditionalInfo finish. Package = android.incallui.
10-03 15:33:49.805  2810  7143 E PhoneRestrictionPolicy: getEmergencyCall >>false
10-03 15:33:49.805  2810 12245 E PhoneRestrictionPolicy: getEmergencyCall >>false
10-03 15:33:49.805  2810  7143 I PhoneRestrictionPolicy: isRCSEnabledInternal(), showMsg: false, columnName: enableRCSForSimSlot1
10-03 15:33:49.805  2810 12245 I PhoneRestrictionPolicy: isRCSEnabledInternal(), showMsg: false, columnName: enableRCSForSimSlot1
10-03 15:33:49.805 25489 25498 I SCallUI : SamsungAccountRepository - onReceiveAccessToken, userId: XXX, accessToken: XXX
10-03 15:33:49.805  2810  7143 E PhoneRestrictionPolicy: getEmergencyCall >>false
10-03 15:33:49.805  2810 13226 D ActivityTaskManager: Top Process State changed to PROCESS_STATE_TOP_SLEEPING#2
10-03 15:33:49.805  2810 12245 E PhoneRestrictionPolicy: getEmergencyCall >>false
