--------- beginning of system
10-03 15:33:45.104  6293  6293 I wpa_supplicant: Heartbeat 3698
--------- beginning of main
10-03 15:33:45.544 28685 28685 D SemCscFeature: Encoded
10-03 15:33:45.546 28685 28685 E AccessibilityNodeInfoDumper: failed to dump window to file
10-03 15:33:45.546 28685 28685 E AccessibilityNodeInfoDumper: java.io.FileNotFoundException: /dev/stdout: open failed: ENXIO (No such device or address)
10-03 15:33:45.546 28685 28685 E AccessibilityNodeInfoDumper: 	at libcore.io.IoBridge.open(IoBridge.java:574)
10-03 15:33:45.546 28685 28685 E AccessibilityNodeInfoDumper: 	at java.io.FileOutputStream.<init>(FileOutputStream.java:259)
10-03 15:33:45.546 28685 28685 E AccessibilityNodeInfoDumper: 	at java.io.FileOutputStream.<init>(FileOutputStream.java:208)
10-03 15:33:45.546 28685 28685 E AccessibilityNodeInfoDumper: 	at java.io.FileWriter.<init>(FileWriter.java:96)
10-03 15:33:45.546 28685 28685 E AccessibilityNodeInfoDumper: 	at com.android.uiautomator.core.AccessibilityNodeInfoDumper.dumpWindowToFile(AccessibilityNodeInfoDumper.java:89)
10-03 15:33:45.546 28685 28685 E AccessibilityNodeInfoDumper: 	at com.android.commands.uiautomator.DumpCommand.run(DumpCommand.java:111)
10-03 15:33:45.546 28685 28685 E AccessibilityNodeInfoDumper: 	at com.android.commands.uiautomator.Launcher.main(Launcher.java:83)
10-03 15:33:45.546 28685 28685 E AccessibilityNodeInfoDumper: 	at com.android.internal.os.RuntimeInit.nativeFinishInit(Native Method)
10-03 15:33:45.546 28685 28685 E AccessibilityNodeInfoDumper: 	at com.android.internal.os.RuntimeInit.main(RuntimeInit.java:410)
10-03 15:33:45.546 28685 28685 E AccessibilityNodeInfoDumper: Caused by: android.system.ErrnoException: open failed: ENXIO (No such device or address)
10-03 15:33:45.546 28685 28685 E AccessibilityNodeInfoDumper: 	at libcore.io.Linux.open(Native Method)
10-03 15:33:45.546 28685 28685 E AccessibilityNodeInfoDumper: 	at libcore.io.ForwardingOs.open(ForwardingOs.java:568)
10-03 15:33:45.546 28685 28685 E AccessibilityNodeInfoDumper: 	at libcore.io.BlockGuardOs.open(BlockGuardOs.java:274)
10-03 15:33:45.546 28685 28685 E AccessibilityNodeInfoDumper: 	at libcore.io.IoBridge.open(IoBridge.java:560)
10-03 15:33:45.546 28685 28685 E AccessibilityNodeInfoDumper: 	... 8 more
10-03 15:33:45.546 28685 28685 W AccessibilityNodeInfoDumper: Fetch time: 0ms
10-03 15:33:45.547  2810 12245 V AccessibilityManagerService: onUserStateChangedLocked for userId: 0, forceUpdate: false
10-03 15:33:45.547  2810 12245 D KNOX_MDM_SettingsProvider: isChangeAllowed() : name = accessibility_enabled
10-03 15:33:45.547  2810 12245 D SettingsProvider: PUT_ret(/secure/accessibility_enabled), callingPackage:android
10-03 15:33:45.548  2810 12245 D MagnificationConnectionManager: requestConnection :false mConnectionState : 3
10-03 15:33:45.548  2810 12245 W MagnificationConnectionManager: requestConnection duplicated request: connect=false, mConnectionState=DISCONNECTED
10-03 15:33:45.548  2810 12245 D AccessibilityManagerService: restoreCurrentUserForTestAutomationIfNeededLocked(): ignoring because device doesn't support visible background users
10-03 15:33:45.548  2810  2810 W IPCThreadState: Sending oneway calls to frozen process.
10-03 15:33:45.548  2810  2886 D KNOX_MDM_SettingsProvider: isChangeAllowed() : name = accelerometer_rotation
10-03 15:33:45.548  2810  2886 D KNOX_MDM_SettingsProvider: isChangeAllowed() : name = user_rotation
10-03 15:33:45.549  2810  2810 W IPCThreadState: Sending oneway calls to frozen process.
10-03 15:33:45.549  2012  2012 I SAMSUNGWALLET: [SamsungPayBaseApplicationHelper] Screen reader is disabled
10-03 15:33:45.549  2810  2886 V WindowManager: Computed rotation=ROTATION_0 (0) for display id=0 based on lastOrientation=SCREEN_ORIENTATION_NOSENSOR (5) and oldRotation=ROTATION_0 (0), caller=com.android.server.wm.WindowManagerService.updateRotationUnchecked:72 com.android.server.wm.WindowManagerService.thawDisplayRotation:113 com.android.server.wm.WindowManagerService.thawRotation:2 android.view.IWindowManager$Stub.onTransact:3013 com.android.server.wm.WindowManagerService.onTransact:1 android.os.Binder.execTransactInternal:1457 
10-03 15:33:45.549  6717  7426 I HoneySpace.GlobalSettingDataSourceImpl: Setting accessibility_enabled changed to 0
10-03 15:33:45.550 28685 28685 D AndroidRuntime: Shutting down VM
10-03 15:33:45.550 28685 28695 W IPCThreadState: call to talkWithDriver in joinThreadPool returned error: -9 (Bad file descriptor), FD: -1
10-03 15:33:45.550 28685 28694 W IPCThreadState: call to talkWithDriver in joinThreadPool returned error: -9 (Bad file descriptor), FD: -1
10-03 15:33:45.551  2810  2810 W IPCThreadState: Sending oneway calls to frozen process.
10-03 15:33:45.551  2810 13226 W WindowManager: Cannot find window which accessibility connection is added to
10-03 15:33:45.551  2810  2810 D BatterySaverPolicy: accessibility changed to false, updating policy.
10-03 15:33:45.552  2810  7143 W WindowManager: Cannot find window which accessibility connection is added to
10-03 15:33:45.570  2312  2312 I SurfaceFlinger: [LayerHierarchy{RequestedLayerState{WindowToken{82c431d type=2032 android.os.Binder@d7ebff4}#2902 z=1} no children}] reparent to OffscreenRoot
10-03 15:33:45.570  2312  2312 I SurfaceFlinger: [LayerHierarchy{RequestedLayerState{WindowToken{82c431d type=2032 android.os.Binder@d7ebff4}#2902 z=1} no children}] RelativeParent to null
10-03 15:33:45.570  2312  2312 I SurfaceFlinger: id=2902 Removed WindowToken{82c431d type=2032 android.os.Binder@d7ebff4}#2902 (139)
10-03 15:33:45.587  2312  2312 I SurfaceFlinger: destroyed WindowToken{82c431d type=2032 android.os.Binder@d7ebff4}#2902 form LifecycleManager
10-03 15:33:45.587  2312  2312 I SurfaceFlinger: id=2902 onLayerDestroyed from LayerHierarchyBuilder(RequestedLayerState{WindowToken{82c431d type=2032 android.os.Binder@d7ebff4}#2902 !handle z=1})
10-03 15:33:45.587  2312  2312 I Layer   : id=2902 Destroyed WindowToken{82c431d type=2032 android.os.Binder@d7ebff4}#2902
10-03 15:33:45.612 28701 28701 D AndroidRuntime: >>>>>> START com.android.internal.os.RuntimeInit uid 2000 <<<<<<
10-03 15:33:45.617 28701 28701 I AndroidRuntime: Using default boot image
10-03 15:33:45.617 28701 28701 I AndroidRuntime: Leaving lock profiling enabled
10-03 15:33:45.619 28701 28701 I app_process: Using CollectorTypeCMC GC.
10-03 15:33:45.686 28701 28701 D nativeloader: InitDefaultPublicLibraries for_preload=1: libandroid.so:libaaudio.so:libamidi.so:libbinder_ndk.so:libc.so:libcamera2ndk.so:libdl.so:libEGL.so:libGLESv1_CM.so:libGLESv2.so:libGLESv3.so:libicu.so:libicui18n.so:libicuuc.so:libjnigraphics.so:liblog.so:libmediandk.so:libm.so:libnativehelper.so:libnativewindow.so:libOpenMAXAL.so:libOpenSLES.so:libRS.so:libstdc++.so:libsync.so:libvulkan.so:libwebviewchromium_plat_support.so:libz.so
10-03 15:33:45.696 28701 28701 D nativeloader: Load libicu_jni.so using APEX ns com_android_art for caller /apex/com.android.art/javalib/core-oj.jar: ok
10-03 15:33:45.696 28701 28701 D app_process: u_setTimeZoneFilesDirectory("/apex/com.android.tzdata/etc/tz/versioned/9/icu") succeeded. 
10-03 15:33:45.696 28701 28701 D app_process: I18n APEX ICU file found: /apex/com.android.i18n/etc/icu/icudt76l.dat
10-03 15:33:45.697 28701 28701 D nativeloader: Load libjavacore.so using APEX ns com_android_art for caller /apex/com.android.art/javalib/core-oj.jar: ok
10-03 15:33:45.697 28701 28701 D nativeloader: Load libopenjdk.so using APEX ns com_android_art for caller /apex/com.android.art/javalib/core-oj.jar: ok
10-03 15:33:45.707  2232  2317 E HeatmapThread: ECT Thread time in milliseconds: 1759523625
10-03 15:33:45.709  2232  2317 D HeatmapThread: !@ batteryplugType : 1
10-03 15:33:45.709  2232  2317 D HeatmapThread: !@ batteryLevel : 100  batteryTemperature : 287 
10-03 15:33:45.709  2232  2317 D HeatmapThread: !@ Heatmap currtime: 29325393
10-03 15:33:45.709  2232  2317 D HeatmapThread: !@ Heatmap prevtime: 29325371
10-03 15:33:45.709  2232  2317 D HeatmapThread: !@ Heatmap plugstarttime: 29325307
10-03 15:33:45.709  2232  2317 D HeatmapThread: !@ Heatmap prevv_dsoh_update_time: 29325367
10-03 15:33:45.709  2232  2317 E HeatmapThread: !@ CAM New BSOH: 100
10-03 15:33:45.709  2232  2317 E HeatmapThread: !@ CAM is Working
10-03 15:33:45.710 28701 28701 E SemDvfsManager_JNI: SemDvfsManager: registerfunction enter
10-03 15:33:45.711 28701 28701 E SemAffinityControl: SemAffinityControl: registerfunction enter
10-03 15:33:45.719 28701 28701 D nativeloader: Load libframework-connectivity-tiramisu-jni.so using APEX ns com_android_tethering for caller /apex/com.android.tethering/javalib/framework-connectivity-t.jar: ok
10-03 15:33:45.720 28701 28701 D AndroidRuntime: Calling main entry com.android.commands.content.Content
10-03 15:33:45.720 28701 28711 W IPCThreadState: call to talkWithDriver in joinThreadPool returned error: -9 (Bad file descriptor), FD: -1
10-03 15:33:45.720 28701 28712 W IPCThreadState: call to talkWithDriver in joinThreadPool returned error: -9 (Bad file descriptor), FD: -1
10-03 15:33:45.720 28701 28701 D AndroidRuntime: Shutting down VM
10-03 15:33:46.024  1359  1359 D io_stats: !@   8,0 r 1892382 88534132 w 771868 50874052 d 134319 39656064 f 37203 96656 iot 333260 0 th 0 0 0 pt 0 inp 0 0 17559.926
10-03 15:33:46.024  1359  1359 D io_stats: !@ Write_top(KB): system_server:normal(2810) 208 kworker/u17:3:/(16303) 48
10-03 15:33:46.496 28713 28713 D AndroidRuntime: >>>>>> START com.android.internal.os.RuntimeInit uid 2000 <<<<<<
10-03 15:33:46.501 28713 28713 I AndroidRuntime: Using default boot image
10-03 15:33:46.501 28713 28713 I AndroidRuntime: Leaving lock profiling enabled
10-03 15:33:46.503 28713 28713 I app_process: Using CollectorTypeCMC GC.
10-03 15:33:46.567 28713 28713 D nativeloader: InitDefaultPublicLibraries for_preload=1: libandroid.so:libaaudio.so:libamidi.so:libbinder_ndk.so:libc.so:libcamera2ndk.so:libdl.so:libEGL.so:libGLESv1_CM.so:libGLESv2.so:libGLESv3.so:libicu.so:libicui18n.so:libicuuc.so:libjnigraphics.so:liblog.so:libmediandk.so:libm.so:libnativehelper.so:libnativewindow.so:libOpenMAXAL.so:libOpenSLES.so:libRS.so:libstdc++.so:libsync.so:libvulkan.so:libwebviewchromium_plat_support.so:libz.so
10-03 15:33:46.577 28713 28713 D nativeloader: Load libicu_jni.so using APEX ns com_android_art for caller /apex/com.android.art/javalib/core-oj.jar: ok
10-03 15:33:46.577 28713 28713 D app_process: u_setTimeZoneFilesDirectory("/apex/com.android.tzdata/etc/tz/versioned/9/icu") succeeded. 
10-03 15:33:46.577 28713 28713 D app_process: I18n APEX ICU file found: /apex/com.android.i18n/etc/icu/icudt76l.dat
10-03 15:33:46.578 28713 28713 D nativeloader: Load libjavacore.so using APEX ns com_android_art for caller /apex/com.android.art/javalib/core-oj.jar: ok
10-03 15:33:46.578 28713 28713 D nativeloader: Load libopenjdk.so using APEX ns com_android_art for caller /apex/com.android.art/javalib/core-oj.jar: ok
10-03 15:33:46.591 28713 28713 E SemDvfsManager_JNI: SemDvfsManager: registerfunction enter
10-03 15:33:46.591 28713 28713 E SemAffinityControl: SemAffinityControl: registerfunction enter
10-03 15:33:46.600 28713 28713 D nativeloader: Load libframework-connectivity-tiramisu-jni.so using APEX ns com_android_tethering for caller /apex/com.android.tethering/javalib/framework-connectivity-t.jar: ok
10-03 15:33:46.600 28713 28713 D AndroidRuntime: Calling main entry com.android.commands.content.Content
10-03 15:33:46.601 28713 28722 W IPCThreadState: call to talkWithDriver in joinThreadPool returned error: -9 (Bad file descriptor), FD: -1
10-03 15:33:46.601 28713 28723 W IPCThreadState: call to talkWithDriver in joinThreadPool returned error: -9 (Bad file descriptor), FD: -1
10-03 15:33:46.601 28713 28713 D AndroidRuntime: Shutting down VM
10-03 15:33:46.711  2232  2317 E HeatmapThread: ECT Thread time in milliseconds: 1759523626
10-03 15:33:46.714  2232  2317 D HeatmapThread: !@ batteryplugType : 1
10-03 15:33:46.714  2232  2317 D HeatmapThread: !@ batteryLevel : 100  batteryTemperature : 287 
10-03 15:33:46.714  2232  2317 D HeatmapThread: !@ Heatmap currtime: 29325393
10-03 15:33:46.714  2232  2317 D HeatmapThread: !@ Heatmap prevtime: 29325371
10-03 15:33:46.715  2232  2317 D HeatmapThread: !@ Heatmap plugstarttime: 29325307
10-03 15:33:46.715  2232  2317 D HeatmapThread: !@ Heatmap prevv_dsoh_update_time: 29325367
10-03 15:33:46.715  2232  2317 E HeatmapThread: !@ CAM New BSOH: 100
10-03 15:33:46.715  2232  2317 E HeatmapThread: !@ CAM is Working
10-03 15:33:46.837  7758  8344 I EPDG -- SIM1 [SMARTWIFI]: isProfiling, hash=98524168, started=true
10-03 15:33:46.838  7758  8344 I EPDG -- SIM1 [SMARTWIFI]: isProfiling, hash=98524168, started=true
10-03 15:33:46.838  7758  8344 I EPDG -- SIM1 [SMARTWIFI]: Rssi : -51 highrange : -71 lowrange : -80 mIsRssiInHystersis : false
10-03 15:33:46.838  7758  8344 I EPDG -- SIM1 [SMARTWIFI]: getHandoverThresholdMet: value is: false
10-03 15:33:47.708  2232  2317 E HeatmapThread: ECT Thread time in milliseconds: 1759523627
10-03 15:33:47.711  2232  2317 D HeatmapThread: !@ batteryplugType : 1
10-03 15:33:47.711  2232  2317 D HeatmapThread: !@ batteryLevel : 100  batteryTemperature : 287 
10-03 15:33:47.711  2232  2317 D HeatmapThread: !@ Heatmap currtime: 29325393
10-03 15:33:47.711  2232  2317 D HeatmapThread: !@ Heatmap prevtime: 29325371
10-03 15:33:47.711  2232  2317 D HeatmapThread: !@ Heatmap plugstarttime: 29325307
10-03 15:33:47.711  2232  2317 D HeatmapThread: !@ Heatmap prevv_dsoh_update_time: 29325367
10-03 15:33:47.711  2232  2317 E HeatmapThread: !@ CAM New BSOH: 100
10-03 15:33:47.711  2232  2317 E HeatmapThread: !@ CAM is Working
10-03 15:33:48.569 28724 28724 D AndroidRuntime: >>>>>> START com.android.internal.os.RuntimeInit uid 2000 <<<<<<
10-03 15:33:48.574 28724 28724 I AndroidRuntime: Using default boot image
10-03 15:33:48.574 28724 28724 I AndroidRuntime: Leaving lock profiling enabled
10-03 15:33:48.576 28724 28724 I app_process: Using CollectorTypeCMC GC.
10-03 15:33:48.640 28724 28724 D nativeloader: InitDefaultPublicLibraries for_preload=1: libandroid.so:libaaudio.so:libamidi.so:libbinder_ndk.so:libc.so:libcamera2ndk.so:libdl.so:libEGL.so:libGLESv1_CM.so:libGLESv2.so:libGLESv3.so:libicu.so:libicui18n.so:libicuuc.so:libjnigraphics.so:liblog.so:libmediandk.so:libm.so:libnativehelper.so:libnativewindow.so:libOpenMAXAL.so:libOpenSLES.so:libRS.so:libstdc++.so:libsync.so:libvulkan.so:libwebviewchromium_plat_support.so:libz.so
10-03 15:33:48.650 28724 28724 D nativeloader: Load libicu_jni.so using APEX ns com_android_art for caller /apex/com.android.art/javalib/core-oj.jar: ok
10-03 15:33:48.650 28724 28724 D app_process: u_setTimeZoneFilesDirectory("/apex/com.android.tzdata/etc/tz/versioned/9/icu") succeeded. 
10-03 15:33:48.650 28724 28724 D app_process: I18n APEX ICU file found: /apex/com.android.i18n/etc/icu/icudt76l.dat
10-03 15:33:48.651 28724 28724 D nativeloader: Load libjavacore.so using APEX ns com_android_art for caller /apex/com.android.art/javalib/core-oj.jar: ok
10-03 15:33:48.652 28724 28724 D nativeloader: Load libopenjdk.so using APEX ns com_android_art for caller /apex/com.android.art/javalib/core-oj.jar: ok
10-03 15:33:48.665 28724 28724 E SemDvfsManager_JNI: SemDvfsManager: registerfunction enter
10-03 15:33:48.666 28724 28724 E SemAffinityControl: SemAffinityControl: registerfunction enter
10-03 15:33:48.674 28724 28724 D nativeloader: Load libframework-connectivity-tiramisu-jni.so using APEX ns com_android_tethering for caller /apex/com.android.tethering/javalib/framework-connectivity-t.jar: ok
10-03 15:33:48.675 28724 28724 D AndroidRuntime: Calling main entry com.android.commands.uiautomator.Launcher
10-03 15:33:48.676 28724 28724 I AconfigPackage: com.android.nfc.flags is mapped to system
10-03 15:33:48.676 28724 28724 I AconfigPackage: android.app.admin.flags is mapped to system
10-03 15:33:48.676 28724 28724 I AconfigPackage: android.database.sqlite is mapped to system
10-03 15:33:48.676 28724 28724 I AconfigPackage: com.android.server.power.feature.flags is mapped to system
10-03 15:33:48.676 28724 28724 I AconfigPackage: com.android.media.performance.flags is mapped to system
10-03 15:33:48.676 28724 28724 I AconfigPackage: android.app.contextualsearch.flags is mapped to system
10-03 15:33:48.676 28724 28724 I AconfigPackage: android.app.ondeviceintelligence.flags is mapped to system
10-03 15:33:48.676 28724 28724 I AconfigPackage: com.android.media.projection.flags is mapped to system
10-03 15:33:48.677 28724 28724 I AconfigPackage: android.companion is mapped to system
10-03 15:33:48.677 28724 28724 I AconfigPackage: android.service.controls.flags is mapped to system
10-03 15:33:48.677 28724 28724 I AconfigPackage: com.android.text.flags is mapped to system
10-03 15:33:48.677 28724 28724 I AconfigPackage: com.android.providers.contactkeys.flags is mapped to system
10-03 15:33:48.677 28724 28724 I AconfigPackage: com.android.intentresolver is mapped to system
10-03 15:33:48.677 28724 28724 I AconfigPackage: android.companion.virtualdevice.flags is mapped to system
10-03 15:33:48.677 28724 28724 I AconfigPackage: android.uprobestats.flags is mapped to system
10-03 15:33:48.677 28724 28724 I AconfigPackage: com.android.net.thread.platform.flags is mapped to system
10-03 15:33:48.677 28724 28724 I AconfigPackage: android.view.contentprotection.flags is mapped to system
10-03 15:33:48.677 28724 28724 I AconfigPackage: com.android.server.dreams is mapped to system
10-03 15:33:48.677 28724 28724 I AconfigPackage: com.android.graphics.surfaceflinger.flags is mapped to system
10-03 15:33:48.677 28724 28724 I AconfigPackage: com.android.hardware.input is mapped to system
10-03 15:33:48.677 28724 28724 I AconfigPackage: android.sdk is mapped to system
10-03 15:33:48.677 28724 28724 I AconfigPackage: com.android.input.flags is mapped to system
10-03 15:33:48.677 28724 28724 I AconfigPackage: android.tracing is mapped to system
10-03 15:33:48.677 28724 28724 I AconfigPackage: com.android.server.biometrics is mapped to system
10-03 15:33:48.677 28724 28724 I AconfigPackage: android.view.contentcapture.flags is mapped to system
10-03 15:33:48.677 28724 28724 I AconfigPackage: android.app.job is mapped to system
10-03 15:33:48.677 28724 28724 I AconfigPackage: android.content.res is mapped to system
10-03 15:33:48.677 28724 28724 I AconfigPackage: android.net.platform.flags is mapped to system
10-03 15:33:48.677 28724 28724 I AconfigPackage: com.android.aconfig.flags is mapped to system
10-03 15:33:48.677 28724 28724 I AconfigPackage: com.android.graphics.flags is mapped to system
10-03 15:33:48.677 28724 28724 I AconfigPackage: android.server.app is mapped to system
10-03 15:33:48.677 28724 28724 I AconfigPackage: android.speech.flags is mapped to system
10-03 15:33:48.677 28724 28724 I AconfigPackage: com.android.server.stats is mapped to system
10-03 15:33:48.677 28724 28724 I AconfigPackage: android.hardware.biometrics is mapped to system
10-03 15:33:48.677 28724 28724 I AconfigPackage: android.car.feature is mapped to system
10-03 15:33:48.677 28724 28724 I AconfigPackage: android.adpf is mapped to system
10-03 15:33:48.677 28724 28724 I AconfigPackage: android.location.flags is mapped to system
10-03 15:33:48.677 28724 28724 I AconfigPackage: com.android.settingslib.flags is mapped to system
10-03 15:33:48.677 28724 28724 I AconfigPackage: com.android.managedprovisioning.flags is mapped to system
10-03 15:33:48.677 28724 28724 I AconfigPackage: android.app.assist.flags is mapped to system
10-03 15:33:48.677 28724 28724 I AconfigPackage: com.android.server.net is mapped to system
10-03 15:33:48.677 28724 28724 I AconfigPackage: com.android.settingslib.widget.flags is mapped to system
10-03 15:33:48.677 28724 28724 I AconfigPackage: com.android.internal.camera.flags is mapped to system
10-03 15:33:48.677 28724 28724 I AconfigPackage: com.android.hardware.libsensor.flags is mapped to system
10-03 15:33:48.677 28724 28724 I AconfigPackage: com.android.internal.jank is mapped to system
10-03 15:33:48.677 28724 28724 I AconfigPackage: com.android.providers.settings is mapped to system
10-03 15:33:48.677 28724 28724 I AconfigPackage: android.multiuser is mapped to system
10-03 15:33:48.677 28724 28724 I AconfigPackage: com.android.server.power.optimization is mapped to system
10-03 15:33:48.677 28724 28724 I AconfigPackage: com.android.calllogbackup is mapped to system
10-03 15:33:48.677 28724 28724 I AconfigPackage: com.android.media.flags is mapped to system
10-03 15:33:48.678 28724 28724 I AconfigPackage: com.android.server.flags is mapped to system
10-03 15:33:48.678 28724 28724 I AconfigPackage: com.android.graphics.libvulkan.flags is mapped to system
10-03 15:33:48.678 28724 28724 I AconfigPackage: android.app.appfunctions.flags is mapped to system
10-03 15:33:48.678 28724 28724 I AconfigPackage: android.app.smartspace.flags is mapped to system
10-03 15:33:48.678 28724 28724 I AconfigPackage: com.android.shell.flags is mapped to system
10-03 15:33:48.678 28724 28724 I AconfigPackage: com.android.media.aaudio is mapped to system
10-03 15:33:48.678 28724 28724 I AconfigPackage: android.hardware.radio is mapped to system
10-03 15:33:48.678 28724 28724 I AconfigPackage: suspend_service.flags is mapped to system
10-03 15:33:48.678 28724 28724 I AconfigPackage: android.media.midi is mapped to system
10-03 15:33:48.678 28724 28724 I AconfigPackage: com.android.libcore.readonly is mapped to system
10-03 15:33:48.678 28724 28724 I AconfigPackage: com.android.settingslib.widget.selectorwithwidgetpreference.flags is mapped to system
10-03 15:33:48.678 28724 28724 I AconfigPackage: android.service.notification is mapped to system
10-03 15:33:48.678 28724 28724 I AconfigPackage: com.android.systemui.shared is mapped to system
10-03 15:33:48.678 28724 28724 I AconfigPackage: android.app.jank is mapped to system
10-03 15:33:48.678 28724 28724 I AconfigPackage: android.app.wearable is mapped to system
10-03 15:33:48.678 28724 28724 I AconfigPackage: com.android.media.audio is mapped to system
10-03 15:33:48.678 28724 28724 I AconfigPackage: android.service.chooser is mapped to system
10-03 15:33:48.678 28724 28724 I AconfigPackage: com.android.server.compat is mapped to system
10-03 15:33:48.678 28724 28724 I AconfigPackage: com.android.server.alarm is mapped to system
10-03 15:33:48.678 28724 28724 I AconfigPackage: com.android.apex.flags is mapped to system
10-03 15:33:48.678 28724 28724 I AconfigPackage: android.service.quickaccesswallet is mapped to system
10-03 15:33:48.678 28724 28724 I AconfigPackage: android.app.usage is mapped to system
10-03 15:33:48.678 28724 28724 I AconfigPackage: com.android.server.accessibility is mapped to system
10-03 15:33:48.678 28724 28724 I AconfigPackage: android.app.supervision.flags is mapped to system
10-03 15:33:48.678 28724 28724 I AconfigPackage: com.android.server.utils is mapped to system
10-03 15:33:48.678 28724 28724 I AconfigPackage: android.chre.flags is mapped to system
10-03 15:33:48.678 28724 28724 I AconfigPackage: android.content.flags is mapped to system
10-03 15:33:48.678 28724 28724 I AconfigPackage: android.media.codec is mapped to system
10-03 15:33:48.678 28724 28724 I AconfigPackage: com.android.internal.os is mapped to system
10-03 15:33:48.678 28724 28724 I AconfigPackage: com.android.nfc.nci.flags is mapped to system
10-03 15:33:48.678 28724 28724 I AconfigPackage: android.app is mapped to system
10-03 15:33:48.678 28724 28724 I AconfigPackage: android.security.keystore2 is mapped to system
10-03 15:33:48.678 28724 28724 I AconfigPackage: com.android.tradeinmode.flags is mapped to system
10-03 15:33:48.678 28724 28724 I AconfigPackage: android.hardware.flags is mapped to system
10-03 15:33:48.678 28724 28724 I AconfigPackage: com.android.server.telecom.flags is mapped to system
10-03 15:33:48.678 28724 28724 I AconfigPackage: com.android.settingslib.media.flags is mapped to system
10-03 15:33:48.678 28724 28724 I AconfigPackage: com.android.server.policy is mapped to system
10-03 15:33:48.678 28724 28724 I AconfigPackage: android.media.audiopolicy is mapped to system
10-03 15:33:48.678 28724 28724 I AconfigPackage: com.android.egg.flags is mapped to system
10-03 15:33:48.678 28724 28724 I AconfigPackage: com.android.internal.compat.flags is mapped to system
10-03 15:33:48.678 28724 28724 I AconfigPackage: android.security is mapped to system
10-03 15:33:48.678 28724 28724 I AconfigPackage: android.service.autofill is mapped to system
10-03 15:33:48.678 28724 28724 I AconfigPackage: com.example.android.aconfig.demo.flags is mapped to system
10-03 15:33:48.678 28724 28724 I AconfigPackage: android.view.flags is mapped to system
10-03 15:33:48.678 28724 28724 I AconfigPackage: android.companion.virtual.flags is mapped to system
10-03 15:33:48.678 28724 28724 I AconfigPackage: com.android.aconfig_new_storage is mapped to system
10-03 15:33:48.678 28724 28724 I AconfigPackage: com.android.server.feature.flags is mapped to system
10-03 15:33:48.678 28724 28724 I AconfigPackage: com.android.systemui is mapped to system
10-03 15:33:48.678 28724 28724 I AconfigPackage: com.android.server.power.batterysaver is mapped to system
10-03 15:33:48.678 28724 28724 I AconfigPackage: android.widget.flags is mapped to system
10-03 15:33:48.679 28724 28724 I AconfigPackage: com.android.media.editing.flags is mapped to system
10-03 15:33:48.679 28724 28724 I AconfigPackage: com.android.media.codec.flags is mapped to system
10-03 15:33:48.679 28724 28724 I AconfigPackage: com.android.server.powerstats is mapped to system
10-03 15:33:48.679 28724 28724 I AconfigPackage: com.android.graphics.egl.flags is mapped to system
10-03 15:33:48.679 28724 28724 I AconfigPackage: com.android.media.audioserver is mapped to system
10-03 15:33:48.679 28724 28724 I AconfigPackage: com.android.server.deviceidle is mapped to system
10-03 15:33:48.679 28724 28724 I AconfigPackage: android.nfc is mapped to system
10-03 15:33:48.679 28724 28724 I AconfigPackage: android.permission.flags is mapped to system
10-03 15:33:48.679 28724 28724 I AconfigPackage: android.service.voice.flags is mapped to system
10-03 15:33:48.679 28724 28724 I AconfigPackage: android.content.pm is mapped to system
10-03 15:33:48.679 28724 28724 I AconfigPackage: com.android.server.power.hint is mapped to system
10-03 15:33:48.679 28724 28724 I AconfigPackage: android.os is mapped to system
10-03 15:33:48.679 28724 28724 I AconfigPackage: android.service.dreams is mapped to system
10-03 15:33:48.679 28724 28724 I AconfigPackage: com.android.graphics.libgui.flags is mapped to system
10-03 15:33:48.679 28724 28724 I AconfigPackage: android.hardware.usb.flags is mapped to system
10-03 15:33:48.679 28724 28724 I AconfigPackage: android.provider is mapped to system
10-03 15:33:48.679 28724 28724 I AconfigPackage: com.android.server.job is mapped to system
10-03 15:33:48.679 28724 28724 I AconfigPackage: com.android.internal.foldables.flags is mapped to system
10-03 15:33:48.679 28724 28724 I AconfigPackage: com.android.internal.telephony.flags is mapped to system
10-03 15:33:48.679 28724 28724 I AconfigPackage: android.webkit is mapped to system
10-03 15:33:48.679 28724 28724 I AconfigPackage: android.credentials.flags is mapped to system
10-03 15:33:48.679 28724 28724 I AconfigPackage: com.android.server.display.feature.flags is mapped to system
10-03 15:33:48.679 28724 28724 I AconfigPackage: com.android.server.notification is mapped to system
10-03 15:33:48.679 28724 28724 I AconfigPackage: android.appwidget.flags is mapped to system
10-03 15:33:48.679 28724 28724 I AconfigPackage: com.android.frameworks.sensorservice.flags is mapped to system
10-03 15:33:48.679 28724 28724 I AconfigPackage: com.android.printspooler.flags is mapped to system
10-03 15:33:48.679 28724 28724 I AconfigPackage: com.android.window.flags is mapped to system
10-03 15:33:48.679 28724 28724 I AconfigPackage: android.adaptiveauth is mapped to system
10-03 15:33:48.679 28724 28724 I AconfigPackage: android.net.wifi.flags is mapped to system
10-03 15:33:48.679 28724 28724 I AconfigPackage: android.media.tv.flags is mapped to system
10-03 15:33:48.679 28724 28724 I AconfigPackage: com.android.server.usb.flags is mapped to system
10-03 15:33:48.679 28724 28724 I AconfigPackage: android.os.vibrator is mapped to system
10-03 15:33:48.679 28724 28724 I AconfigPackage: android.hardware.devicestate.feature.flags is mapped to system
10-03 15:33:48.679 28724 28724 I AconfigPackage: com.android.server.usage is mapped to system
10-03 15:33:48.679 28724 28724 I AconfigPackage: android.server is mapped to system
10-03 15:33:48.679 28724 28724 I AconfigPackage: com.android.wm.shell is mapped to system
10-03 15:33:48.679 28724 28724 I AconfigPackage: android.view.inputmethod is mapped to system
10-03 15:33:48.679 28724 28724 I AconfigPackage: com.android.graphics.hwui.flags is mapped to system
10-03 15:33:48.679 28724 28724 I AconfigPackage: com.android.server.backup is mapped to system
10-03 15:33:48.679 28724 28724 I AconfigPackage: com.android.internal.pm.pkg.component.flags is mapped to system
10-03 15:33:48.679 28724 28724 I AconfigPackage: android.view.accessibility is mapped to system
10-03 15:33:48.679 28724 28724 I AconfigPackage: android.media.audio is mapped to system
10-03 15:33:48.679 28724 28724 I AconfigPackage: com.android.server.am is mapped to system
10-03 15:33:48.679 28724 28724 I AconfigPackage: com.android.media.playback.flags is mapped to system
10-03 15:33:48.679 28724 28724 I AconfigPackage: com.android.settings.flags is mapped to system_ext
10-03 15:33:48.679 28724 28724 I AconfigPackage: com.android.launcher3 is mapped to system_ext
10-03 15:33:48.679 28724 28724 I AconfigPackage: com.android.server.policy.feature.flags is mapped to system_ext
10-03 15:33:48.679 28724 28724 I AconfigPackage: com.android.adservices.flags is mapped to com.android.adservices
10-03 15:33:48.679 28724 28724 I AconfigPackage: com.android.sdksandbox.flags is mapped to com.android.adservices
10-03 15:33:48.679 28724 28724 I AconfigPackage: com.android.uwb.flags is mapped to com.android.uwb
10-03 15:33:48.679 28724 28724 I AconfigPackage: com.android.ranging.flags is mapped to com.android.uwb
10-03 15:33:48.679 28724 28724 I AconfigPackage: android.provider.flags is mapped to com.android.configinfrastructure
10-03 15:33:48.679 28724 28724 I AconfigPackage: com.android.server.deviceconfig is mapped to com.android.configinfrastructure
10-03 15:33:48.680 28724 28724 I AconfigPackage: android.media.swcodec.flags is mapped to com.android.media.swcodec
10-03 15:33:48.680 28724 28724 I AconfigPackage: com.android.os.statsd.flags is mapped to com.android.os.statsd
10-03 15:33:48.680 28724 28724 I AconfigPackage: com.android.cellbroadcastreceiver.flags is mapped to com.android.cellbroadcast
10-03 15:33:48.680 28724 28724 I AconfigPackage: android.uprobestats.mainline.flags is mapped to com.android.uprobestats
10-03 15:33:48.680 28724 28724 I AconfigPackage: com.android.media.extractor.flags is mapped to com.android.media
10-03 15:33:48.680 28724 28724 I AconfigPackage: com.android.media.mainline.flags is mapped to com.android.media
10-03 15:33:48.680 28724 28724 I AconfigPackage: android.os.profiling is mapped to com.android.profiling
10-03 15:33:48.680 28724 28724 I AconfigPackage: com.android.appsearch.flags is mapped to com.android.appsearch
10-03 15:33:48.680 28724 28724 I AconfigPackage: com.android.rkpd.flags is mapped to com.android.rkpd
10-03 15:33:48.680 28724 28724 I AconfigPackage: com.android.healthfitness.flags is mapped to com.android.healthfitness
10-03 15:33:48.680 28724 28724 I AconfigPackage: com.android.permission.flags is mapped to com.android.permission
10-03 15:33:48.681 28724 28724 I AconfigPackage: com.android.ipsec.flags is mapped to com.android.ipsec
10-03 15:33:48.681 28724 28724 I AconfigPackage: com.android.adservices.ondevicepersonalization.flags is mapped to com.android.ondevicepersonalization
10-03 15:33:48.681 28724 28724 I AconfigPackage: com.android.net.ct.flags is mapped to com.android.tethering
10-03 15:33:48.681 28724 28724 I AconfigPackage: com.android.net.flags is mapped to com.android.tethering
10-03 15:33:48.681 28724 28724 I AconfigPackage: android.net.vcn is mapped to com.android.tethering
10-03 15:33:48.681 28724 28724 I AconfigPackage: com.android.nearby.flags is mapped to com.android.tethering
10-03 15:33:48.681 28724 28724 I AconfigPackage: android.net.http is mapped to com.android.tethering
10-03 15:33:48.681 28724 28724 I AconfigPackage: com.android.net.thread.flags is mapped to com.android.tethering
10-03 15:33:48.681 28724 28724 I AconfigPackage: com.android.org.conscrypt.flags is mapped to com.android.conscrypt
10-03 15:33:48.681 28724 28724 I AconfigPackage: com.android.art.flags is mapped to com.android.art
10-03 15:33:48.681 28724 28724 I AconfigPackage: com.android.libcore is mapped to com.android.art
10-03 15:33:48.681 28724 28724 I AconfigPackage: com.android.wifi.flags is mapped to com.android.wifi
10-03 15:33:48.681 28724 28724 I AconfigPackage: android.graphics.pdf.flags is mapped to com.android.mediaprovider
10-03 15:33:48.681 28724 28724 I AconfigPackage: com.android.providers.media.flags is mapped to com.android.mediaprovider
10-03 15:33:48.681 28724 28724 I AconfigPackage: android.graphics.pdf.flags.readonly is mapped to com.android.mediaprovider
10-03 15:33:48.681 28724 28724 I AconfigPackage: com.android.devicelock.flags is mapped to com.android.devicelock
10-03 15:33:48.682 28724 28724 I AconfigPackage: com.android.system.virtualmachine.flags is mapped to com.android.virt
10-03 15:33:48.682 28724 28724 I AconfigPackage: com.android.icu is mapped to com.android.i18n
10-03 15:33:48.682 28724 28724 I AconfigPackage: com.android.bluetooth.flags is mapped to com.android.bt
10-03 15:33:48.682 28724 28724 E FeatureFlagsImplExport: android.os.flagging.AconfigStorageReadException: ERROR_PACKAGE_NOT_FOUND: package android.xr cannot be found on the device
10-03 15:33:48.683 28724 28724 D UiAutomationConnection: Created on user UserHandle{0}
10-03 15:33:48.683 28724 28724 I UiAutomation: Initialized for user 0 on display 0
10-03 15:33:48.683 28724 28724 W UiAutomation: Created with deprecatead constructor, assumes DEFAULT_DISPLAY
10-03 15:33:48.684  2810 13226 D AccessibilityManagerService: changeCurrentUserForTestAutomationIfNeededLocked(0): ignoring because device doesn't support visible background users
10-03 15:33:48.684  2810 13226 I UiAutomationManager: Registering UiTestAutomationService (id=com.android.server.accessibility/UiAutomation, flags=0x0) when called by user 0
10-03 15:33:48.684  2810 13226 V AccessibilityManagerService: onUserStateChangedLocked for userId: 0, forceUpdate: false
10-03 15:33:48.684  2810 13226 D KNOX_MDM_SettingsProvider: isChangeAllowed() : name = accessibility_enabled
10-03 15:33:48.684  2810 13226 D SettingsProvider: PUT_ret(/secure/accessibility_enabled), callingPackage:android
10-03 15:33:48.684  2810 13226 D MagnificationConnectionManager: requestConnection :false mConnectionState : 3
10-03 15:33:48.684  2810 13226 W MagnificationConnectionManager: requestConnection duplicated request: connect=false, mConnectionState=DISCONNECTED
10-03 15:33:48.685  2312  4796 I SurfaceFlinger: id=2903 createSurf, flag=84004, WindowToken{894278 type=2032 android.os.Binder@b5b07db}#2903
10-03 15:33:48.685  6717 21902 I HoneySpace.GlobalSettingDataSourceImpl: Setting accessibility_enabled changed to 1
10-03 15:33:48.686  2810  2810 W IPCThreadState: Sending oneway calls to frozen process.
10-03 15:33:48.687  2810  2810 W IPCThreadState: Sending oneway calls to frozen process.
10-03 15:33:48.687  2012  2012 I SAMSUNGWALLET: [SamsungPayBaseApplicationHelper] Screen reader is enabled
10-03 15:33:48.688  2810  2810 W IPCThreadState: Sending oneway calls to frozen process.
10-03 15:33:48.688  2810  2810 D BatterySaverPolicy: accessibility changed to true, updating policy.
10-03 15:33:48.688  2810 12245 V AccessibilityManagerService: onUserStateChangedLocked for userId: 0, forceUpdate: false
10-03 15:33:48.689  2810 12245 D KNOX_MDM_SettingsProvider: isChangeAllowed() : name = accessibility_enabled
10-03 15:33:48.689  2810 12245 D SettingsProvider: PUT_ret(/secure/accessibility_enabled), callingPackage:android
10-03 15:33:48.689  2810 12245 D MagnificationConnectionManager: requestConnection :false mConnectionState : 3
10-03 15:33:48.689  2810 12245 W MagnificationConnectionManager: requestConnection duplicated request: connect=false, mConnectionState=DISCONNECTED
10-03 15:33:48.689  2810  9339 W WindowManager: Cannot find window which accessibility connection is added to
10-03 15:33:48.689  2810  7143 W WindowManager: Cannot find window which accessibility connection is added to
10-03 15:33:48.690  2810  2810 W IPCThreadState: Sending oneway calls to frozen process.
10-03 15:33:48.690  2810  2810 W IPCThreadState: Sending oneway calls to frozen process.
10-03 15:33:48.690  2810  2810 I AccessibilityManagerService: semIsAccessibilityServiceEnabled()
10-03 15:33:48.690  2810  2810 I AccessibilityManagerService: accessibilityService is null
10-03 15:33:48.690  2810  2810 I AccessibilityManagerService: semIsAccessibilityServiceEnabled()
10-03 15:33:48.690  2810  2810 I AccessibilityManagerService: accessibilityService is null
10-03 15:33:48.690  2810  2810 D AS.AudioService: Accessibility volume enabled = false
10-03 15:33:48.691  7943  7943 I SafetyCenterAccessibilityListener: accessibility event occurred, safety center feature not enabled.
10-03 15:33:48.691  6249  6249 I SafetyCenterAccessibilityListener: accessibility event occurred, safety center feature not enabled.
10-03 15:33:48.703  2312  2312 I SurfaceFlinger: RequestedLayer [WindowToken{894278 type=2032 android.os.Binder@b5b07db}#2903] hidden!! flag  from(1) --> to(0)
10-03 15:33:48.703  2312  2312 I SurfaceFlinger: [WindowToken{894278 type=2032 android.os.Binder@b5b07db}#2903] attach to parent LayerHierarchy{RequestedLayerState{Leaf:26:31#38 parentId=37} 2 children}
10-03 15:33:48.708  2232  2317 E HeatmapThread: ECT Thread time in milliseconds: 1759523628
10-03 15:33:48.709  2232  2317 D HeatmapThread: !@ batteryplugType : 1
10-03 15:33:48.709  2232  2317 D HeatmapThread: !@ batteryLevel : 100  batteryTemperature : 287 
10-03 15:33:48.709  2232  2317 D HeatmapThread: !@ Heatmap currtime: 29325393
10-03 15:33:48.709  2232  2317 D HeatmapThread: !@ Heatmap prevtime: 29325371
10-03 15:33:48.709  2232  2317 D HeatmapThread: !@ Heatmap plugstarttime: 29325307
10-03 15:33:48.709  2232  2317 D HeatmapThread: !@ Heatmap prevv_dsoh_update_time: 29325367
10-03 15:33:48.709  2232  2317 E HeatmapThread: !@ CAM New BSOH: 100
10-03 15:33:48.709  2232  2317 E HeatmapThread: !@ CAM is Working
10-03 15:33:48.709 28726 28726 D AndroidRuntime: >>>>>> START com.android.internal.os.RuntimeInit uid 2000 <<<<<<
10-03 15:33:48.714 28726 28726 I AndroidRuntime: Using default boot image
10-03 15:33:48.714 28726 28726 I AndroidRuntime: Leaving lock profiling enabled
10-03 15:33:48.716 28726 28726 I app_process: Using CollectorTypeCMC GC.
10-03 15:33:48.783 28726 28726 D nativeloader: InitDefaultPublicLibraries for_preload=1: libandroid.so:libaaudio.so:libamidi.so:libbinder_ndk.so:libc.so:libcamera2ndk.so:libdl.so:libEGL.so:libGLESv1_CM.so:libGLESv2.so:libGLESv3.so:libicu.so:libicui18n.so:libicuuc.so:libjnigraphics.so:liblog.so:libmediandk.so:libm.so:libnativehelper.so:libnativewindow.so:libOpenMAXAL.so:libOpenSLES.so:libRS.so:libstdc++.so:libsync.so:libvulkan.so:libwebviewchromium_plat_support.so:libz.so
10-03 15:33:48.790 28726 28726 D nativeloader: Load libicu_jni.so using APEX ns com_android_art for caller /apex/com.android.art/javalib/core-oj.jar: ok
10-03 15:33:48.790 28726 28726 D app_process: u_setTimeZoneFilesDirectory("/apex/com.android.tzdata/etc/tz/versioned/9/icu") succeeded. 
10-03 15:33:48.790 28726 28726 D app_process: I18n APEX ICU file found: /apex/com.android.i18n/etc/icu/icudt76l.dat
10-03 15:33:48.791 28726 28726 D nativeloader: Load libjavacore.so using APEX ns com_android_art for caller /apex/com.android.art/javalib/core-oj.jar: ok
10-03 15:33:48.791 28726 28726 D nativeloader: Load libopenjdk.so using APEX ns com_android_art for caller /apex/com.android.art/javalib/core-oj.jar: ok
10-03 15:33:48.801 28726 28726 E SemDvfsManager_JNI: SemDvfsManager: registerfunction enter
10-03 15:33:48.801 28726 28726 E SemAffinityControl: SemAffinityControl: registerfunction enter
10-03 15:33:48.807 28726 28726 D nativeloader: Load libframework-connectivity-tiramisu-jni.so using APEX ns com_android_tethering for caller /apex/com.android.tethering/javalib/framework-connectivity-t.jar: ok
10-03 15:33:48.808 28726 28726 D AndroidRuntime: Calling main entry com.android.commands.content.Content
10-03 15:33:48.808 28726 28747 W IPCThreadState: call to talkWithDriver in joinThreadPool returned error: -9 (Bad file descriptor), FD: -1
10-03 15:33:48.808 28726 28748 W IPCThreadState: call to talkWithDriver in joinThreadPool returned error: -9 (Bad file descriptor), FD: -1
10-03 15:33:48.808 28726 28726 D AndroidRuntime: Shutting down VM
10-03 15:33:49.089  6550  7110 I reSIProcate: INFO | RESIP:TRANSPORT | Transport.cxx:401 | incoming from: [ V6 port=65529 TCP target domain=xxxx mFlowKey=260 ] cport =6401 ] mInterface=rmnet_data9 ] transportKey=23 ]
10-03 15:33:49.089  6550  7110 I reSIProcate: INFO | RESIP:TRANSPORT | Transport.cxx:402 | SipReq:  INVITE xxxx@[xxxx]:6400 tid=g3Zqkv7i73d5xioxntjs8g24yn181lsko cseq=1 INVITE contact=xxxx@[xxxx]:65529 / 1 from(wire)
10-03 15:33:49.089  6550  7110 I reSIProcate: INFO | RESIP:TRANSPORT | Connection.cxx:451 | Connection::performReads()  read=2535
10-03 15:33:49.091  6550  7110 I CpAudioEngineClient: SAE_NotiInfo: SAE_NotiInfo string:
10-03 15:33:49.091  6550  7107 I StackIF : processMessage 3
10-03 15:33:49.091  6550  7107 I StackIF : Processing Notify
10-03 15:33:49.091  6550  7110 I VoIpEngineProxy: NotiInfo:Sending IPC_IMS_INFO Noti
10-03 15:33:49.091  6550  7110 I OemIpcHandler: ImsNotiInfo ImsNoti send IPC :
10-03 15:33:49.091  6550  7110 I OemIpcHandler: SendOemIpcCommand: main 16 sub 0c len(108) phoneId 1
10-03 15:33:49.091  6550  7110 I OemIpcHandler: SendOemIpcCommand: Send Client 222...
10-03 15:33:49.092  6550  7107 I SECIMSJ : [UNSL]< 10003
10-03 15:33:49.092  6550  7107 I StackIF : processNotify: id 10003
10-03 15:33:49.094  6550  7107 I SIPMSG[1,2]: [<--] INVITE sip:310xxxxxxxxx194@[2607:fc20:a212:8020:ad6:4a0c:6540:3ffb]:6400 SIP/2.0 [CSeq: 1 INVITE]
10-03 15:33:49.094  6550  7107 I [IMS6.0]: OutOfTransManager::FindDialogHandler(): Handler not found.
10-03 15:33:49.094  6550  7107 I CpAudioEngineClient: Init.
10-03 15:33:49.094  6550  7107 I CpAudioEngineClient: SAE_Init: Already initialized.
10-03 15:33:49.094  6550  6803 I ResipRawSipHandler: handleMessage: event: 100
10-03 15:33:49.095  6550 25348 I OemIpcHandler: onRawReqComplete, 
10-03 15:33:49.095  6550  7107 I CpAudioEngineClient: SAE_GetNetworkInfo: SAE_GetNetworkInfo: 1
10-03 15:33:49.095  6550  7107 I VoIpEngineProxy: GetNetworkInfo:Sending IPC_IMS_GET_NET_INFO
10-03 15:33:49.095  6550  7107 I OemIpcHandler: ImsGetNetworkInfo:
10-03 15:33:49.095  6550  7107 I OemIpcHandler: PrepareWaiting:
10-03 15:33:49.095  6550  7107 I OemIpcHandler: SendOemIpcCommand: main 16 sub 18 len(8) phoneId 1
10-03 15:33:49.095  6550  7107 I OemIpcHandler: IPC counter[615]
10-03 15:33:49.095  6550  7107 I OemIpcHandler: SendOemIpcCommand: Send Client 222...
10-03 15:33:49.095  6550  6803 I ResipVolteHandler: handleMessage: evt 114
10-03 15:33:49.095  6550  7107 I OemIpcHandler: WaitwithTimeout:
10-03 15:33:49.095  6550  7116 I CmcP2pHelperManager: msg.what = 36
10-03 15:33:49.096  6550 25348 I OemIpcHandler: onRawReqComplete, 
10-03 15:33:49.096  6550 25348 I RILClient: processUnsolicited(): resp_id (11024), len(57)
10-03 15:33:49.096  6550 25348 I RILClient: processUnsolicited(): unsol_func resp_id (11024), len(57)
10-03 15:33:49.097  6550 25348 I OemIpcHandler: onUnsol: main 0x16 sub 0x18 type 0x02
10-03 15:33:49.097  6550 25348 I OemIpcHandler: onUnsol: client->prv = 8b5f4ed0
10-03 15:33:49.097  6550 25348 I OemIpcHandler: onUnsol: RespMainCmd : 0x16, RespSubCmd : 0x18, RespCmdType : 0x02, RespDataLen : 57
10-03 15:33:49.097  6550 25348 I OemIpcHandler: Notify:
10-03 15:33:49.097  6550 25348 I OemIpcHandler: Notify: exit
10-03 15:33:49.097  6550  7107 I OemIpcHandler: WaitwithTimeout: exit
10-03 15:33:49.097  6550  7107 I OemIpcHandler: ImsGetNetworkInfo: plmn=310260, plmn_len=6
10-03 15:33:49.097  6550  7107 I StackIF : processMessage 3
10-03 15:33:49.097  6550  7107 I StackIF : Processing Notify
10-03 15:33:49.097  6550  7107 I SECIMSJ : [UNSL]< 10023
10-03 15:33:49.097  6550  7107 I StackIF : processNotify: id 10023
10-03 15:33:49.097  6550  7107 I StackIF : calling onUpdate Pani
10-03 15:33:49.098  6550  7107 I CpAudioEngineClient: Init.
10-03 15:33:49.098  6550  7107 I CpAudioEngineClient: SAE_Init: Already initialized.
10-03 15:33:49.098  6550 28749 I ResipRegiMgr: Sync CellInfo with RIL
10-03 15:33:49.099  6550  7107 I reSIProcate: INFO | RESIP:SDP | SdpContents.cxx:1859 | payloadType : 104
10-03 15:33:49.099  6550  7107 I reSIProcate: INFO | RESIP:SDP | SdpContents.cxx:1859 | payloadType : 110
10-03 15:33:49.099  6550  7107 I reSIProcate: INFO | RESIP:SDP | SdpContents.cxx:1859 | payloadType : 101
10-03 15:33:49.099  6550  7107 I reSIProcate: INFO | RESIP:SDP | SdpContents.cxx:1859 | payloadType : 102
10-03 15:33:49.099  6550  7107 I reSIProcate: INFO | RESIP:SDP | SdpContents.cxx:1859 | payloadType : 108
10-03 15:33:49.099  6550  7107 I reSIProcate: INFO | RESIP:SDP | SdpContents.cxx:1859 | payloadType : 105
10-03 15:33:49.099  6550  7107 I reSIProcate: INFO | RESIP:SDP | SdpContents.cxx:1859 | payloadType : 100
10-03 15:33:49.099  6550  7107 I StackIF : processMessage 3
10-03 15:33:49.099  6550  7107 I StackIF : Processing Notify
10-03 15:33:49.100  6550  7107 I SECIMSJ : [UNSL]< 20008
10-03 15:33:49.100  6550  7107 I StackIF : processNotify: id 20008
10-03 15:33:49.100  6550  7107 I StackIF : Echolocate Notify receive
10-03 15:33:49.100  6550  7107 I StackIF : processMessage 3
10-03 15:33:49.100  6550  7107 I StackIF : Processing Notify
10-03 15:33:49.100  6550  7107 I SECIMSJ : [UNSL]< 20001
10-03 15:33:49.100  6550  7107 I StackIF : processNotify: id 20001
10-03 15:33:49.100  6550  7107 I ResipMiscHandler: onAlarmRequested: delay=70 id=10502 isKeepAlive= false
10-03 15:33:49.100  6550  7116 I Echolocate_Controller: handleMessage: evt 1
10-03 15:33:49.101  6550  6803 I PreciseAlarmManager: sendMessageDelayed: DelayedMessage: [target: ResipMiscHandler, what: 3, obj: null, arg1: 10502, arg2: 1, timeout: 170547273 (expired in: 70msec)], remaining timers: 5
10-03 15:33:49.101  6550 28749 I PdnController<1>: getAllCellInfo mNeedCellLocationUpdate : false
10-03 15:33:49.101  6550  7107 I CpAudioEngineClient: SAE_SetImsCallStatus: Entry
10-03 15:33:49.101  6550  7107 I CpAudioEngineClient: SAE_SetImsCallStatus: phoneId : 1, callStatus : 1 callType: 1 isEmergency: 0 bearerType: 12 callDirection: 1 endReason: 0 termination: 1
10-03 15:33:49.101  6550  7107 I VoIpEngineProxy: Sending IPC_IMS_CALL_STATUS bearerType 12
10-03 15:33:49.101  6550  7107 I QmiOemIPCHandler: SetImsCallStatus: 
10-03 15:33:49.101  6550  7107 I OemIpcHandler: PrepareWaiting:
10-03 15:33:49.101  6550  7107 I OemIpcHandler: SendOemIpcCommandForQmi: phoneId[1] main 02 sub 7c paramLen 06
10-03 15:33:49.101  6550  7107 I OemIpcHandler: ============
10-03 15:33:49.101  6550  7107 I OemIpcHandler: pkt[0] =  2
10-03 15:33:49.101  6550  7107 I OemIpcHandler: pkt[1] = 7c
10-03 15:33:49.101  6550  7107 I OemIpcHandler: pkt[2] =  0
10-03 15:33:49.101  6550  7107 I OemIpcHandler: pkt[3] =  a
10-03 15:33:49.101  6550  7107 I OemIpcHandler: pkt[4] =  1
10-03 15:33:49.101  6550  7107 I OemIpcHandler: pkt[5] =  1
10-03 15:33:49.101  6550  7107 I OemIpcHandler: pkt[6] =  c
10-03 15:33:49.101  6550  7107 I OemIpcHandler: pkt[7] =  1
10-03 15:33:49.101  6550  7107 I OemIpcHandler: pkt[8] =  0
10-03 15:33:49.101  6550  7107 I OemIpcHandler: pkt[9] =  1
10-03 15:33:49.101  6550  7107 I OemIpcHandler: ============
10-03 15:33:49.101  6550  7116 I Echolocate_Info: com.tmobile.pr.mytmobile is not installed
10-03 15:33:49.102  6550  7107 I OemIpcHandler: IPC counter[616]
10-03 15:33:49.102  6550  7107 I OemIpcHandler: SendOemIpcCommandForQmi: Send Client 222...
10-03 15:33:49.102  6550  7107 I OemIpcHandler: WaitwithTimeout:
10-03 15:33:49.103  6550 28749 I PdnController<1>: get latest cellInfo and store, subId = 2
10-03 15:33:49.103  6550  7116 I Echolocate_Controller: getEPSFBsuccess[1]: false
10-03 15:33:49.104  6550  7116 I Echolocate_Controller: getEPSFBsuccess[1]: false
10-03 15:33:49.104  6550 25348 I OemIpcHandler: onImsCallStatusReqComplete, 
10-03 15:33:49.104  6550 25348 I OemIpcHandler: Notify:
10-03 15:33:49.104  6550 25348 I OemIpcHandler: Notify: exit
10-03 15:33:49.104  6550  7107 I OemIpcHandler: WaitwithTimeout: exit
10-03 15:33:49.105  6550  7116 I Echolocate_Info: strband[1]:n41, nwType:SA5G
10-03 15:33:49.105  6550  7107 I StackIF : processMessage 3
10-03 15:33:49.105  6550  7107 I StackIF : Processing Notify
10-03 15:33:49.105  6550  7107 I SECIMSJ : [UNSL]< 10005
10-03 15:33:49.106  6550  7107 I StackIF : processNotify: id 10005
10-03 15:33:49.106  6550  7107 I CpAudioEngineClient: SAE_SignalingInfo: Entry
10-03 15:33:49.106  6550  7107 I CpAudioEngineClient: SAE_SignalingInfo[1]: mode : 1, priority : 255,  msgType : 6
10-03 15:33:49.106  6550  7116 I Echolocate_Info: signal[1]255;255;255 result[;NA;NA;NA;-100;-14;0;NA;]
10-03 15:33:49.106  6550  7107 I VoIpEngineProxy: Sending IPC_IMS_SIGNALLING
10-03 15:33:49.106  6550  7116 I Echolocate_Controller: handleMessage: evt 2
