10-03 15:33:49.700  2810 28811 I Telecom : SamsungInCallDumpController : ComponentEnabledSetting - componentName : ComponentInfo{com.samsung.android.bixby.agent/com.samsung.android.bixby.agent.appbridge.incallservice.BixbyInCallService} / userId : 0 / componentEnabledState : 2
10-03 15:33:49.700  2810 28811 I Telecom : InCallController: found:ComponentInfo{com.samsung.android.bixby.agent/com.samsung.android.bixby.agent.appbridge.incallservice.BixbyInCallService} isRequestedtype:false isEnabled:false ignoreDisabled:true hasCrossProfilePerm:true: TSI.aNIC->CILH.sL->CILH.oQC->BCF.gBS->BCF.gBS->ICFG.sF->ICFG.sF->ICFG.sF->ICFG.sF->ICFG.sF->ICFG.sF->ICFG.sF(cap)@GlA
10-03 15:33:49.700  6550  8740 I MmTelFeatureImpl: get Echo Call ID 53325962
10-03 15:33:49.700  2810 28811 I Telecom : InCallController: packageName:com.samsung.android.dialer INTERACT_ACROSS_USERS:true INTERACT_ACROSS_PROFILES:false INTERACT_ACROSS_PROFILES_APPOP:false: TSI.aNIC->CILH.sL->CILH.oQC->BCF.gBS->BCF.gBS->ICFG.sF->ICFG.sF->ICFG.sF->ICFG.sF->ICFG.sF->ICFG.sF->ICFG.sF(cap)@GlA
10-03 15:33:49.700  2810 28811 I Telecom : SamsungInCallDumpController : ComponentEnabledSetting - componentName : ComponentInfo{com.samsung.android.dialer/com.android.incallui.InCallServiceImpl} / userId : 0 / componentEnabledState : 0
10-03 15:33:49.700  2810 28811 I Telecom : InCallController: found:ComponentInfo{com.samsung.android.dialer/com.android.incallui.InCallServiceImpl} isRequestedtype:false isEnabled:true ignoreDisabled:true hasCrossProfilePerm:true: TSI.aNIC->CILH.sL->CILH.oQC->BCF.gBS->BCF.gBS->ICFG.sF->ICFG.sF->ICFG.sF->ICFG.sF->ICFG.sF->ICFG.sF->ICFG.sF(cap)@GlA
10-03 15:33:49.700  6550  8740 I CmcImsServiceUtil: setBoundSessionInfo()
10-03 15:33:49.700  6550  8740 I CmcImsServiceUtil: prepareCallSession(), isCmcRegExist: false
10-03 15:33:49.700  2810 28811 I Telecom : InCallController: packageName:com.sec.android.app.servicemodeapp INTERACT_ACROSS_USERS:true INTERACT_ACROSS_PROFILES:true INTERACT_ACROSS_PROFILES_APPOP:true: TSI.aNIC->CILH.sL->CILH.oQC->BCF.gBS->BCF.gBS->ICFG.sF->ICFG.sF->ICFG.sF->ICFG.sF->ICFG.sF->ICFG.sF->ICFG.sF(cap)@GlA
10-03 15:33:49.700  6550  8740 I CmcImsServiceUtil: createCallSession(), cmcType: 1
10-03 15:33:49.700  2810 28811 I Telecom : SamsungInCallDumpController : ComponentEnabledSetting - componentName : ComponentInfo{com.samsung.android.emergency/com.samsung.android.emergency.InCallService.EmergencyInCallServiceImpl} / userId : 0 / componentEnabledState : 0
10-03 15:33:49.700  6550  8740 I CmcImsServiceUtil: mCmcRegHandle: -1, mCmcReady: false
10-03 15:33:49.700  6550  8740 I CmcImsServiceUtil: mp2pSecSessionMap size: 0
10-03 15:33:49.700  2810 28811 I Telecom : InCallController: found:ComponentInfo{com.samsung.android.emergency/com.samsung.android.emergency.InCallService.EmergencyInCallServiceImpl} isRequestedtype:false isEnabled:false ignoreDisabled:true hasCrossProfilePerm:true: TSI.aNIC->CILH.sL->CILH.oQC->BCF.gBS->BCF.gBS->ICFG.sF->ICFG.sF->ICFG.sF->ICFG.sF->ICFG.sF->ICFG.sF->ICFG.sF(cap)@GlA
10-03 15:33:49.700  6550  8740 I CmcAccountManager: isSupportDualSimCMC: false
10-03 15:33:49.700  6550  7167 W MmTelFeature: MmTelFeature Binder - createCallSession exception: java.lang.UnsupportedOperationException
10-03 15:33:49.700  2810 28811 I Telecom : InCallController: packageName:com.samsung.sec.android.application.csc INTERACT_ACROSS_USERS:true INTERACT_ACROSS_PROFILES:false INTERACT_ACROSS_PROFILES_APPOP:false: TSI.aNIC->CILH.sL->CILH.oQC->BCF.gBS->BCF.gBS->ICFG.sF->ICFG.sF->ICFG.sF->ICFG.sF->ICFG.sF->ICFG.sF->ICFG.sF(cap)@GlA
10-03 15:33:49.700  2810 28811 I Telecom : SamsungInCallDumpController : ComponentEnabledSetting - componentName : ComponentInfo{com.samsung.android.incallui/com.android.incallui.InCallServiceImpl} / userId : 0 / componentEnabledState : 0
10-03 15:33:49.700  2810 28811 I Telecom : InCallController: found:ComponentInfo{com.samsung.android.incallui/com.android.incallui.InCallServiceImpl} isRequestedtype:false isEnabled:true ignoreDisabled:true hasCrossProfilePerm:true: TSI.aNIC->CILH.sL->CILH.oQC->BCF.gBS->BCF.gBS->ICFG.sF->ICFG.sF->ICFG.sF->ICFG.sF->ICFG.sF->ICFG.sF->ICFG.sF(cap)@GlA
10-03 15:33:49.700  2810 28811 I Telecom : InCallController: packageName:com.samsung.sec.android.application.csc INTERACT_ACROSS_USERS:true INTERACT_ACROSS_PROFILES:false INTERACT_ACROSS_PROFILES_APPOP:false: TSI.aNIC->CILH.sL->CILH.oQC->BCF.gBS->BCF.gBS->ICFG.sF->ICFG.sF->ICFG.sF->ICFG.sF->ICFG.sF->ICFG.sF->ICFG.sF(cap)@GlA
10-03 15:33:49.700  2810 28811 I Telecom : SamsungInCallDumpController : ComponentEnabledSetting - componentName : ComponentInfo{com.samsung.android.incallui/com.android.incallui.NonUiServiceImpl} / userId : 0 / componentEnabledState : 0
10-03 15:33:49.700  6480  6480 I Telephony: SamsungTransferConnection: onCallEvent: com.samsung.telecom.CALL_EVENT_ADD_CALL
10-03 15:33:49.700  2810 28811 I Telecom : InCallController: found:ComponentInfo{com.samsung.android.incallui/com.android.incallui.NonUiServiceImpl} isRequestedtype:false isEnabled:true ignoreDisabled:true hasCrossProfilePerm:true: TSI.aNIC->CILH.sL->CILH.oQC->BCF.gBS->BCF.gBS->ICFG.sF->ICFG.sF->ICFG.sF->ICFG.sF->ICFG.sF->ICFG.sF->ICFG.sF(cap)@GlA
10-03 15:33:49.700  6480  6480 I Telephony: SamsungImsInterfaceConnection: SamsungTelephonyConnectionListener.onCallEvent: com.samsung.telecom.CALL_EVENT_ADD_CALL
10-03 15:33:49.700  2810 28811 I Telecom : InCallController: packageName:com.sec.android.app.servicemodeapp INTERACT_ACROSS_USERS:true INTERACT_ACROSS_PROFILES:true INTERACT_ACROSS_PROFILES_APPOP:true: TSI.aNIC->CILH.sL->CILH.oQC->BCF.gBS->BCF.gBS->ICFG.sF->ICFG.sF->ICFG.sF->ICFG.sF->ICFG.sF->ICFG.sF->ICFG.sF(cap)@GlA
10-03 15:33:49.700  2810 28811 I Telecom : SamsungInCallDumpController : ComponentEnabledSetting - componentName : ComponentInfo{com.samsung.android.mdecservice/com.samsung.android.mdecservice.mdec.services.InCallServiceImpl} / userId : 0 / componentEnabledState : 1
10-03 15:33:49.700  2810 28811 I Telecom : InCallController: found:ComponentInfo{com.samsung.android.mdecservice/com.samsung.android.mdecservice.mdec.services.InCallServiceImpl} isRequestedtype:false isEnabled:true ignoreDisabled:true hasCrossProfilePerm:true: TSI.aNIC->CILH.sL->CILH.oQC->BCF.gBS->BCF.gBS->ICFG.sF->ICFG.sF->ICFG.sF->ICFG.sF->ICFG.sF->ICFG.sF->ICFG.sF(cap)@GlA
10-03 15:33:49.700  2810 28811 I Telecom : InCallController: packageName:com.samsung.sec.android.application.csc INTERACT_ACROSS_USERS:true INTERACT_ACROSS_PROFILES:false INTERACT_ACROSS_PROFILES_APPOP:false: TSI.aNIC->CILH.sL->CILH.oQC->BCF.gBS->BCF.gBS->ICFG.sF->ICFG.sF->ICFG.sF->ICFG.sF->ICFG.sF->ICFG.sF->ICFG.sF(cap)@GlA
10-03 15:33:49.700  2810 28811 I Telecom : SamsungInCallDumpController : ComponentEnabledSetting - componentName : ComponentInfo{com.samsung.crane/com.samsung.incallservice.InCallServiceImpl} / userId : 0 / componentEnabledState : 0
10-03 15:33:49.700  2810 28811 I Telecom : InCallController: found:ComponentInfo{com.samsung.crane/com.samsung.incallservice.InCallServiceImpl} isRequestedtype:false isEnabled:true ignoreDisabled:true hasCrossProfilePerm:true: TSI.aNIC->CILH.sL->CILH.oQC->BCF.gBS->BCF.gBS->ICFG.sF->ICFG.sF->ICFG.sF->ICFG.sF->ICFG.sF->ICFG.sF->ICFG.sF(cap)@GlA
10-03 15:33:49.700  2810 28811 I Telecom : InCallController$InCallServiceBindingConnection: Attempting to bind to InCall [ComponentInfo{com.android.bluetooth/com.android.bluetooth.telephony.BluetoothInCallService} supportsExternal? false supportsSelfMg?true] { supportsAllowedSelfMg? false, 6, 0 }, with Intent { act=android.telecom.InCallService cmp=com.android.bluetooth/.telephony.BluetoothInCallService }: TSI.aNIC->CILH.sL->CILH.oQC->BCF.gBS->BCF.gBS->ICFG.sF->ICFG.sF->ICFG.sF->ICFG.sF->ICFG.sF->ICFG.sF->ICFG.sF(cap)@GlA
10-03 15:33:49.700  2810 28811 I Telecom : InCallController$InCallServiceBindingConnection: using user id: UserHandle{0} for binding. User from Call is: UserHandle{0}: TSI.aNIC->CILH.sL->CILH.oQC->BCF.gBS->BCF.gBS->ICFG.sF->ICFG.sF->ICFG.sF->ICFG.sF->ICFG.sF->ICFG.sF->ICFG.sF(cap)@GlA
10-03 15:33:49.700  2810 28811 I Telecom : Event: RecordEntry TC@29: BIND_ICS, [ComponentInfo{com.android.bluetooth/com.android.bluetooth.telephony.BluetoothInCallService} supportsExternal? false supportsSelfMg?true] { supportsAllowedSelfMg? false, 6, 0 }, UserHandle{0}, UserHandle{0}: TSI.aNIC->CILH.sL->CILH.oQC->BCF.gBS->BCF.gBS->ICFG.sF->ICFG.sF->ICFG.sF->ICFG.sF->ICFG.sF->ICFG.sF->ICFG.sF(cap)@GlA
10-03 15:33:49.701  2810  6064 D BackgroundInstallControlService: Package event received: 0
10-03 15:33:49.701  2810 28811 I Telecom : InCallController$InCallServiceBindingConnection: mCall: [Call id=TC@29, state=NEW, tpac=ComponentInfo{com.android.phone/com.android.services.telephony.TelephonyConnectionService}, 2, UserHandle{0}, cmgr=ComponentInfo{com.android.phone/com.android.services.telephony.TelephonyConnectionService}, 2, UserHandle{0}, handle=tel:************, vidst=A, childs(0), has_parent(false), cap=[ sup_hld mut !v2a spd_aud], prop=[ HD]], voip=falsecaps=[Capabilities: CAPABILITY_SUPPORT_HOLD CAPABILITY_MUTE CAPABILITY_CANNOT_DOWNGRADE_VIDEO_TO_AUDIO CAPABILITY_SPEED_UP_MT_AUDIO], props=[Properties: PROPERTY_HIGH_DEF_AUDIO], conf(false), had_child(false), mIsConnected: true: TSI.aNIC->CILH.sL->CILH.oQC->BCF.gBS->BCF.gBS->ICFG.sF->ICFG.sF->ICFG.sF->ICFG.sF->ICFG.sF->ICFG.sF->ICFG.sF(cap)@GlA
10-03 15:33:49.701  6503  6503 I BluetoothInCallService: BluetoothInCallService is created
10-03 15:33:49.701  2810 28811 I Telecom : CallsManager: setCallState NEW -> RINGING, call: [Call id=TC@29, state=NEW, tpac=ComponentInfo{com.android.phone/com.android.services.telephony.TelephonyConnectionService}, 2, UserHandle{0}, cmgr=ComponentInfo{com.android.phone/com.android.services.telephony.TelephonyConnectionService}, 2, UserHandle{0}, handle=tel:************, vidst=A, childs(0), has_parent(false), cap=[ sup_hld mut !v2a spd_aud], prop=[ HD]], voip=falsecaps=[Capabilities: CAPABILITY_SUPPORT_HOLD CAPABILITY_MUTE CAPABILITY_CANNOT_DOWNGRADE_VIDEO_TO_AUDIO CAPABILITY_SPEED_UP_MT_AUDIO], props=[Properties: PROPERTY_HIGH_DEF_AUDIO], conf(false), had_child(false): TSI.aNIC->CILH.sL->CILH.oQC->BCF.gBS->BCF.gBS->ICFG.sF->ICFG.sF->ICFG.sF->ICFG.sF->ICFG.sF->ICFG.sF->ICFG.sF(cap)@GlA
10-03 15:33:49.702  6480  7894 D PhoneInterfaceManager: getDefaultRespondViaMessageApplication: mainUser = UserHandle{0}
10-03 15:33:49.702  6503  6503 I BluetoothAdapter: BluetoothAdapter() : com.android.bluetooth
10-03 15:33:49.702  6503  6503 I BluetoothInCallService: onBind. Intent: Intent { act=android.telecom.InCallService xflg=0x4 cmp=com.android.bluetooth/.telephony.BluetoothInCallService }
10-03 15:33:49.702  6503  6503 I BluetoothInCallService: getNetworkOperator
10-03 15:33:49.702  6480  7894 E SmsApplication: com.google.android.apps.messaging lost android:read_cell_broadcasts:  (fixing)
10-03 15:33:49.702  2810 28811 W AppOpService: Ignored setUidMode call for runtime permission app op: uid = 10262, code = READ_CELL_BROADCASTS, mode = allow, callingUid = 1001, oldMode = allow
10-03 15:33:49.703  6503  6503 I BluetoothInCallService: getNetworkOperatorNameFromTelephony : subId 2 operatorName T-Mobile
10-03 15:33:49.703  6503  6503 I BluetoothInCallService: getBearerTechnology
10-03 15:33:49.703  2810 28811 W AppOpService: Ignored setUidMode call for runtime permission app op: uid = 1001, code = RECEIVE_WAP_PUSH, mode = allow, callingUid = 1001, oldMode = allow
10-03 15:33:49.703  2810 28811 W AppOpService: Ignored setUidMode call for runtime permission app op: uid = 1001, code = READ_CELL_BROADCASTS, mode = allow, callingUid = 1001, oldMode = allow
10-03 15:33:49.703  2810 28811 I Telecom : SamsungRespondViaSmsRepositoryImpl : isRespondViaSmsCapable - phoneNumber : +17******255 / presentation : 1 / hasRespondViaSmsCapable : false / isRespondViaSmsCapable : false / userHandle : UserHandle{0}
10-03 15:33:49.703  2810 28811 I Telecom : Event: RecordEntry TC@29: SET_RINGING, successful incoming call: TSI.aNIC->CILH.sL->CILH.oQC->BCF.gBS->BCF.gBS->ICFG.sF->ICFG.sF->ICFG.sF->ICFG.sF->ICFG.sF->ICFG.sF->ICFG.sF(cap)@GlA
10-03 15:33:49.704  2810 28811 I Telecom : CallsManager: onCallFilteringComplete: allow call.: TSI.aNIC->CILH.sL->CILH.oQC->BCF.gBS->BCF.gBS->ICFG.sF->ICFG.sF->ICFG.sF->ICFG.sF->ICFG.sF->ICFG.sF->ICFG.sF(cap)@GlA
10-03 15:33:49.704  2810 28811 I Telecom : CallsManager: addCall([Call id=TC@29, state=RINGING, tpac=ComponentInfo{com.android.phone/com.android.services.telephony.TelephonyConnectionService}, 2, UserHandle{0}, cmgr=ComponentInfo{com.android.phone/com.android.services.telephony.TelephonyConnectionService}, 2, UserHandle{0}, handle=tel:************, vidst=A, childs(0), has_parent(false), cap=[ sup_hld mut !v2a spd_aud], prop=[ HD]], voip=falsecaps=[Capabilities: CAPABILITY_SUPPORT_HOLD CAPABILITY_MUTE CAPABILITY_CANNOT_DOWNGRADE_VIDEO_TO_AUDIO CAPABILITY_SPEED_UP_MT_AUDIO], props=[Properties: PROPERTY_HIGH_DEF_AUDIO], conf(false), had_child(false)): TSI.aNIC->CILH.sL->CILH.oQC->BCF.gBS->BCF.gBS->ICFG.sF->ICFG.sF->ICFG.sF->ICFG.sF->ICFG.sF->ICFG.sF->ICFG.sF(cap)@GlA
10-03 15:33:49.704  2810 28811 I Telecom : SamsungCallsManager : call : [Call id=TC@29, state=RINGING, tpac=ComponentInfo{com.android.phone/com.android.services.telephony.TelephonyConnectionService}, 2, UserHandle{0}, cmgr=ComponentInfo{com.android.phone/com.android.services.telephony.TelephonyConnectionService}, 2, UserHandle{0}, handle=tel:************, vidst=A, childs(0), has_parent(false), cap=[ sup_hld mut !v2a spd_aud], prop=[ HD]], voip=falsecaps=[Capabilities: CAPABILITY_SUPPORT_HOLD CAPABILITY_MUTE CAPABILITY_CANNOT_DOWNGRADE_VIDEO_TO_AUDIO CAPABILITY_SPEED_UP_MT_AUDIO], props=[Properties: PROPERTY_HIGH_DEF_AUDIO], conf(false), had_child(false) / hasCall : false
10-03 15:33:49.704  2810  6796 I Telecom : SamsungConnectionServiceFocusManager : handleAddedCall  - CallFocus : [CallFocus id=TC@29, state=RINGING, connectionService=ComponentInfo{com.android.phone/com.android.services.telephony.TelephonyConnectionService}, isFocusable=true]
10-03 15:33:49.704  2810 28811 W BroadcastLoopers: Found previously unknown looper Thread[IncomingCallFilterGraph,5,main]
10-03 15:33:49.704 25457  1501 I CP.CallSettingProviderUtil: ID = 3, isDefaultMessage = true, Reject Message = l=15
10-03 15:33:49.704  2810 28811 I Telecom : SamsungPhoneStateIntentBroadcaster : Broadcasted state change: 1 - RINGING
10-03 15:33:49.704 25457  1501 I CP.CallSettingProviderUtil: ID = 2, isDefaultMessage = true, Reject Message = l=24
10-03 15:33:49.704  2810 28811 I Telecom : Event: RecordEntry TC@29: ICS_CALL_ADDED, bound or connected to BT ICS, not bound or connected to other ICS: TSI.aNIC->CILH.sL->CILH.oQC->BCF.gBS->BCF.gBS->ICFG.sF->ICFG.sF->ICFG.sF->ICFG.sF->ICFG.sF->ICFG.sF->ICFG.sF(cap)@GlA
10-03 15:33:49.704 25457  1501 I CP.CallSettingProviderUtil: ID = 1, isDefaultMessage = true, Reject Message = l=19
10-03 15:33:49.704  2810 28811 I Telecom : InCallController: onCallAdded: [Call id=TC@29, state=RINGING, tpac=ComponentInfo{com.android.phone/com.android.services.telephony.TelephonyConnectionService}, 2, UserHandle{0}, cmgr=ComponentInfo{com.android.phone/com.android.services.telephony.TelephonyConnectionService}, 2, UserHandle{0}, handle=tel:************, vidst=A, childs(0), has_parent(false), cap=[ sup_hld mut !v2a spd_aud], prop=[ HD]], voip=falsecaps=[Capabilities: CAPABILITY_SUPPORT_HOLD CAPABILITY_MUTE CAPABILITY_CANNOT_DOWNGRADE_VIDEO_TO_AUDIO CAPABILITY_SPEED_UP_MT_AUDIO], props=[Properties: PROPERTY_HIGH_DEF_AUDIO], conf(false), had_child(false): TSI.aNIC->CILH.sL->CILH.oQC->BCF.gBS->BCF.gBS->ICFG.sF->ICFG.sF->ICFG.sF->ICFG.sF->ICFG.sF->ICFG.sF->ICFG.sF(cap)@GlA
10-03 15:33:49.704  2810 28811 I Telecom : InCallController: onCallAdded: [Call id=TC@29, state=RINGING, tpac=ComponentInfo{com.android.phone/com.android.services.telephony.TelephonyConnectionService}, 2, UserHandle{0}, cmgr=ComponentInfo{com.android.phone/com.android.services.telephony.TelephonyConnectionService}, 2, UserHandle{0}, handle=tel:************, vidst=A, childs(0), has_parent(false), cap=[ sup_hld mut !v2a spd_aud], prop=[ HD]], voip=falsecaps=[Capabilities: CAPABILITY_SUPPORT_HOLD CAPABILITY_MUTE CAPABILITY_CANNOT_DOWNGRADE_VIDEO_TO_AUDIO CAPABILITY_SPEED_UP_MT_AUDIO], props=[Properties: PROPERTY_HIGH_DEF_AUDIO], conf(false), had_child(false); not bound or connected to other ICS.: TSI.aNIC->CILH.sL->CILH.oQC->BCF.gBS->BCF.gBS->ICFG.sF->ICFG.sF->ICFG.sF->ICFG.sF->ICFG.sF->ICFG.sF->ICFG.sF(cap)@GlA
10-03 15:33:49.704  2810 28811 I Telecom : InCallController: child:UserHandle{0}  parent:null: TSI.aNIC->CILH.sL->CILH.oQC->BCF.gBS->BCF.gBS->ICFG.sF->ICFG.sF->ICFG.sF->ICFG.sF->ICFG.sF->ICFG.sF->ICFG.sF(cap)@GlA
10-03 15:33:49.704  2810 28811 I Telecom : Event: RecordEntry TC@29: BTS_ICS, null, false, 2810, 28811: TSI.aNIC->CILH.sL->CILH.oQC->BCF.gBS->BCF.gBS->ICFG.sF->ICFG.sF->ICFG.sF->ICFG.sF->ICFG.sF->ICFG.sF->ICFG.sF(cap)@GlA
10-03 15:33:49.704  2810 28811 I Telecom : InCallController: getComponents, pkgname: com.samsung.android.incallui comp: null userid: 0 requestedType: 2: TSI.aNIC->CILH.sL->CILH.oQC->BCF.gBS->BCF.gBS->ICFG.sF->ICFG.sF->ICFG.sF->ICFG.sF->ICFG.sF->ICFG.sF->ICFG.sF(cap)@GlA
10-03 15:33:49.704  2810 28815 I Telecom : SamsungQuickResponsesRepositoryImpl : loadCannedTextMessages - count : 3
10-03 15:33:49.704  2810 28811 I Telecom : InCallController: packageName:com.samsung.sec.android.application.csc INTERACT_ACROSS_USERS:true INTERACT_ACROSS_PROFILES:false INTERACT_ACROSS_PROFILES_APPOP:false: TSI.aNIC->CILH.sL->CILH.oQC->BCF.gBS->BCF.gBS->ICFG.sF->ICFG.sF->ICFG.sF->ICFG.sF->ICFG.sF->ICFG.sF->ICFG.sF(cap)@GlA
10-03 15:33:49.704  2810 28811 I Telecom : SamsungInCallDumpController : ComponentEnabledSetting - componentName : ComponentInfo{com.samsung.android.incallui/com.android.incallui.InCallServiceImpl} / userId : 0 / componentEnabledState : 0
10-03 15:33:49.704  2810 28811 I Telecom : InCallController: found:ComponentInfo{com.samsung.android.incallui/com.android.incallui.InCallServiceImpl} isRequestedtype:true isEnabled:true ignoreDisabled:true hasCrossProfilePerm:true: TSI.aNIC->CILH.sL->CILH.oQC->BCF.gBS->BCF.gBS->ICFG.sF->ICFG.sF->ICFG.sF->ICFG.sF->ICFG.sF->ICFG.sF->ICFG.sF(cap)@GlA
10-03 15:33:49.704  2810 28811 I Telecom : InCallController: packageName:com.samsung.sec.android.application.csc INTERACT_ACROSS_USERS:true INTERACT_ACROSS_PROFILES:false INTERACT_ACROSS_PROFILES_APPOP:false: TSI.aNIC->CILH.sL->CILH.oQC->BCF.gBS->BCF.gBS->ICFG.sF->ICFG.sF->ICFG.sF->ICFG.sF->ICFG.sF->ICFG.sF->ICFG.sF(cap)@GlA
10-03 15:33:49.704  2810 28811 I Telecom : SamsungInCallDumpController : ComponentEnabledSetting - componentName : ComponentInfo{com.samsung.android.incallui/com.android.incallui.NonUiServiceImpl} / userId : 0 / componentEnabledState : 0
10-03 15:33:49.704  2810 28811 I Telecom : InCallController: found:ComponentInfo{com.samsung.android.incallui/com.android.incallui.NonUiServiceImpl} isRequestedtype:false isEnabled:true ignoreDisabled:true hasCrossProfilePerm:true: TSI.aNIC->CILH.sL->CILH.oQC->BCF.gBS->BCF.gBS->ICFG.sF->ICFG.sF->ICFG.sF->ICFG.sF->ICFG.sF->ICFG.sF->ICFG.sF(cap)@GlA
10-03 15:33:49.704  2810 28811 I Telecom : InCallController: defaultDialer: [ComponentInfo{com.samsung.android.incallui/com.android.incallui.InCallServiceImpl} supportsExternal? true supportsSelfMg?false] { supportsAllowedSelfMg? false, 2, 0 }: TSI.aNIC->CILH.sL->CILH.oQC->BCF.gBS->BCF.gBS->ICFG.sF->ICFG.sF->ICFG.sF->ICFG.sF->ICFG.sF->ICFG.sF->ICFG.sF(cap)@GlA
10-03 15:33:49.704  2810 28811 I Telecom : InCallController: defaultDialer: null: TSI.aNIC->CILH.sL->CILH.oQC->BCF.gBS->BCF.gBS->ICFG.sF->ICFG.sF->ICFG.sF->ICFG.sF->ICFG.sF->ICFG.sF->ICFG.sF(cap)@GlA
10-03 15:33:49.704  2810 28811 I Telecom : InCallController: getComponents, pkgname: null comp: ComponentInfo{com.samsung.android.incallui/com.android.incallui.InCallServiceImpl} userid: 0 requestedType: 2: TSI.aNIC->CILH.sL->CILH.oQC->BCF.gBS->BCF.gBS->ICFG.sF->ICFG.sF->ICFG.sF->ICFG.sF->ICFG.sF->ICFG.sF->ICFG.sF(cap)@GlA
10-03 15:33:49.705  2810 28811 I Telecom : InCallController: packageName:com.samsung.sec.android.application.csc INTERACT_ACROSS_USERS:true INTERACT_ACROSS_PROFILES:false INTERACT_ACROSS_PROFILES_APPOP:false: TSI.aNIC->CILH.sL->CILH.oQC->BCF.gBS->BCF.gBS->ICFG.sF->ICFG.sF->ICFG.sF->ICFG.sF->ICFG.sF->ICFG.sF->ICFG.sF(cap)@GlA
10-03 15:33:49.705  2810 28811 I Telecom : SamsungInCallDumpController : ComponentEnabledSetting - componentName : ComponentInfo{com.samsung.android.incallui/com.android.incallui.InCallServiceImpl} / userId : 0 / componentEnabledState : 0
10-03 15:33:49.705  2810 28811 I Telecom : InCallController: found:ComponentInfo{com.samsung.android.incallui/com.android.incallui.InCallServiceImpl} isRequestedtype:true isEnabled:true ignoreDisabled:true hasCrossProfilePerm:true: TSI.aNIC->CILH.sL->CILH.oQC->BCF.gBS->BCF.gBS->ICFG.sF->ICFG.sF->ICFG.sF->ICFG.sF->ICFG.sF->ICFG.sF->ICFG.sF(cap)@GlA
10-03 15:33:49.705  2810 28811 I Telecom : SamsungCallControlPolicyManager : using values for mcc : 310
10-03 15:33:49.705  2810 28811 I Telecom : SamsungCallControlPolicyManager : callImmediately phoneNumber : +17******255 / countryCode :  / isSpecialNumber : false
10-03 15:33:49.705  2810 28811 I Telecom : SamsungCallsManager : wasEverInSpecialNumberForCallImmediately : false
10-03 15:33:49.705  2810 28811 I Telecom : InCallController: getComponents, pkgname: null comp: null userid: 0 requestedType: 3: TSI.aNIC->CILH.sL->CILH.oQC->BCF.gBS->BCF.gBS->ICFG.sF->ICFG.sF->ICFG.sF->ICFG.sF->ICFG.sF->ICFG.sF->ICFG.sF(cap)@GlA
10-03 15:33:49.705  2810 28811 I Telecom : InCallController: packageName:com.sec.android.app.servicemodeapp INTERACT_ACROSS_USERS:true INTERACT_ACROSS_PROFILES:true INTERACT_ACROSS_PROFILES_APPOP:true: TSI.aNIC->CILH.sL->CILH.oQC->BCF.gBS->BCF.gBS->ICFG.sF->ICFG.sF->ICFG.sF->ICFG.sF->ICFG.sF->ICFG.sF->ICFG.sF(cap)@GlA
10-03 15:33:49.705  2810 28811 I Telecom : SamsungInCallDumpController : ComponentEnabledSetting - componentName : ComponentInfo{android/com.android.server.companion.datatransfer.contextsync.CallMetadataSyncInCallService} / userId : 0 / componentEnabledState : 0
10-03 15:33:49.705  2810 28811 I Telecom : InCallController: found:ComponentInfo{android/com.android.server.companion.datatransfer.contextsync.CallMetadataSyncInCallService} isRequestedtype:false isEnabled:false ignoreDisabled:true hasCrossProfilePerm:true: TSI.aNIC->CILH.sL->CILH.oQC->BCF.gBS->BCF.gBS->ICFG.sF->ICFG.sF->ICFG.sF->ICFG.sF->ICFG.sF->ICFG.sF->ICFG.sF(cap)@GlA
10-03 15:33:49.705  2810 28811 I Telecom : InCallController: packageName:com.sec.android.app.servicemodeapp INTERACT_ACROSS_USERS:true INTERACT_ACROSS_PROFILES:true INTERACT_ACROSS_PROFILES_APPOP:true: TSI.aNIC->CILH.sL->CILH.oQC->BCF.gBS->BCF.gBS->ICFG.sF->ICFG.sF->ICFG.sF->ICFG.sF->ICFG.sF->ICFG.sF->ICFG.sF(cap)@GlA
10-03 15:33:49.705  2810 28811 I Telecom : SamsungInCallDumpController : ComponentEnabledSetting - componentName : ComponentInfo{android/com.android.ecm.EnhancedConfirmationCallTrackerService} / userId : 0 / componentEnabledState : 0
10-03 15:33:49.705  2810 28811 I Telecom : InCallController: found:ComponentInfo{android/com.android.ecm.EnhancedConfirmationCallTrackerService} isRequestedtype:false isEnabled:true ignoreDisabled:true hasCrossProfilePerm:true: TSI.aNIC->CILH.sL->CILH.oQC->BCF.gBS->BCF.gBS->ICFG.sF->ICFG.sF->ICFG.sF->ICFG.sF->ICFG.sF->ICFG.sF->ICFG.sF(cap)@GlA
10-03 15:33:49.705  2810 28811 I Telecom : InCallController: packageName:com.sec.android.app.bluetoothagent INTERACT_ACROSS_USERS:true INTERACT_ACROSS_PROFILES:false INTERACT_ACROSS_PROFILES_APPOP:false: TSI.aNIC->CILH.sL->CILH.oQC->BCF.gBS->BCF.gBS->ICFG.sF->ICFG.sF->ICFG.sF->ICFG.sF->ICFG.sF->ICFG.sF->ICFG.sF(cap)@GlA
10-03 15:33:49.705  2810 28811 I Telecom : SamsungInCallDumpController : ComponentEnabledSetting - componentName : ComponentInfo{com.android.bluetooth/com.android.bluetooth.telephony.BluetoothInCallService} / userId : 0 / componentEnabledState : 1
10-03 15:33:49.705  2810 28811 I Telecom : InCallController: found:ComponentInfo{com.android.bluetooth/com.android.bluetooth.telephony.BluetoothInCallService} isRequestedtype:false isEnabled:true ignoreDisabled:true hasCrossProfilePerm:true: TSI.aNIC->CILH.sL->CILH.oQC->BCF.gBS->BCF.gBS->ICFG.sF->ICFG.sF->ICFG.sF->ICFG.sF->ICFG.sF->ICFG.sF->ICFG.sF(cap)@GlA
10-03 15:33:49.705  2810 28811 I Telecom : InCallController: packageName:com.google.android.as INTERACT_ACROSS_USERS:false INTERACT_ACROSS_PROFILES:false INTERACT_ACROSS_PROFILES_APPOP:false: TSI.aNIC->CILH.sL->CILH.oQC->BCF.gBS->BCF.gBS->ICFG.sF->ICFG.sF->ICFG.sF->ICFG.sF->ICFG.sF->ICFG.sF->ICFG.sF(cap)@GlA
10-03 15:33:49.705  2810 28811 I Telecom : SamsungInCallDumpController : ComponentEnabledSetting - componentName : ComponentInfo{com.google.android.as/com.google.android.apps.miphone.aiai.captions.tulip.audiosource.impl.CIS} / userId : 0 / componentEnabledState : 1
10-03 15:33:49.705  2810 28811 I Telecom : InCallController: found:ComponentInfo{com.google.android.as/com.google.android.apps.miphone.aiai.captions.tulip.audiosource.impl.CIS} isRequestedtype:false isEnabled:true ignoreDisabled:true hasCrossProfilePerm:false: TSI.aNIC->CILH.sL->CILH.oQC->BCF.gBS->BCF.gBS->ICFG.sF->ICFG.sF->ICFG.sF->ICFG.sF->ICFG.sF->ICFG.sF->ICFG.sF(cap)@GlA
10-03 15:33:49.705  2810 28811 I Telecom : InCallController: packageName:com.google.android.gsf INTERACT_ACROSS_USERS:true INTERACT_ACROSS_PROFILES:false INTERACT_ACROSS_PROFILES_APPOP:false: TSI.aNIC->CILH.sL->CILH.oQC->BCF.gBS->BCF.gBS->ICFG.sF->ICFG.sF->ICFG.sF->ICFG.sF->ICFG.sF->ICFG.sF->ICFG.sF(cap)@GlA
10-03 15:33:49.705  2810 28811 I Telecom : SamsungInCallDumpController : ComponentEnabledSetting - componentName : ComponentInfo{com.google.android.gms/com.google.android.gms.bankscamwarning.services.BankScamCallDetectionService} / userId : 0 / componentEnabledState : 0
10-03 15:33:49.705  2810 28811 I Telecom : InCallController: found:ComponentInfo{com.google.android.gms/com.google.android.gms.bankscamwarning.services.BankScamCallDetectionService} isRequestedtype:false isEnabled:true ignoreDisabled:true hasCrossProfilePerm:true: TSI.aNIC->CILH.sL->CILH.oQC->BCF.gBS->BCF.gBS->ICFG.sF->ICFG.sF->ICFG.sF->ICFG.sF->ICFG.sF->ICFG.sF->ICFG.sF(cap)@GlA
10-03 15:33:49.705  2810 28811 I Telecom : InCallController: packageName:com.google.android.googlequicksearchbox INTERACT_ACROSS_USERS:false INTERACT_ACROSS_PROFILES:false INTERACT_ACROSS_PROFILES_APPOP:false: TSI.aNIC->CILH.sL->CILH.oQC->BCF.gBS->BCF.gBS->ICFG.sF->ICFG.sF->ICFG.sF->ICFG.sF->ICFG.sF->ICFG.sF->ICFG.sF(cap)@GlA
10-03 15:33:49.705  2810 28811 I Telecom : SamsungInCallDumpController : ComponentEnabledSetting - componentName : ComponentInfo{com.google.android.googlequicksearchbox/com.google.android.libraries.search.assistant.incallservice.IncomingCallInCallService} / userId : 0 / componentEnabledState : 1
10-03 15:33:49.705  2810 28811 I Telecom : InCallController: found:ComponentInfo{com.google.android.googlequicksearchbox/com.google.android.libraries.search.assistant.incallservice.IncomingCallInCallService} isRequestedtype:false isEnabled:true ignoreDisabled:true hasCrossProfilePerm:false: TSI.aNIC->CILH.sL->CILH.oQC->BCF.gBS->BCF.gBS->ICFG.sF->ICFG.sF->ICFG.sF->ICFG.sF->ICFG.sF->ICFG.sF->ICFG.sF(cap)@GlA
10-03 15:33:49.705  2810 28811 I Telecom : InCallController: packageName:com.google.android.googlequicksearchbox INTERACT_ACROSS_USERS:false INTERACT_ACROSS_PROFILES:false INTERACT_ACROSS_PROFILES_APPOP:false: TSI.aNIC->CILH.sL->CILH.oQC->BCF.gBS->BCF.gBS->ICFG.sF->ICFG.sF->ICFG.sF->ICFG.sF->ICFG.sF->ICFG.sF->ICFG.sF(cap)@GlA
10-03 15:33:49.705  2810 28811 I Telecom : SamsungInCallDumpController : ComponentEnabledSetting - componentName : ComponentInfo{com.google.android.googlequicksearchbox/com.google.android.libraries.search.assistant.performer.communication.IncomingCallInCallService} / userId : 0 / componentEnabledState : 2
10-03 15:33:49.705  2810 28811 I Telecom : InCallController: found:ComponentInfo{com.google.android.googlequicksearchbox/com.google.android.libraries.search.assistant.performer.communication.IncomingCallInCallService} isRequestedtype:false isEnabled:false ignoreDisabled:true hasCrossProfilePerm:false: TSI.aNIC->CILH.sL->CILH.oQC->BCF.gBS->BCF.gBS->ICFG.sF->ICFG.sF->ICFG.sF->ICFG.sF->ICFG.sF->ICFG.sF->ICFG.sF(cap)@GlA
10-03 15:33:49.705  2810 28811 I Telecom : InCallController: packageName:com.google.android.projection.gearhead INTERACT_ACROSS_USERS:false INTERACT_ACROSS_PROFILES:false INTERACT_ACROSS_PROFILES_APPOP:false: TSI.aNIC->CILH.sL->CILH.oQC->BCF.gBS->BCF.gBS->ICFG.sF->ICFG.sF->ICFG.sF->ICFG.sF->ICFG.sF->ICFG.sF->ICFG.sF(cap)@GlA
10-03 15:33:49.705  2810 28811 I Telecom : SamsungInCallDumpController : ComponentEnabledSetting - componentName : ComponentInfo{com.google.android.projection.gearhead/com.google.android.apps.auto.components.telecom.service.NonCarInCallServiceImpl} / userId : 0 / componentEnabledState : 2
10-03 15:33:49.705  2810 28811 I Telecom : InCallController: found:ComponentInfo{com.google.android.projection.gearhead/com.google.android.apps.auto.components.telecom.service.NonCarInCallServiceImpl} isRequestedtype:false isEnabled:false ignoreDisabled:true hasCrossProfilePerm:false: TSI.aNIC->CILH.sL->CILH.oQC->BCF.gBS->BCF.gBS->ICFG.sF->ICFG.sF->ICFG.sF->ICFG.sF->ICFG.sF->ICFG.sF->ICFG.sF(cap)@GlA
10-03 15:33:49.705  2810 28811 I Telecom : InCallController: packageName:com.google.android.projection.gearhead INTERACT_ACROSS_USERS:false INTERACT_ACROSS_PROFILES:false INTERACT_ACROSS_PROFILES_APPOP:false: TSI.aNIC->CILH.sL->CILH.oQC->BCF.gBS->BCF.gBS->ICFG.sF->ICFG.sF->ICFG.sF->ICFG.sF->ICFG.sF->ICFG.sF->ICFG.sF(cap)@GlA
10-03 15:33:49.706  2810 28811 I Telecom : SamsungInCallDumpController : ComponentEnabledSetting - componentName : ComponentInfo{com.google.android.projection.gearhead/com.google.android.apps.auto.components.telecom.service.CarProjectionInCallServiceImpl} / userId : 0 / componentEnabledState : 0
10-03 15:33:49.706  2810 28811 I Telecom : InCallController: found:ComponentInfo{com.google.android.projection.gearhead/com.google.android.apps.auto.components.telecom.service.CarProjectionInCallServiceImpl} isRequestedtype:true isEnabled:false ignoreDisabled:true hasCrossProfilePerm:false: TSI.aNIC->CILH.sL->CILH.oQC->BCF.gBS->BCF.gBS->ICFG.sF->ICFG.sF->ICFG.sF->ICFG.sF->ICFG.sF->ICFG.sF->ICFG.sF(cap)@GlA
10-03 15:33:49.706  2810 28811 I Telecom : InCallController: packageName:com.samsung.android.bixby.agent INTERACT_ACROSS_USERS:true INTERACT_ACROSS_PROFILES:false INTERACT_ACROSS_PROFILES_APPOP:false: TSI.aNIC->CILH.sL->CILH.oQC->BCF.gBS->BCF.gBS->ICFG.sF->ICFG.sF->ICFG.sF->ICFG.sF->ICFG.sF->ICFG.sF->ICFG.sF(cap)@GlA
10-03 15:33:49.706  2810 28811 I Telecom : SamsungInCallDumpController : ComponentEnabledSetting - componentName : ComponentInfo{com.samsung.android.bixby.agent/com.samsung.android.bixby.agent.appbridge.incallservice.BixbyInCallService} / userId : 0 / componentEnabledState : 2
10-03 15:33:49.706  2810 28811 I Telecom : InCallController: found:ComponentInfo{com.samsung.android.bixby.agent/com.samsung.android.bixby.agent.appbridge.incallservice.BixbyInCallService} isRequestedtype:false isEnabled:false ignoreDisabled:true hasCrossProfilePerm:true: TSI.aNIC->CILH.sL->CILH.oQC->BCF.gBS->BCF.gBS->ICFG.sF->ICFG.sF->ICFG.sF->ICFG.sF->ICFG.sF->ICFG.sF->ICFG.sF(cap)@GlA
10-03 15:33:49.706  2810 28811 I Telecom : InCallController: packageName:com.samsung.android.dialer INTERACT_ACROSS_USERS:true INTERACT_ACROSS_PROFILES:false INTERACT_ACROSS_PROFILES_APPOP:false: TSI.aNIC->CILH.sL->CILH.oQC->BCF.gBS->BCF.gBS->ICFG.sF->ICFG.sF->ICFG.sF->ICFG.sF->ICFG.sF->ICFG.sF->ICFG.sF(cap)@GlA
10-03 15:33:49.706  2810 28811 I Telecom : SamsungInCallDumpController : ComponentEnabledSetting - componentName : ComponentInfo{com.samsung.android.dialer/com.android.incallui.InCallServiceImpl} / userId : 0 / componentEnabledState : 0
10-03 15:33:49.706  2810 28811 I Telecom : InCallController: found:ComponentInfo{com.samsung.android.dialer/com.android.incallui.InCallServiceImpl} isRequestedtype:false isEnabled:true ignoreDisabled:true hasCrossProfilePerm:true: TSI.aNIC->CILH.sL->CILH.oQC->BCF.gBS->BCF.gBS->ICFG.sF->ICFG.sF->ICFG.sF->ICFG.sF->ICFG.sF->ICFG.sF->ICFG.sF(cap)@GlA
10-03 15:33:49.706  2810 28811 I Telecom : InCallController: packageName:com.sec.android.app.servicemodeapp INTERACT_ACROSS_USERS:true INTERACT_ACROSS_PROFILES:true INTERACT_ACROSS_PROFILES_APPOP:true: TSI.aNIC->CILH.sL->CILH.oQC->BCF.gBS->BCF.gBS->ICFG.sF->ICFG.sF->ICFG.sF->ICFG.sF->ICFG.sF->ICFG.sF->ICFG.sF(cap)@GlA
10-03 15:33:49.706  2810 28811 I Telecom : SamsungInCallDumpController : ComponentEnabledSetting - componentName : ComponentInfo{com.samsung.android.emergency/com.samsung.android.emergency.InCallService.EmergencyInCallServiceImpl} / userId : 0 / componentEnabledState : 0
10-03 15:33:49.706  2810 28811 I Telecom : InCallController: found:ComponentInfo{com.samsung.android.emergency/com.samsung.android.emergency.InCallService.EmergencyInCallServiceImpl} isRequestedtype:false isEnabled:false ignoreDisabled:true hasCrossProfilePerm:true: TSI.aNIC->CILH.sL->CILH.oQC->BCF.gBS->BCF.gBS->ICFG.sF->ICFG.sF->ICFG.sF->ICFG.sF->ICFG.sF->ICFG.sF->ICFG.sF(cap)@GlA
10-03 15:33:49.706  2810 28811 I Telecom : InCallController: packageName:com.samsung.sec.android.application.csc INTERACT_ACROSS_USERS:true INTERACT_ACROSS_PROFILES:false INTERACT_ACROSS_PROFILES_APPOP:false: TSI.aNIC->CILH.sL->CILH.oQC->BCF.gBS->BCF.gBS->ICFG.sF->ICFG.sF->ICFG.sF->ICFG.sF->ICFG.sF->ICFG.sF->ICFG.sF(cap)@GlA
10-03 15:33:49.706  2810 28811 I Telecom : SamsungInCallDumpController : ComponentEnabledSetting - componentName : ComponentInfo{com.samsung.android.incallui/com.android.incallui.InCallServiceImpl} / userId : 0 / componentEnabledState : 0
10-03 15:33:49.706  2810 28811 I Telecom : InCallController: found:ComponentInfo{com.samsung.android.incallui/com.android.incallui.InCallServiceImpl} isRequestedtype:false isEnabled:true ignoreDisabled:true hasCrossProfilePerm:true: TSI.aNIC->CILH.sL->CILH.oQC->BCF.gBS->BCF.gBS->ICFG.sF->ICFG.sF->ICFG.sF->ICFG.sF->ICFG.sF->ICFG.sF->ICFG.sF(cap)@GlA
10-03 15:33:49.706  2810 28811 I Telecom : InCallController: packageName:com.samsung.sec.android.application.csc INTERACT_ACROSS_USERS:true INTERACT_ACROSS_PROFILES:false INTERACT_ACROSS_PROFILES_APPOP:false: TSI.aNIC->CILH.sL->CILH.oQC->BCF.gBS->BCF.gBS->ICFG.sF->ICFG.sF->ICFG.sF->ICFG.sF->ICFG.sF->ICFG.sF->ICFG.sF(cap)@GlA
10-03 15:33:49.706  2810 28811 I Telecom : SamsungInCallDumpController : ComponentEnabledSetting - componentName : ComponentInfo{com.samsung.android.incallui/com.android.incallui.NonUiServiceImpl} / userId : 0 / componentEnabledState : 0
10-03 15:33:49.706  2810 28811 I Telecom : InCallController: found:ComponentInfo{com.samsung.android.incallui/com.android.incallui.NonUiServiceImpl} isRequestedtype:false isEnabled:true ignoreDisabled:true hasCrossProfilePerm:true: TSI.aNIC->CILH.sL->CILH.oQC->BCF.gBS->BCF.gBS->ICFG.sF->ICFG.sF->ICFG.sF->ICFG.sF->ICFG.sF->ICFG.sF->ICFG.sF(cap)@GlA
10-03 15:33:49.706  2810 28811 I Telecom : InCallController: packageName:com.sec.android.app.servicemodeapp INTERACT_ACROSS_USERS:true INTERACT_ACROSS_PROFILES:true INTERACT_ACROSS_PROFILES_APPOP:true: TSI.aNIC->CILH.sL->CILH.oQC->BCF.gBS->BCF.gBS->ICFG.sF->ICFG.sF->ICFG.sF->ICFG.sF->ICFG.sF->ICFG.sF->ICFG.sF(cap)@GlA
10-03 15:33:49.706  2810 28811 I Telecom : SamsungInCallDumpController : ComponentEnabledSetting - componentName : ComponentInfo{com.samsung.android.mdecservice/com.samsung.android.mdecservice.mdec.services.InCallServiceImpl} / userId : 0 / componentEnabledState : 1
10-03 15:33:49.706  2810 28811 I Telecom : InCallController: found:ComponentInfo{com.samsung.android.mdecservice/com.samsung.android.mdecservice.mdec.services.InCallServiceImpl} isRequestedtype:false isEnabled:true ignoreDisabled:true hasCrossProfilePerm:true: TSI.aNIC->CILH.sL->CILH.oQC->BCF.gBS->BCF.gBS->ICFG.sF->ICFG.sF->ICFG.sF->ICFG.sF->ICFG.sF->ICFG.sF->ICFG.sF(cap)@GlA
10-03 15:33:49.706  2810 28811 I Telecom : InCallController: packageName:com.samsung.sec.android.application.csc INTERACT_ACROSS_USERS:true INTERACT_ACROSS_PROFILES:false INTERACT_ACROSS_PROFILES_APPOP:false: TSI.aNIC->CILH.sL->CILH.oQC->BCF.gBS->BCF.gBS->ICFG.sF->ICFG.sF->ICFG.sF->ICFG.sF->ICFG.sF->ICFG.sF->ICFG.sF(cap)@GlA
10-03 15:33:49.706  2810 28811 I Telecom : SamsungInCallDumpController : ComponentEnabledSetting - componentName : ComponentInfo{com.samsung.crane/com.samsung.incallservice.InCallServiceImpl} / userId : 0 / componentEnabledState : 0
10-03 15:33:49.706  2810 28811 I Telecom : InCallController: found:ComponentInfo{com.samsung.crane/com.samsung.incallservice.InCallServiceImpl} isRequestedtype:false isEnabled:true ignoreDisabled:true hasCrossProfilePerm:true: TSI.aNIC->CILH.sL->CILH.oQC->BCF.gBS->BCF.gBS->ICFG.sF->ICFG.sF->ICFG.sF->ICFG.sF->ICFG.sF->ICFG.sF->ICFG.sF(cap)@GlA
10-03 15:33:49.706  2810 28811 I Telecom : Event: RecordEntry TC@29: NEW_ICSC, [ComponentInfo{com.samsung.android.incallui/com.android.incallui.InCallServiceImpl} supportsExternal? true supportsSelfMg?false] { supportsAllowedSelfMg? false, 2, 0 }, null, [ComponentInfo{com.samsung.android.incallui/com.android.incallui.InCallServiceImpl} supportsExternal? true supportsSelfMg?false] { supportsAllowedSelfMg? false, 2, 0 }, null: TSI.aNIC->CILH.sL->CILH.oQC->BCF.gBS->BCF.gBS->ICFG.sF->ICFG.sF->ICFG.sF->ICFG.sF->ICFG.sF->ICFG.sF->ICFG.sF(cap)@GlA
10-03 15:33:49.706  2810 28811 I Telecom : Event: RecordEntry TC@29: NEW_ICS_INFO, [ComponentInfo{com.samsung.android.incallui/com.android.incallui.InCallServiceImpl} supportsExternal? true supportsSelfMg?false] { supportsAllowedSelfMg? false, 2, 0 }, [ComponentInfo{com.samsung.android.incallui/com.android.incallui.InCallServiceImpl} supportsExternal? true supportsSelfMg?false] { supportsAllowedSelfMg? false, 2, 0 }, null, false, false: TSI.aNIC->CILH.sL->CILH.oQC->BCF.gBS->BCF.gBS->ICFG.sF->ICFG.sF->ICFG.sF->ICFG.sF->ICFG.sF->ICFG.sF->ICFG.sF(cap)@GlA
10-03 15:33:49.706  2810 28811 I Telecom : InCallController$CarSwappingInCallServiceConnection: chooseInitialInCallService: false => false: TSI.aNIC->CILH.sL->CILH.oQC->BCF.gBS->BCF.gBS->ICFG.sF->ICFG.sF->ICFG.sF->ICFG.sF->ICFG.sF->ICFG.sF->ICFG.sF(cap)@GlA
10-03 15:33:49.706  2810 28811 I Telecom : EmergencyCallHelper: ShouldGrantTemporaryLocationPermission, not emergency: TSI.aNIC->CILH.sL->CILH.oQC->BCF.gBS->BCF.gBS->ICFG.sF->ICFG.sF->ICFG.sF->ICFG.sF->ICFG.sF->ICFG.sF->ICFG.sF(cap)@GlA
10-03 15:33:49.706  2810 28811 I Telecom : InCallController$EmergencyInCallServiceConnection: Attempting to bind to InCall [ComponentInfo{com.samsung.android.incallui/com.android.incallui.InCallServiceImpl} supportsExternal? true supportsSelfMg?false] { supportsAllowedSelfMg? false, 2, 0 }, with Intent { act=android.telecom.InCallService cmp=com.samsung.android.incallui/com.android.incallui.InCallServiceImpl }: TSI.aNIC->CILH.sL->CILH.oQC->BCF.gBS->BCF.gBS->ICFG.sF->ICFG.sF->ICFG.sF->ICFG.sF->ICFG.sF->ICFG.sF->ICFG.sF(cap)@GlA
10-03 15:33:49.706  2810 28811 I Telecom : InCallController$EmergencyInCallServiceConnection: using user id: UserHandle{-2} for binding. User from Call is: UserHandle{0}: TSI.aNIC->CILH.sL->CILH.oQC->BCF.gBS->BCF.gBS->ICFG.sF->ICFG.sF->ICFG.sF->ICFG.sF->ICFG.sF->ICFG.sF->ICFG.sF(cap)@GlA
10-03 15:33:49.706  2810 28811 I Telecom : Event: RecordEntry TC@29: BIND_ICS, [ComponentInfo{com.samsung.android.incallui/com.android.incallui.InCallServiceImpl} supportsExternal? true supportsSelfMg?false] { supportsAllowedSelfMg? false, 2, 0 }, UserHandle{-2}, UserHandle{0}: TSI.aNIC->CILH.sL->CILH.oQC->BCF.gBS->BCF.gBS->ICFG.sF->ICFG.sF->ICFG.sF->ICFG.sF->ICFG.sF->ICFG.sF->ICFG.sF(cap)@GlA
10-03 15:33:49.707  2810  6064 D BackgroundInstallControlService: Package event received: 0
10-03 15:33:49.707  2232  2317 E HeatmapThread: ECT Thread time in milliseconds: 1759523629
10-03 15:33:49.708  2810 28811 D ActivityManager: sync unfroze 25489 com.samsung.android.incallui for 6
10-03 15:33:49.708 25489 25489 I Choreographer: Skipped 10134 frames!  The application may be doing too much work on its main thread.
10-03 15:33:49.708  2810 28811 I Telecom : InCallController$EmergencyInCallServiceConnection: mCall: [Call id=TC@29, state=RINGING, tpac=ComponentInfo{com.android.phone/com.android.services.telephony.TelephonyConnectionService}, 2, UserHandle{0}, cmgr=ComponentInfo{com.android.phone/com.android.services.telephony.TelephonyConnectionService}, 2, UserHandle{0}, handle=tel:************, vidst=A, childs(0), has_parent(false), cap=[ sup_hld mut !v2a spd_aud], prop=[ HD]], voip=falsecaps=[Capabilities: CAPABILITY_SUPPORT_HOLD CAPABILITY_MUTE CAPABILITY_CANNOT_DOWNGRADE_VIDEO_TO_AUDIO CAPABILITY_SPEED_UP_MT_AUDIO], props=[Properties: PROPERTY_HIGH_DEF_AUDIO], conf(false), had_child(false), mIsConnected: true: TSI.aNIC->CILH.sL->CILH.oQC->BCF.gBS->BCF.gBS->ICFG.sF->ICFG.sF->ICFG.sF->ICFG.sF->ICFG.sF->ICFG.sF->ICFG.sF(cap)@GlA
10-03 15:33:49.708  2810 28811 I Telecom : InCallController: getComponents, pkgname: null comp: null userid: 0 requestedType: 4: TSI.aNIC->CILH.sL->CILH.oQC->BCF.gBS->BCF.gBS->ICFG.sF->ICFG.sF->ICFG.sF->ICFG.sF->ICFG.sF->ICFG.sF->ICFG.sF(cap)@GlA
10-03 15:33:49.708  2810 28811 I Telecom : InCallController: packageName:com.sec.android.app.servicemodeapp INTERACT_ACROSS_USERS:true INTERACT_ACROSS_PROFILES:true INTERACT_ACROSS_PROFILES_APPOP:true: TSI.aNIC->CILH.sL->CILH.oQC->BCF.gBS->BCF.gBS->ICFG.sF->ICFG.sF->ICFG.sF->ICFG.sF->ICFG.sF->ICFG.sF->ICFG.sF(cap)@GlA
10-03 15:33:49.708  2810 28811 I Telecom : SamsungInCallDumpController : ComponentEnabledSetting - componentName : ComponentInfo{android/com.android.server.companion.datatransfer.contextsync.CallMetadataSyncInCallService} / userId : 0 / componentEnabledState : 0
10-03 15:33:49.708  2810 28811 I Telecom : InCallController: found:ComponentInfo{android/com.android.server.companion.datatransfer.contextsync.CallMetadataSyncInCallService} isRequestedtype:true isEnabled:false ignoreDisabled:true hasCrossProfilePerm:true: TSI.aNIC->CILH.sL->CILH.oQC->BCF.gBS->BCF.gBS->ICFG.sF->ICFG.sF->ICFG.sF->ICFG.sF->ICFG.sF->ICFG.sF->ICFG.sF(cap)@GlA
10-03 15:33:49.708  2810 28811 I Telecom : InCallController: packageName:com.sec.android.app.servicemodeapp INTERACT_ACROSS_USERS:true INTERACT_ACROSS_PROFILES:true INTERACT_ACROSS_PROFILES_APPOP:true: TSI.aNIC->CILH.sL->CILH.oQC->BCF.gBS->BCF.gBS->ICFG.sF->ICFG.sF->ICFG.sF->ICFG.sF->ICFG.sF->ICFG.sF->ICFG.sF(cap)@GlA
10-03 15:33:49.708  2810 28811 I Telecom : SamsungInCallDumpController : ComponentEnabledSetting - componentName : ComponentInfo{android/com.android.ecm.EnhancedConfirmationCallTrackerService} / userId : 0 / componentEnabledState : 0
10-03 15:33:49.708  2810 28811 I Telecom : InCallController: found:ComponentInfo{android/com.android.ecm.EnhancedConfirmationCallTrackerService} isRequestedtype:true isEnabled:true ignoreDisabled:true hasCrossProfilePerm:true: TSI.aNIC->CILH.sL->CILH.oQC->BCF.gBS->BCF.gBS->ICFG.sF->ICFG.sF->ICFG.sF->ICFG.sF->ICFG.sF->ICFG.sF->ICFG.sF(cap)@GlA
10-03 15:33:49.708  2810 28811 I Telecom : InCallController: packageName:com.sec.android.app.bluetoothagent INTERACT_ACROSS_USERS:true INTERACT_ACROSS_PROFILES:false INTERACT_ACROSS_PROFILES_APPOP:false: TSI.aNIC->CILH.sL->CILH.oQC->BCF.gBS->BCF.gBS->ICFG.sF->ICFG.sF->ICFG.sF->ICFG.sF->ICFG.sF->ICFG.sF->ICFG.sF(cap)@GlA
10-03 15:33:49.708  2810 28811 I Telecom : SamsungInCallDumpController : ComponentEnabledSetting - componentName : ComponentInfo{com.android.bluetooth/com.android.bluetooth.telephony.BluetoothInCallService} / userId : 0 / componentEnabledState : 1
10-03 15:33:49.708  2810 28811 I Telecom : InCallController: found:ComponentInfo{com.android.bluetooth/com.android.bluetooth.telephony.BluetoothInCallService} isRequestedtype:false isEnabled:true ignoreDisabled:true hasCrossProfilePerm:true: TSI.aNIC->CILH.sL->CILH.oQC->BCF.gBS->BCF.gBS->ICFG.sF->ICFG.sF->ICFG.sF->ICFG.sF->ICFG.sF->ICFG.sF->ICFG.sF(cap)@GlA
10-03 15:33:49.708  2810  6064 D BackgroundInstallControlService: Package event received: 0
10-03 15:33:49.708  2810 28811 I Telecom : InCallController: packageName:com.google.android.as INTERACT_ACROSS_USERS:false INTERACT_ACROSS_PROFILES:false INTERACT_ACROSS_PROFILES_APPOP:false: TSI.aNIC->CILH.sL->CILH.oQC->BCF.gBS->BCF.gBS->ICFG.sF->ICFG.sF->ICFG.sF->ICFG.sF->ICFG.sF->ICFG.sF->ICFG.sF(cap)@GlA
10-03 15:33:49.708  2810 28811 I Telecom : SamsungInCallDumpController : ComponentEnabledSetting - componentName : ComponentInfo{com.google.android.as/com.google.android.apps.miphone.aiai.captions.tulip.audiosource.impl.CIS} / userId : 0 / componentEnabledState : 1
10-03 15:33:49.708  2810 28811 I Telecom : InCallController: found:ComponentInfo{com.google.android.as/com.google.android.apps.miphone.aiai.captions.tulip.audiosource.impl.CIS} isRequestedtype:true isEnabled:true ignoreDisabled:true hasCrossProfilePerm:false: TSI.aNIC->CILH.sL->CILH.oQC->BCF.gBS->BCF.gBS->ICFG.sF->ICFG.sF->ICFG.sF->ICFG.sF->ICFG.sF->ICFG.sF->ICFG.sF(cap)@GlA
10-03 15:33:49.708  2810 28811 I Telecom : InCallController: packageName:com.google.android.gsf INTERACT_ACROSS_USERS:true INTERACT_ACROSS_PROFILES:false INTERACT_ACROSS_PROFILES_APPOP:false: TSI.aNIC->CILH.sL->CILH.oQC->BCF.gBS->BCF.gBS->ICFG.sF->ICFG.sF->ICFG.sF->ICFG.sF->ICFG.sF->ICFG.sF->ICFG.sF(cap)@GlA
10-03 15:33:49.708  2810 28811 I Telecom : SamsungInCallDumpController : ComponentEnabledSetting - componentName : ComponentInfo{com.google.android.gms/com.google.android.gms.bankscamwarning.services.BankScamCallDetectionService} / userId : 0 / componentEnabledState : 0
10-03 15:33:49.708  2810 28811 I Telecom : InCallController: found:ComponentInfo{com.google.android.gms/com.google.android.gms.bankscamwarning.services.BankScamCallDetectionService} isRequestedtype:true isEnabled:true ignoreDisabled:true hasCrossProfilePerm:true: TSI.aNIC->CILH.sL->CILH.oQC->BCF.gBS->BCF.gBS->ICFG.sF->ICFG.sF->ICFG.sF->ICFG.sF->ICFG.sF->ICFG.sF->ICFG.sF(cap)@GlA
10-03 15:33:49.708  2810 28811 I Telecom : InCallController: packageName:com.google.android.googlequicksearchbox INTERACT_ACROSS_USERS:false INTERACT_ACROSS_PROFILES:false INTERACT_ACROSS_PROFILES_APPOP:false: TSI.aNIC->CILH.sL->CILH.oQC->BCF.gBS->BCF.gBS->ICFG.sF->ICFG.sF->ICFG.sF->ICFG.sF->ICFG.sF->ICFG.sF->ICFG.sF(cap)@GlA
10-03 15:33:49.708  2810 28811 I Telecom : SamsungInCallDumpController : ComponentEnabledSetting - componentName : ComponentInfo{com.google.android.googlequicksearchbox/com.google.android.libraries.search.assistant.incallservice.IncomingCallInCallService} / userId : 0 / componentEnabledState : 1
10-03 15:33:49.708  2810 28811 I Telecom : InCallController: found:ComponentInfo{com.google.android.googlequicksearchbox/com.google.android.libraries.search.assistant.incallservice.IncomingCallInCallService} isRequestedtype:true isEnabled:true ignoreDisabled:true hasCrossProfilePerm:false: TSI.aNIC->CILH.sL->CILH.oQC->BCF.gBS->BCF.gBS->ICFG.sF->ICFG.sF->ICFG.sF->ICFG.sF->ICFG.sF->ICFG.sF->ICFG.sF(cap)@GlA
10-03 15:33:49.708  2810 28811 I Telecom : InCallController: packageName:com.google.android.googlequicksearchbox INTERACT_ACROSS_USERS:false INTERACT_ACROSS_PROFILES:false INTERACT_ACROSS_PROFILES_APPOP:false: TSI.aNIC->CILH.sL->CILH.oQC->BCF.gBS->BCF.gBS->ICFG.sF->ICFG.sF->ICFG.sF->ICFG.sF->ICFG.sF->ICFG.sF->ICFG.sF(cap)@GlA
10-03 15:33:49.708  2810 28811 I Telecom : SamsungInCallDumpController : ComponentEnabledSetting - componentName : ComponentInfo{com.google.android.googlequicksearchbox/com.google.android.libraries.search.assistant.performer.communication.IncomingCallInCallService} / userId : 0 / componentEnabledState : 2
10-03 15:33:49.708  2810 28811 I Telecom : InCallController: found:ComponentInfo{com.google.android.googlequicksearchbox/com.google.android.libraries.search.assistant.performer.communication.IncomingCallInCallService} isRequestedtype:true isEnabled:false ignoreDisabled:true hasCrossProfilePerm:false: TSI.aNIC->CILH.sL->CILH.oQC->BCF.gBS->BCF.gBS->ICFG.sF->ICFG.sF->ICFG.sF->ICFG.sF->ICFG.sF->ICFG.sF->ICFG.sF(cap)@GlA
10-03 15:33:49.708 25489 25489 I SCallUI : BixbyHandler - startBixby2: skip
10-03 15:33:49.708 25489 25489 I SCallUI : TelecomAdapter - setUp
10-03 15:33:49.708  2810 28811 I Telecom : InCallController: packageName:com.google.android.projection.gearhead INTERACT_ACROSS_USERS:false INTERACT_ACROSS_PROFILES:false INTERACT_ACROSS_PROFILES_APPOP:false: TSI.aNIC->CILH.sL->CILH.oQC->BCF.gBS->BCF.gBS->ICFG.sF->ICFG.sF->ICFG.sF->ICFG.sF->ICFG.sF->ICFG.sF->ICFG.sF(cap)@GlA
10-03 15:33:49.708  2810 28811 I Telecom : SamsungInCallDumpController : ComponentEnabledSetting - componentName : ComponentInfo{com.google.android.projection.gearhead/com.google.android.apps.auto.components.telecom.service.NonCarInCallServiceImpl} / userId : 0 / componentEnabledState : 2
10-03 15:33:49.708  2810 28811 I Telecom : InCallController: found:ComponentInfo{com.google.android.projection.gearhead/com.google.android.apps.auto.components.telecom.service.NonCarInCallServiceImpl} isRequestedtype:true isEnabled:false ignoreDisabled:true hasCrossProfilePerm:false: TSI.aNIC->CILH.sL->CILH.oQC->BCF.gBS->BCF.gBS->ICFG.sF->ICFG.sF->ICFG.sF->ICFG.sF->ICFG.sF->ICFG.sF->ICFG.sF(cap)@GlA
10-03 15:33:49.709  2810 28811 I Telecom : InCallController: packageName:com.google.android.projection.gearhead INTERACT_ACROSS_USERS:false INTERACT_ACROSS_PROFILES:false INTERACT_ACROSS_PROFILES_APPOP:false: TSI.aNIC->CILH.sL->CILH.oQC->BCF.gBS->BCF.gBS->ICFG.sF->ICFG.sF->ICFG.sF->ICFG.sF->ICFG.sF->ICFG.sF->ICFG.sF(cap)@GlA
