10-03 15:33:49.106  6550  7107 I QmiOemIPCHandler: ImsSignalingInfo: 
10-03 15:33:49.106  6550  6803 I ResipVolteHandler: handleMessage: evt 101
10-03 15:33:49.106  6550  7107 I OemIpcHandler: SendOemIpcCommandForQmi: phoneId[1] main 02 sub 80 paramLen 01
10-03 15:33:49.106  6550  7107 I OemIpcHandler: ============
10-03 15:33:49.106  6550  7107 I OemIpcHandler: pkt[0] =  2
10-03 15:33:49.106  6550  7107 I OemIpcHandler: pkt[1] = 80
10-03 15:33:49.106  6550  7107 I OemIpcHandler: pkt[2] =  0
10-03 15:33:49.106  6550  6803 I ResipVolteHandler: acquire wakelock for MT call by 1 sec
10-03 15:33:49.106  6550  7116 I Echolocate_Controller: handleEcholocateSipReceived: origin = RECEIVED, cseq = 1 INVITE
10-03 15:33:49.106  6550  7107 I OemIpcHandler: pkt[3] =  5
10-03 15:33:49.106  6550  7107 I OemIpcHandler: pkt[4] =  6
10-03 15:33:49.106  6550  7107 I OemIpcHandler: ============
10-03 15:33:49.106  6550  7107 I OemIpcHandler: IPC counter[617]
10-03 15:33:49.106  6550  7107 I OemIpcHandler: SendOemIpcCommandForQmi: Send Client 222...
10-03 15:33:49.106  6550  7116 I Echolocate_Info: getCellId Type: SA5G
10-03 15:33:49.106  6550  7116 I PdnController<1>: getAllCellInfo mNeedCellLocationUpdate : false
10-03 15:33:49.107  6550  7116 I PdnController<1>: get latest cellInfo and store, subId = 2
10-03 15:33:49.107  6550  7116 I Echolocate_Info: getCellId : 4305994029
10-03 15:33:49.107  6550  7116 I Echolocate_Info: getRatType Type: SA5G
10-03 15:33:49.107  6550  7116 I Echolocate_Broadcaster: CallNumber from h_from:xxxxx
10-03 15:33:49.107  6550  7116 I Echolocate_Info: make new echo AppCallId 53325962
10-03 15:33:49.107  6550  7116 I Echolocate_Broadcaster: mCallIDList add [s:0A58AC140C47-aac-32521700-106a31e-68e0332b-cd89d, e:53325962]
10-03 15:33:49.107  6550  7116 I Echolocate_Broadcaster: Extracted callNumber:xxxxx
10-03 15:33:49.107  6550  7116 W ContextImpl: Calling a method in the system process without a qualified user: android.app.ContextImpl.sendBroadcast:1350 android.content.ContextWrapper.sendBroadcast:520 com.sec.internal.ims.servicemodules.volte2.TmoEcholocateBroadcaster.sendTmoEcholocateSignallingMSG:303 com.sec.internal.ims.servicemodules.volte2.TmoEcholocateController.handleEcholocateSipReceived:191 com.sec.internal.ims.servicemodules.volte2.TmoEcholocateController.handleMessage:204 
10-03 15:33:49.108  6550  7116 I Echolocate_Broadcaster: sendTmoEcholocateSignallingMSG :: Origin [RECEIVED] Line1 [ xxxxx] Cseq [1 INVITE] Reason [] callId_App [53325962] callId_IMS [0A58AC140C47-aac-32521700-106a31e-68e0332b-cd89d] sdpContents [;"c=IN IP6 fd00:976a:2:103::16";"a=sendrecv";"a=rtpmap:104 AMR-WB/16000";"a=rtpmap:110 AMR-WB/16000";"a=rtpmap:101 AMR-WB/16000";"a=rtpmap:102 AMR/8000";"a=rtpmap:108 AMR/8000";"a=rtpmap:0 PCMU/8000";"a=rtpmap:105 telephone-event/16000";"a=rtpmap:100 telephone-event/8000";"a=sendrecv";]
10-03 15:33:49.108  6550 25348 I OemIpcHandler: onRawReqComplete, 
10-03 15:33:49.108  6550  6803 I ResipVolteHandler: Add Call 19
10-03 15:33:49.108  6550  6803 I ResipVolteHandler: onNewIncomingCall: sessionId 19 peer xxxxx
10-03 15:33:49.108  6550  6803 I ResipVolteHandler: notifyIncomingCall() pre Alerting session: 19, callType: 1
10-03 15:33:49.108  6550  7116 I VolteServiceModule: onImsIncomingCallEvent : sessionId=19 peerURI=xxxxx param=CallParams [mPLettering=null, mHistoryInfo=null, mDtmfEvent=null, mModifySupported=null, mAudioCodec=null, mNumberPlus=null, mConferenceSupported=null, mIsFocus=null, mIndicationFlag=0, misHDIcon=0, mPhotoRing=null, mLocalVideoRTPPort=0, mLocalVideoRTCPPort=0, mRemoteVideoRTPPort=0, mRemoteVideoRTCPPort=0, mRetryAfter=0, mAlertInfo=null, mVideoOrientation=0, mReferredBy=null, mSipCallId=0A58AC140C47-aac-32521700-106a31e-68e0332b-cd89d, mOrganization=null, mComposerData=null, mLocalHoldTone=false, mVideoWidth=480, mVideoHeight=640, mVideoCrbtType=0, mFeatureCaps=null, mAudioEarlyMediaDir=0, mVerstat=null, mHasDiversion=false, mDelayRinging=false, mRejectProtocol=null, mRejectCode=-1, mRejectText=null, mRemoteHeld=false, mCmcEdCallSlot=-1, mConfSessionId=-1, mCallState=0, mTouchScreenEnabled=false, mCmcCallComposerData=null, mVcrtLocalTone=false] type=1 isDelayedIncoming=false
10-03 15:33:49.109  6550  7116 I VolteServiceModule: getRegInfo: found regId=1784
10-03 15:33:49.109  6550  7116 I VolteServiceModule: getPreAlerting is true
10-03 15:33:49.109 24029 24029 I BaseVoiceBroadcastReceiver: diagandroid.phone.imsSignallingMessage
10-03 15:33:49.110  6550  7116 I VolteServiceModule: hasCsCall: numPsCall=0, callState[1]=0, ret=false
10-03 15:33:49.110  6550  7116 I ImsCallSipErrorFactory: checkRejectIncomingCall: numPsCall 0,CallDetailInfo [hasIncall=false, hasHoldCall=false, hasConfCall=false, hasTtyCall=false, isModifyOngoing=false, inCalltype=0], error 200 - OK
10-03 15:33:49.110  6550  7116 I ImsCallSipErrorFactory: getSipErrorOnCsNetwork: 20, 20
10-03 15:33:49.110  6550  7116 I VolteServiceModule: hasCsCall: numPsCall=0, callState[1]=0, ret=false
10-03 15:33:49.111  6550  7116 I CallProfileBuilder: onImsIncomingCallEvent: displayName is different with phone number, so setting extra mLetteringText xxxxx
10-03 15:33:49.111  6550  7116 I CallProfileBuilder: get echo call id 53325962
10-03 15:33:49.111  6550  7116 I ImsCallSessionFactory: createImsCallSession: normal call session
10-03 15:33:49.111  6550  7116 I CallStateMachine: start TMO_MT_GUARD_TIMEOUT for incoming call
10-03 15:33:49.111  6550  7116 I ImsCallSession: start CallStatMachine
10-03 15:33:49.112  6550  7116 I ResipVolteHandler: registerForCallStateEvent:
10-03 15:33:49.112  6550  7116 I ResipVolteHandler: registerForRrcConnectionEvent:
10-03 15:33:49.112  6550  7116 I ResipVolteHandler: registerForUssdEvent:
10-03 15:33:49.112  6550  7116 I ResipVolteHandler: registerForReferStatus:
10-03 15:33:49.112  6550  7116 I ImsMediaController: registerForMediaEvent: session -1
10-03 15:33:49.112  6550  7116 I ImsCallSession: mIsNrSaMode = true
10-03 15:33:49.112  6550  7116 I ImsCallSession(19): Session ID : [19]
10-03 15:33:49.112  6550  7116 I ImsCallSession(19): updateCallProfile: CallParams [mPLettering=null, mHistoryInfo=null, mDtmfEvent=null, mModifySupported=null, mAudioCodec=null, mNumberPlus=null, mConferenceSupported=null, mIsFocus=null, mIndicationFlag=0, misHDIcon=0, mPhotoRing=null, mLocalVideoRTPPort=0, mLocalVideoRTCPPort=0, mRemoteVideoRTPPort=0, mRemoteVideoRTCPPort=0, mRetryAfter=0, mAlertInfo=null, mVideoOrientation=0, mReferredBy=null, mSipCallId=0A58AC140C47-aac-32521700-106a31e-68e0332b-cd89d, mOrganization=null, mComposerData=null, mLocalHoldTone=false, mVideoWidth=480, mVideoHeight=640, mVideoCrbtType=0, mFeatureCaps=null, mAudioEarlyMediaDir=0, mVerstat=null, mHasDiversion=false, mDelayRinging=false, mRejectProtocol=null, mRejectCode=-1, mRejectText=null, mRemoteHeld=false, mCmcEdCallSlot=-1, mConfSessionId=-1, mCallState=0, mTouchScreenEnabled=false, mCmcCallComposerData=null, mVcrtLocalTone=false]
10-03 15:33:49.112  6240  6358 D AppOpsPrivacyItemMonitor: showLocationSystemApps  AppOpItem(Op code=1, UID=10351, AttributionTag=null, Package name=com.tmobile.echolocate, Paused=false)
10-03 15:33:49.112  6550  7116 I CallProfileBuilder: build CallProfile with CallParamscallType: [UNKNOWN], direction: [UNKNOWN], networkType: [NONE (emergency)], mIsVideoCrbt: [false], mIsVideoCrbtValid: [false], mP2p: [null], mCmcBoundSessionId: [-1], mRejectProtocol: [null], mRejectCode: [-1], mRejectText: [null], mIsRemoteHeld: [false], mCmcEdCallSlot: [-1], mQuantumSecurityInfo: [QuantumSecurityInfo [mEncryptStatus=0, mPeerProfileStatus=-1, mCallDirection=-1, mCryptoMode=0, mQtSessionId=xxxxx, mSessionKey=xxxxx, mLocalPhoneNumber=xxxxx, mRemoteTelNum=xxxxx]], mConfSessionId: [-1], mTouchScreenEnabled: [false], mIdcScreenShareRunning: [false], mIdcArCallRunning: [false], mPulledDialogId: []
10-03 15:33:49.112  6550  7116 I ImsMediaController: changeCameraCapabilities
10-03 15:33:49.112  6550  7116 I ImsProfile: carrierId : XAU isRttSupportByCallApp true
10-03 15:33:49.112  6550  7116 I ImsProfile: ttyType : 3
10-03 15:33:49.112  6550  7116 I ImsProfile: carrierId : XAU isRttSupportByCallApp true
10-03 15:33:49.112  6550  7116 I ImsProfile: ttyType : 3
10-03 15:33:49.112  6550  7116 I ImsProfile: carrierId : XAU isRttSupportByCallApp true
10-03 15:33:49.112  6550  7116 I ImsProfile: ttyType : 3
10-03 15:33:49.112  6550  7116 E GlobalSettingsRepoBase: globalsettings No matched key : support_vowifi_deprioritize_nr5g
10-03 15:33:49.112  6550  7116 E GlobalSettingsRepoBase: globalsettings No matched key : support_disable_vowifi_5gsa
10-03 15:33:49.112  6240  6240 D AiAgentEffect: onPrivacyItemsChanged privacyItems.size = 1
10-03 15:33:49.112  6240  6240 D AiAgentEffect: onPrivacyItemsChanged privacyItems isEmpty or found item is null
10-03 15:33:49.113  6550 28753 I VolteServiceModule: updateNrSaModeOnStart : start, phoneId : 1
10-03 15:33:49.113  6550  7116 I ImsUtil : Package not found : com.verizon.onetalk.dialer
10-03 15:33:49.113  6550  7116 I ImsUtil : isOneTalkFeatureEnabled - false
10-03 15:33:49.113  6550  7116 I ResipVolteHandler: proceedIncomingCall: sessoinId 19
10-03 15:33:49.113  6550  7116 E #IMSCR  : 10-03 15:33:49 0x30000002:IncomingCall,1,19
10-03 15:33:49.113  6550  7116 I UserAgent<1>: progressIncomingCall: sessionId 19
10-03 15:33:49.113  6550  7116 I ImsCallDedicatedBearer: qci:1, state:3
10-03 15:33:49.113  6550  7116 I ImsCallDedicatedBearer: qci:2, state:3
10-03 15:33:49.113  6550  7116 I ImsCallDedicatedBearer: qci:8, state:3
10-03 15:33:49.113  6550  7097 I StackIF : progressIncomingCall: handle 1784 sessionId 19
10-03 15:33:49.114  6550  7097 I SECIMSJ : [0657]> 64
10-03 15:33:49.114  6550  7107 I StackIF : processMessage 3
10-03 15:33:49.114  6550  7107 I StackIF : Processing Notify
10-03 15:33:49.114  6550  7107 I SECIMSJ : [UNSL]< 20002
10-03 15:33:49.114  6550  7107 I StackIF : processNotify: id 20002
10-03 15:33:49.114  6550  7107 I ResipMiscHandler: onAlarmCancelled: id=10502
10-03 15:33:49.114  6550  7107 I [IMS6.0]: CallMsgCreator::AddUnnecessaryHeaders(): mIsSoftphoneEnabled = 0
10-03 15:33:49.114  6550  7116 I CallStateMachine(19): Enter [ReadyToCall]
10-03 15:33:49.114  6550  7107 I StackIF : processMessage 3
10-03 15:33:49.114  6550  7107 I StackIF : Processing Notify
10-03 15:33:49.114  6550  7107 I SECIMSJ : [UNSL]< 20001
10-03 15:33:49.114  6550  7107 I StackIF : processNotify: id 20001
10-03 15:33:49.114  6550  7107 I ResipMiscHandler: onAlarmRequested: delay=2000 id=10503 isKeepAlive= false
10-03 15:33:49.114  6550  7107 I StackIF : processMessage 3
10-03 15:33:49.114  6550  7107 I StackIF : Processing Notify
10-03 15:33:49.114  6550  7107 I SECIMSJ : [UNSL]< 20001
10-03 15:33:49.114  6550  7107 I StackIF : processNotify: id 20001
10-03 15:33:49.114  6550  7107 I ResipMiscHandler: onAlarmRequested: delay=15000 id=10504 isKeepAlive= false
10-03 15:33:49.115  6550  7107 I StackIF : processMessage 3
10-03 15:33:49.115  6550  7107 I StackIF : Processing Notify
10-03 15:33:49.115  6550  7107 I SECIMSJ : [UNSL]< 20008
10-03 15:33:49.115  6550  7107 I StackIF : processNotify: id 20008
10-03 15:33:49.115  6550  7107 I StackIF : Echolocate Notify receive
10-03 15:33:49.115  6550  7107 I StackIF : processMessage 3
10-03 15:33:49.115  6550  7107 I StackIF : Processing Notify
10-03 15:33:49.115  6550  7107 I SECIMSJ : [UNSL]< 10003
10-03 15:33:49.115  6550  7107 I StackIF : processNotify: id 10003
10-03 15:33:49.115  6550  6803 I PreciseAlarmManager: sendMessageDelayed: DelayedMessage: [target: ResipMiscHandler, what: 3, obj: null, arg1: 10503, arg2: 1, timeout: 170549217 (expired in: 2000msec)], remaining timers: 5
10-03 15:33:49.115  6550  7107 I SIPMSG[1,2]: [-->] SIP/2.0 183 Session Progress [CSeq: 1 INVITE]
10-03 15:33:49.115  6550  7107 I CpAudioEngineClient: SAE_NotiInfo: SAE_NotiInfo string:
10-03 15:33:49.115  6550  7107 I VoIpEngineProxy: NotiInfo:Sending IPC_IMS_INFO Noti
10-03 15:33:49.115  6550  6803 I PreciseAlarmManager: sendMessageDelayed: DelayedMessage: [target: ResipMiscHandler, what: 3, obj: null, arg1: 10504, arg2: 1, timeout: 170562218 (expired in: 15000msec)], remaining timers: 6
10-03 15:33:49.115  6550  7107 I OemIpcHandler: ImsNotiInfo ImsNoti send IPC :
10-03 15:33:49.115  6550  7107 I OemIpcHandler: SendOemIpcCommand: main 16 sub 0c len(108) phoneId 1
10-03 15:33:49.115  6550  7107 I OemIpcHandler: SendOemIpcCommand: Send Client 222...
10-03 15:33:49.116  6550  7110 I reSIProcate: INFO | RESIP:TRANSPORT | TransportSelector.cxx:1511 | Transmitting to port:65529 tlsDomain=[xxxx] via port:6400
10-03 15:33:49.116  6550  7110 I reSIProcate: SipResp: 183 tid=g3Zqkv7i73d5xioxntjs8g24yn181lsko cseq=1 INVITE contact=xxxx@[xxxx]:6400 / 1 from(tu)sigcomp id=
10-03 15:33:49.116  6550  6803 I ResipRawSipHandler: handleMessage: event: 200
10-03 15:33:49.116  6550  7116 I Echolocate_Controller: handleMessage: evt 1
10-03 15:33:49.116  6550  6803 I ResipVolteHandler: handleMessage: evt 114
10-03 15:33:49.116  6550  7116 I Echolocate_Info: com.tmobile.pr.mytmobile is not installed
10-03 15:33:49.116  6550  7110 I reSIProcate: INFO | RESIP:TRANSPORT | Connection.cxx:229 | Interface : rmnet_data9, Tried to send 1661 bytes, sent 1661 bytes
10-03 15:33:49.116  6550  7116 I Echolocate_Controller: getEPSFBsuccess[1]: false
10-03 15:33:49.116  6550  7116 I Echolocate_Controller: getEPSFBsuccess[1]: false
10-03 15:33:49.117  6550  7116 I Echolocate_Info: strband[1]:n41, nwType:SA5G
10-03 15:33:49.117  6550  7116 I Echolocate_Info: signal[1]255;255;255 result[;NA;NA;NA;-100;-14;0;NA;]
10-03 15:33:49.117  6550  7116 I CmcP2pHelperManager: msg.what = 37
10-03 15:33:49.117  6550  7107 I [IMS6.0]: IMS_onResponse()
10-03 15:33:49.117  6550  7107 I StackIF : processMessage 2
10-03 15:33:49.117  6550  7107 I StackIF : Processing Response
10-03 15:33:49.117  6550 25348 I OemIpcHandler: onRawReqComplete, 
10-03 15:33:49.117  6550  7107 I SECIMSJ : [0657]< 218
10-03 15:33:49.117  6550  7107 I StackIF : processResponse: reqId 218
10-03 15:33:49.117  6550  7107 I StackIF : processCallResponse: handle 1784
10-03 15:33:49.117  6550 28753 I VolteServiceModule: updateNrSaModeOnStart : respLen : 4
10-03 15:33:49.117  6550 28753 I RegiMgr<1>: isHoEnable: 0
10-03 15:33:49.117  6550 28753 I RegiMgr<1>: isOnlyEpsFallback: 0
10-03 15:33:49.117  6550  7116 I Echolocate_Controller: handleMessage: evt 2
10-03 15:33:49.117  6550  7116 I Echolocate_Controller: handleEcholocateSipReceived: origin = SENT, cseq = 1 INVITE
10-03 15:33:49.117  6550 28753 I RegiMgr<1>: nrPreferredMode: false
10-03 15:33:49.117  6550 28753 I RegiMgr<1>: nrSaMode : 1
10-03 15:33:49.117  6550  7116 I Echolocate_Info: getCellId Type: SA5G
10-03 15:33:49.117  6550  7116 I PdnController<1>: getAllCellInfo mNeedCellLocationUpdate : false
10-03 15:33:49.118  6550  7116 I PdnController<1>: get latest cellInfo and store, subId = 2
10-03 15:33:49.118  6550  7116 I Echolocate_Info: getCellId : 4305994029
10-03 15:33:49.118  6550  7116 I Echolocate_Info: getRatType Type: SA5G
10-03 15:33:49.118  6550  7116 W ContextImpl: Calling a method in the system process without a qualified user: android.app.ContextImpl.sendBroadcast:1350 android.content.ContextWrapper.sendBroadcast:520 com.sec.internal.ims.servicemodules.volte2.TmoEcholocateBroadcaster.sendTmoEcholocateSignallingMSG:303 com.sec.internal.ims.servicemodules.volte2.TmoEcholocateController.handleEcholocateSipReceived:191 com.sec.internal.ims.servicemodules.volte2.TmoEcholocateController.handleMessage:204 
10-03 15:33:49.118  6550  7116 I Echolocate_Broadcaster: sendTmoEcholocateSignallingMSG :: Origin [SENT] Line1 [ xxxxx] Cseq [1 INVITE] Reason [] callId_App [53325962] callId_IMS [0A58AC140C47-aac-32521700-106a31e-68e0332b-cd89d] sdpContents [;"c=IN IP6 2607:fc20:a212:8020:ad6:4a0c:6540:3ffb";"a=rtpmap:104 AMR-WB/16000";"a=rtpmap:105 telephone-event/16000";"a=sendrecv";]
10-03 15:33:49.119 24029 24029 I BaseVoiceBroadcastReceiver: diagandroid.phone.imsSignallingMessage
10-03 15:33:49.119  2810  6084 D SemCellularStateManager: onCellInfoChanged: cellInfoList Number of cell: 1
10-03 15:33:49.119  2810  6084 D SemCellularStateManager: onCellInfoChanged: Registered = true, mCellularCellId = 990
10-03 15:33:49.119  6550  6550 I TelephonyCallbackForPdnController<1>: onCellInfoChanged: xxxxx
10-03 15:33:49.119  6550  6550 I ImsCallSessionManager: onCellInfoChanged, phoneId: 1
10-03 15:33:49.119  6550  6803 I RegiMgr-Handler: handleMessage: EVENT_CELL_INFO_CHANGED
10-03 15:33:49.120  6550  6803 I RegiMgr<1>: updatePani RegisterTask[1][mProfile=TMobile LTE/WiFi, mRegistrationRat=20, mPdnType=11, mState=REGISTERED, mObject=UserAgent - :
10-03 15:33:49.120  6550  6803 I RegiMgr<1>:  total records=403
10-03 15:33:49.120  6550  6803 I RegiMgr<1>:  rec[0]: time=10-03 15:26:15.563 processed=RegisteredState org=RegisteredState dest=<null> what=2000(0x7d0)
10-03 15:33:49.120  6550  6803 I RegiMgr<1>:  rec[1]: time=10-03 15:26:45.412 processed=ReadyState org=RegisteredState dest=<null> what=34(0x22)
10-03 15:33:49.120  6550  6803 I RegiMgr<1>:  rec[2]: time=10-03 15:26:45.413 processed=RegisteredState org=RegisteredState dest=<null> what=2000(0x7d0)
10-03 15:33:49.120  6550  6803 I RegiMgr<1>:  rec[3]: time=10-03 15:29:49.876 processed=RegisteredState org=RegisteredState dest=<null> what=25(0x19)
10-03 15:33:49.120  6550  6803 I RegiMgr<1>:  rec[4]: time=10-03 15:29:49.884 processed=ReadyState org=RegisteredState dest=<null> what=34(0x22)
10-03 15:33:49.120  6550  6803 I RegiMgr<1>:  rec[5]: time=10-03 15:29:49.884 processed=RegisteredState org=RegisteredState dest=<null> what=2000(0x7d0)
10-03 15:33:49.120  6550  6803 I RegiMgr<1>:  rec[6]: time=10-03 15:29:50.690 processed=ReadyState org=RegisteredState dest=<null> what=34(0x22)
10-03 15:33:49.120  6550  6803 I RegiMgr<1>:  rec[7]: time=10-03 15:29:50.690 processed=RegisteredState org=RegisteredState dest=<null> what=2000(0x7d0)
10-03 15:33:49.120  6550  6803 I RegiMgr<1>:  rec[8]: time=10-03 15:30:00.574 processed=ReadyState org=RegisteredState dest=<null> what=34(0x22)
10-03 15:33:49.120  6550  6803 I RegiMgr<1>:  rec[9]: time=10-03 15:30:00.574 processed=RegisteredState org=RegisteredState dest=<null> what=2000(0x7d0)
10-03 15:33:49.120  6550  6803 I RegiMgr<1>:  rec[10]: time=10-03 15:30:33.006 processed=ReadyState org=RegisteredState dest=<null> what=34(0x22)
10-03 15:33:49.120  6550  6803 I RegiMgr<1>:  rec[11]: time=10-03 15:30:33.007 processed=RegisteredState org=RegisteredState dest=<null> what=2000(0x7d0)
10-03 15:33:49.120  6550  6803 I RegiMgr<1>:  rec[12]: time=10-03 15:31:57.760 processed=RegisteredState org=RegisteredState dest=<null> what=25(0x19)
10-03 15:33:49.120  6550  6803 I RegiMgr<1>:  rec[13]: time=10-03 15:31:57.768 processed=ReadyState org=RegisteredState dest=<null> what=34(0x22)
10-03 15:33:49.120  6550  6803 I RegiMgr<1>:  rec[14]: time=10-03 15:31:57.768 processed=RegisteredState org=RegisteredState dest=<null> what=2000(0x7d0)
10-03 15:33:49.120  6550  6803 I RegiMgr<1>:  rec[15]: time=10-03 15:31:58.540 processed=ReadyState org=RegisteredState dest=<null> what=34(0x22)
10-03 15:33:49.120  6550  6803 I RegiMgr<1>:  rec[16]: time=10-03 15:31:58.542 processed=RegisteredState org=RegisteredState dest=<null> what=2000(0x7d0)
10-03 15:33:49.120  6550  6803 I RegiMgr<1>:  rec[17]: time=10-03 15:32:13.152 processed=ReadyState org=RegisteredState dest=<null> what=34(0x22)
10-03 15:33:49.120  6550  6803 I RegiMgr<1>:  rec[18]: time=10-03 15:32:13.152 processed=RegisteredState org=RegisteredState dest=<null> what=2000(0x7d0)
10-03 15:33:49.120  6550  6803 I RegiMgr<1>:  rec[19]: time=10-03 15:33:49.114 processed=RegisteredState org=RegisteredState dest=<null> what=25(0x19)
10-03 15:33:49.120  6550  6803 I RegiMgr<1>: curState=RegisteredState
10-03 15:33:49.120  6550  6803 I RegiMgr<1>: , mReason=, mPcscfHostname=null, mDeregiReason=41]
10-03 15:33:49.120  6550  6803 I PaniGenerator<1>: generate: subId=2, network=20, pdn=11
10-03 15:33:49.120  6550  6803 I PaniGenerator<1>: generate: network=20, fallbackPlmn=310260
10-03 15:33:49.120  6550  6803 I PdnController<1>: getAllCellInfo mNeedCellLocationUpdate : false
10-03 15:33:49.121  6550  6803 I PaniGenerator: generate: change to NW PLMN(310260)
10-03 15:33:49.121  6550  6803 I PaniGenerator: NR Access Type TDD
10-03 15:33:49.121  6550  6803 I UserAgent<1>: updatePani
10-03 15:33:49.121  6550  6803 I RegiMgr<1>: updatePani RegisterTask[1][mProfile=TMobile 3G, mRegistrationRat=20, mPdnType=0, mState=CONFIGURED, mObject=null, mReason=, mPcscfHostname=null, mDeregiReason=41]
10-03 15:33:49.122  6550  7097 I SECIMSJ : [0658]> 140
10-03 15:33:49.122  6550  6803 I PaniGenerator<1>: generate: subId=2, network=20, pdn=0
10-03 15:33:49.122  6550  6803 I PaniGenerator<1>: generate: network=20, fallbackPlmn=310260
10-03 15:33:49.122  6550  6803 I PdnController<1>: getAllCellInfo mNeedCellLocationUpdate : false
10-03 15:33:49.122  6550  7107 I [IMS6.0]: IMS_onResponse()
10-03 15:33:49.122  6550  7107 I StackIF : processMessage 2
10-03 15:33:49.122  6550  7107 I StackIF : Processing Response
10-03 15:33:49.122  6550  6803 I PaniGenerator: generate: change to NW PLMN(310260)
10-03 15:33:49.122  6550  7107 I SECIMSJ : [0658]< 600
10-03 15:33:49.122  6550  7107 I StackIF : processResponse: reqId 600
10-03 15:33:49.122  6550  7107 I StackIF : processResponse: handle 1784 result 0 reason 0
10-03 15:33:49.122  6550  6803 I PaniGenerator: NR Access Type TDD
10-03 15:33:49.124  6550  6803 I RegiMgr<1>: tryRegister:
10-03 15:33:49.124  6550  6803 I RegiMgr<0>: RegisterTask(s): SamsungCMC_PD (IDLE)
10-03 15:33:49.124  6550  6803 I RegiMgr<1>: RegisterTask(s): TMobile LTE/WiFi (REGISTERED, rat = 20, service = [mmtel-video, mmtel-call-composer, smsip, mmtel, presence]), SamsungCMC_PD (IDLE), TMobile 3G (CONFIGURED)
10-03 15:33:49.124  6550  6803 I RcsPolicyMgr<1>: pendingRcsRegister: mActiveDataPhoneId = 1
10-03 15:33:49.124  6550  6803 I RcsPolicyMgr<1>: pendingRcsRegister: mActiveDataPhoneId = 1
10-03 15:33:49.124  6550  6803 I RegisterTask: isSuspended: mSuspended(false) mSuspendByIrat(false)
10-03 15:33:49.124  6550  6803 I RegiMgr<1>: [SamsungCMC_PD|IDLE] checkForTryRegister id: 20001
10-03 15:33:49.125  6550  6803 I PdnController: getDefaultNetworkBearer:  WIFI
10-03 15:33:49.125  6550  6803 I RegistrationRatDecider<1>: findBestNetwork: WIFI
10-03 15:33:49.125  6550  6803 I RegiGvnBase<1>: isReadyToDualRegister: slot 0's call state: 0
10-03 15:33:49.125  6550  6803 I RegiGvnBase<1>: isReadyToDualRegister : true
10-03 15:33:49.126  6550  6803 I RegiMgr<1>: [SamsungCMC_PD|IDLE] checkInitialRegistrationIsReady: APM ON [false], Roamimg [false]
10-03 15:33:49.126  6550  6803 I RcsPolicyMgr<1>: pendingRcsRegister: mActiveDataPhoneId = 1
10-03 15:33:49.126  6550  6803 I ImsProfile: carrierId : XAU isRttSupportByCallApp true
10-03 15:33:49.126  6550  6803 I ImsProfile: ttyType : 1
10-03 15:33:49.126  6550  6803 I RegiMgr-Utils<1>: getPriorityRegiedTask : isPriority  High? true
10-03 15:33:49.129  6240  6240 I SecKeyguardClockPositionAlgorithm: prepareClockContainerHeightChanging:
10-03 15:33:49.130  6240  6240 I PluginFaceWidgetManager: isEditMode = false
10-03 15:33:49.130  6550  6803 I CmcSettingManagerWrapper: hasSecondaryDevice: no SD with current PD
10-03 15:33:49.130  6550  6803 I RegiMgr<1>: [SamsungCMC_PD|IDLE] checkForTryRegister: isReadyToRegister = false
10-03 15:33:49.130  6240  6240 I NowBarItemManager: getVisibleList isScreenTurnedOn = false / aodShowState false shouldControlScreenOff false visibleList size = 0
10-03 15:33:49.130  6550  6803 I RcsPolicyMgr<1>: pendingRcsRegister: mActiveDataPhoneId = 1
10-03 15:33:49.130  6550  6803 I RegisterTask: isSuspended: mSuspended(false) mSuspendByIrat(false)
10-03 15:33:49.130  6550  6803 I RegiMgr<1>: [TMobile 3G|CONFIGURED] checkForTryRegister id: 287
10-03 15:33:49.130  6550  6803 I PdnController: getDefaultNetworkBearer:  WIFI
10-03 15:33:49.130  6550  6803 I RegistrationRatDecider<1>: getAvailableMobileNetwork: network=20 mobileDataType=20 => rat=20
10-03 15:33:49.130  6550  6803 I PdnController<1>: isNetworkAvailable: isEpdgConnected=false getDataNetworkType()=20
10-03 15:33:49.130  6240  6240 I SecKeyguardClockPositionAlgorithm: prepareClockContainerHeightChanging:
10-03 15:33:49.130  6240  6240 I PluginFaceWidgetManager: isEditMode = false
10-03 15:33:49.130  6240  6240 I NowBarItemManager: getVisibleList isScreenTurnedOn = false / aodShowState false shouldControlScreenOff false visibleList size = 0
10-03 15:33:49.131  6550  6803 I RegistrationRatDecider<1>: findBestNetwork: NR
10-03 15:33:49.131  6550  6803 I RegiGvnBase<1>: isReadyToDualRegister: slot 0's call state: 0
10-03 15:33:49.131  6550  6803 I RegiGvnBase<1>: isReadyToDualRegister : true
10-03 15:33:49.131  6550  6803 I RegiMgr<1>: [TMobile 3G|CONFIGURED] checkInitialRegistrationIsReady: APM ON [false], Roamimg [false]
10-03 15:33:49.131  6550  6803 I RcsPolicyMgr<1>: pendingRcsRegister: mActiveDataPhoneId = 1
10-03 15:33:49.131  6550  6803 I ImsProfile: carrierId : XAU isRttSupportByCallApp true
10-03 15:33:49.131  6550  6803 I ImsProfile: ttyType : 1
10-03 15:33:49.131  6550  6803 I RegiMgr-Utils<1>: getPriorityRegiedTask : isPriority  High? true
10-03 15:33:49.131  6550  6803 I RegiMgr-Utils<1>: checkHigherPriorityRegiedTask != null
10-03 15:33:49.131  6240  6240 D LightBarController: SKIP updateStatus (white icon) dreaming:true, keyguardVisible:true, goingToSleep:false
10-03 15:33:49.326  6550 25348 I RILClient: processUnsolicited(): resp_id (11024), len(445)
10-03 15:33:49.326  6550 25348 I RILClient: processUnsolicited(): unsol_func resp_id (11024), len(445)
10-03 15:33:49.326  6550 25348 I OemIpcHandler: onUnsol: main 0x16 sub 0x0B type 0x03
10-03 15:33:49.326  6550 25348 I OemIpcHandler: onUnsol: client->prv = 8b5f4ed0
10-03 15:33:49.326  6550 25348 I OemIpcHandler: MAPBearerEventtoIPCEvent: Dedicated Bearer Event: [1] converted to :[110]
10-03 15:33:49.326  6550 25348 I OemIpcHandler: onUnsol: bearer_id : 52, tft_op_code : 1, pkt filter count : 4
10-03 15:33:49.326  6550 25348 I OemIpcHandler: onUnsol: noti_type : 1, profile_type : 2
10-03 15:33:49.326  6550 25348 I OemIpcHandler: onUnsol: qci : 1, gbr_dl : 40
10-03 15:33:49.326  6550 25348 I VoIpEngineProxy: IpcCallback: channel 2 event 110
10-03 15:33:49.326  6550 25348 I VoIpEngineProxy: IpcCallback: MediaEvtHandler 0x783d81f7f0 DataBearerEvtHandler 0x783d81ea70 RRCConnectionEvtHandler 0x783d81f290 NetworkQoSHandler 0x783d81fc2c
10-03 15:33:49.326  6550 25348 I VoIpEngineProxy: IpcCallback: UacEvtHandler 0x783d81fd60 QuantumSecurityStatusEvtHandler 0x783d81f3d0 DsdaEvtHandler 0x783d81fe94
10-03 15:33:49.326  6550  7107 I StackIF : processMessage 3
10-03 15:33:49.326  6550  7107 I StackIF : Processing Notify
10-03 15:33:49.326  6550  7107 I SECIMSJ : [UNSL]< 10016
10-03 15:33:49.326  6550  7107 I StackIF : processNotify: id 10016
10-03 15:33:49.327  6550  6803 I ResipVolteHandler: handleMessage: evt 110
10-03 15:33:49.327  6550  6803 I ResipVolteHandler: onDedicatedBearerEventReceived:
10-03 15:33:49.327  6550  7116 I VolteServiceModule: onDedicatedBearerEvent: unknown session 17
10-03 15:33:49.327  6550  7107 I StackIF : processMessage 3
10-03 15:33:49.327  6550  7107 I StackIF : Processing Notify
10-03 15:33:49.327  6550  7107 I SECIMSJ : [UNSL]< 10016
10-03 15:33:49.327  6550  7107 I StackIF : processNotify: id 10016
10-03 15:33:49.327  6550  7107 I [IMS6.0]: CallSession::OnDedicatedBearer(): :(19) allocated bearer id: 52 1
10-03 15:33:49.327  6550  6803 I ResipVolteHandler: handleMessage: evt 110
10-03 15:33:49.327  6550  7107 I StackIF : processMessage 3
10-03 15:33:49.327  6550  7107 I StackIF : Processing Notify
10-03 15:33:49.327  6550  6803 I ResipVolteHandler: onDedicatedBearerEventReceived:
10-03 15:33:49.327  6550  7107 I SECIMSJ : [UNSL]< 10016
10-03 15:33:49.327  6550  7107 I StackIF : processNotify: id 10016
10-03 15:33:49.327  6550  7116 I VolteServiceModule: onDedicatedBearerEvent: unknown session 18
10-03 15:33:49.327  6550  6803 I ResipVolteHandler: handleMessage: evt 110
10-03 15:33:49.327  6550  6803 I ResipVolteHandler: onDedicatedBearerEventReceived:
10-03 15:33:49.327  6550  7107 I StackIF : processMessage 3
10-03 15:33:49.327  6550  7107 I StackIF : Processing Notify
10-03 15:33:49.327  6550  7107 I SECIMSJ : [UNSL]< 10016
10-03 15:33:49.327  6550  7116 I ImsCallDedicatedBearer: qci:1, state:1
10-03 15:33:49.327  6550  7116 I VolteServiceModule: onDedicatedBearerEvent: received for session : com.sec.internal.ims.servicemodules.volte2.ImsCallSession@7c62d9d ,bearer state : 1 ,qci : 1
10-03 15:33:49.327  6550  7116 I ImsCallDedicatedBearer: qci:1, state:1
10-03 15:33:49.327  6550  7116 I ImsCallDedicatedBearer: qci:2, state:3
10-03 15:33:49.327  6550  7116 I ImsCallDedicatedBearer: qci:8, state:3
10-03 15:33:49.327  6550  7107 I StackIF : processNotify: id 10016
10-03 15:33:49.327  6550  6803 I ResipVolteHandler: handleMessage: evt 110
10-03 15:33:49.327  6550  6803 I ResipVolteHandler: onDedicatedBearerEventReceived:
10-03 15:33:49.327  7758 22569 I EPDG -- SIM1 [EpdgImsListener]: onDedicatedBearerEvent: bearerstate : 1, qci : 1
10-03 15:33:49.327  6550  7116 I VolteServiceModule: onDedicatedBearerEvent: unknown session 241
10-03 15:33:49.328  3017  3228 D wlc     : Interface change event received
10-03 15:33:49.328  3017  3221 D LOWI-9.0.1.112.a: [LOWINetlinkSocketReceiver] unpackRTMLinkMessage: RTM_NEWLINK - ifname rmnet_data9, flags 0x10041 ([UP][RUNNING])
10-03 15:33:49.329  7758  7758 I EPDG -- SIM0 [EpdgInterfaceObserver]: sendInterfaceMessage, cid=9
10-03 15:33:49.329  7758  7758 I EPDG -- SIM0 [EpdgInterfaceObserver]: sendInterfaceMessage, cid=9
10-03 15:33:49.329  7758  7758 I EPDG -- SIM1 [EpdgIntfCont]: handleMessage msg : 1 cid : 10
10-03 15:33:49.329  7758  7758 I EPDG -- SIM1 [EpdgIntfCont]: new EpdgInterface :rmnet_data9
10-03 15:33:49.329  7758  7758 I EPDG -- SIM1 [EpdgIntfCont]: ignore interface up events
10-03 15:33:49.329  7758  7758 I EPDG -- SIM0 [EpdgIntfCont]: handleMessage msg : 1 cid : 10
10-03 15:33:49.329  7758  7758 I EPDG -- SIM0 [EpdgIntfCont]: new EpdgInterface :rmnet_data9
10-03 15:33:49.329  7758  7758 I EPDG -- SIM0 [EpdgIntfCont]: ignore interface up events
10-03 15:33:49.329  7758  8344 I EPDG -- SIM1 [IPSECDATACONNSM][9]: InactiveState[ ] Event: INTERFACE_UP
10-03 15:33:49.334  6550 25348 I RILClient: processUnsolicited(): resp_id (11024), len(445)
10-03 15:33:49.334  6550 25348 I RILClient: processUnsolicited(): unsol_func resp_id (11024), len(445)
10-03 15:33:49.334  6550 25348 I OemIpcHandler: onUnsol: main 0x16 sub 0x0B type 0x03
10-03 15:33:49.334  6550 25348 I OemIpcHandler: onUnsol: client->prv = 8b5f4ed0
10-03 15:33:49.334  6550 25348 I OemIpcHandler: MAPBearerEventtoIPCEvent: Dedicated Bearer Event: [2] converted to :[111]
10-03 15:33:49.334  6550 25348 I OemIpcHandler: onUnsol: bearer_id : 52, tft_op_code : 4, pkt filter count : 4
10-03 15:33:49.334  6550 25348 I OemIpcHandler: onUnsol: noti_type : 2, profile_type : 2
10-03 15:33:49.334  6550 25348 I OemIpcHandler: onUnsol: qci : 1, gbr_dl : 40
10-03 15:33:49.334  6550 25348 I VoIpEngineProxy: IpcCallback: channel 2 event 111
10-03 15:33:49.334  6550 25348 I VoIpEngineProxy: IpcCallback: MediaEvtHandler 0x783d81f7f0 DataBearerEvtHandler 0x783d81ea70 RRCConnectionEvtHandler 0x783d81f290 NetworkQoSHandler 0x783d81fc2c
10-03 15:33:49.334  6550 25348 I VoIpEngineProxy: IpcCallback: UacEvtHandler 0x783d81fd60 QuantumSecurityStatusEvtHandler 0x783d81f3d0 DsdaEvtHandler 0x783d81fe94
10-03 15:33:49.334  6550  7107 I StackIF : processMessage 3
10-03 15:33:49.334  6550  7107 I StackIF : Processing Notify
10-03 15:33:49.334  6550  7107 I SECIMSJ : [UNSL]< 10016
10-03 15:33:49.334  6550  7107 I StackIF : processNotify: id 10016
10-03 15:33:49.335  6550  7107 I StackIF : processMessage 3
10-03 15:33:49.335  6550  7107 I StackIF : Processing Notify
10-03 15:33:49.335  6550  7107 I SECIMSJ : [UNSL]< 10016
10-03 15:33:49.335  6550  7107 I StackIF : processNotify: id 10016
10-03 15:33:49.335  6550  7107 I StackIF : processMessage 3
10-03 15:33:49.335  6550  7107 I StackIF : Processing Notify
10-03 15:33:49.335  6550  6803 I ResipVolteHandler: handleMessage: evt 110
10-03 15:33:49.335  6550  6803 I ResipVolteHandler: onDedicatedBearerEventReceived:
10-03 15:33:49.335  6550 25348 I RILClient: processUnsolicited(): resp_id (11024), len(445)
10-03 15:33:49.335  6550 25348 I RILClient: processUnsolicited(): unsol_func resp_id (11024), len(445)
10-03 15:33:49.335  6550 25348 I OemIpcHandler: onUnsol: main 0x16 sub 0x0B type 0x03
10-03 15:33:49.335  6550 25348 I OemIpcHandler: onUnsol: client->prv = 8b5f4ed0
10-03 15:33:49.335  6550 25348 I OemIpcHandler: MAPBearerEventtoIPCEvent: Dedicated Bearer Event: [2] converted to :[111]
10-03 15:33:49.335  6550 25348 I OemIpcHandler: onUnsol: bearer_id : 52, tft_op_code : 4, pkt filter count : 4
10-03 15:33:49.335  6550 25348 I OemIpcHandler: onUnsol: noti_type : 2, profile_type : 2
10-03 15:33:49.335  6550 25348 I OemIpcHandler: onUnsol: qci : 1, gbr_dl : 40
10-03 15:33:49.335  6550 25348 I VoIpEngineProxy: IpcCallback: channel 2 event 111
10-03 15:33:49.335  6550 25348 I VoIpEngineProxy: IpcCallback: MediaEvtHandler 0x783d81f7f0 DataBearerEvtHandler 0x783d81ea70 RRCConnectionEvtHandler 0x783d81f290 NetworkQoSHandler 0x783d81fc2c
10-03 15:33:49.335  6550 25348 I VoIpEngineProxy: IpcCallback: UacEvtHandler 0x783d81fd60 QuantumSecurityStatusEvtHandler 0x783d81f3d0 DsdaEvtHandler 0x783d81fe94
10-03 15:33:49.335  6550  6803 I ResipVolteHandler: handleMessage: evt 110
10-03 15:33:49.335  6550  7116 I VolteServiceModule: onDedicatedBearerEvent: unknown session 17
10-03 15:33:49.335  6550  6803 I ResipVolteHandler: onDedicatedBearerEventReceived:
10-03 15:33:49.335  6550  7107 I SECIMSJ : [UNSL]< 10016
10-03 15:33:49.335  6550  7107 I StackIF : processNotify: id 10016
10-03 15:33:49.335  6550  7107 I StackIF : processMessage 3
10-03 15:33:49.335  6550  7107 I StackIF : Processing Notify
10-03 15:33:49.335  6550  7107 I SECIMSJ : [UNSL]< 10016
10-03 15:33:49.335  6550  7107 I StackIF : processNotify: id 10016
10-03 15:33:49.335  6550  7107 I StackIF : processMessage 3
10-03 15:33:49.335  6550  7107 I StackIF : Processing Notify
10-03 15:33:49.335  6550  7107 I SECIMSJ : [UNSL]< 10016
10-03 15:33:49.335  6550  7107 I StackIF : processNotify: id 10016
10-03 15:33:49.335  6550  7116 I VolteServiceModule: onDedicatedBearerEvent: unknown session 18
10-03 15:33:49.336  6550  7107 I StackIF : processMessage 3
10-03 15:33:49.336  6550  7107 I StackIF : Processing Notify
10-03 15:33:49.336  6550  7107 I SECIMSJ : [UNSL]< 10016
10-03 15:33:49.336  6550  7107 I StackIF : processNotify: id 10016
10-03 15:33:49.336  6550  7107 I StackIF : processMessage 3
10-03 15:33:49.336  6550  7107 I StackIF : Processing Notify
10-03 15:33:49.336  6550  7107 I SECIMSJ : [UNSL]< 10016
10-03 15:33:49.336  6550  7107 I StackIF : processNotify: id 10016
10-03 15:33:49.336  6550  7107 I StackIF : processMessage 3
10-03 15:33:49.336  6550  7107 I StackIF : Processing Notify
10-03 15:33:49.336  6550  7107 I SECIMSJ : [UNSL]< 10016
10-03 15:33:49.336  6550  7107 I StackIF : processNotify: id 10016
10-03 15:33:49.336  6550  6803 I ResipVolteHandler: handleMessage: evt 110
10-03 15:33:49.336  6550  6803 I ResipVolteHandler: onDedicatedBearerEventReceived:
10-03 15:33:49.336  6550  6803 I ResipVolteHandler: handleMessage: evt 110
10-03 15:33:49.336  6550  6803 I ResipVolteHandler: onDedicatedBearerEventReceived:
10-03 15:33:49.336  6550  6803 I ResipVolteHandler: handleMessage: evt 110
10-03 15:33:49.336  6550  6803 I ResipVolteHandler: onDedicatedBearerEventReceived:
10-03 15:33:49.336  6550  6803 I ResipVolteHandler: handleMessage: evt 110
10-03 15:33:49.336  6550  6803 I ResipVolteHandler: onDedicatedBearerEventReceived:
10-03 15:33:49.336  6550  6803 I ResipVolteHandler: handleMessage: evt 110
10-03 15:33:49.336  6550  6803 I ResipVolteHandler: onDedicatedBearerEventReceived:
10-03 15:33:49.336  6550  6803 I ResipVolteHandler: handleMessage: evt 110
10-03 15:33:49.336  6550  6803 I ResipVolteHandler: onDedicatedBearerEventReceived:
10-03 15:33:49.336  6550  7116 I ImsCallDedicatedBearer: qci:1, state:2
10-03 15:33:49.336  6550  7116 I VolteServiceModule: onDedicatedBearerEvent: received for session : com.sec.internal.ims.servicemodules.volte2.ImsCallSession@7c62d9d ,bearer state : 2 ,qci : 1
10-03 15:33:49.336  6550  7116 I ImsCallDedicatedBearer: qci:1, state:2
10-03 15:33:49.336  6550  7116 I ImsCallDedicatedBearer: qci:2, state:3
10-03 15:33:49.336  6550  7116 I ImsCallDedicatedBearer: qci:8, state:3
10-03 15:33:49.336  7758 22569 I EPDG -- SIM1 [EpdgImsListener]: onDedicatedBearerEvent: bearerstate : 2, qci : 1
10-03 15:33:49.336  6550  7116 I VolteServiceModule: onDedicatedBearerEvent: unknown session 241
10-03 15:33:49.336  6550  7116 I VolteServiceModule: onDedicatedBearerEvent: unknown session 17
10-03 15:33:49.336  6550  7116 I VolteServiceModule: onDedicatedBearerEvent: unknown session 18
10-03 15:33:49.336  6550  7116 I ImsCallDedicatedBearer: qci:1, state:2
10-03 15:33:49.336  6550  7116 I VolteServiceModule: onDedicatedBearerEvent: received for session : com.sec.internal.ims.servicemodules.volte2.ImsCallSession@7c62d9d ,bearer state : 2 ,qci : 1
10-03 15:33:49.336  6550  7116 I ImsCallDedicatedBearer: qci:1, state:2
10-03 15:33:49.336  6550  7116 I ImsCallDedicatedBearer: qci:2, state:3
10-03 15:33:49.336  6550  7116 I ImsCallDedicatedBearer: qci:8, state:3
10-03 15:33:49.336  7758 22569 I EPDG -- SIM1 [EpdgImsListener]: onDedicatedBearerEvent: bearerstate : 2, qci : 1
10-03 15:33:49.336  6550  7116 I VolteServiceModule: onDedicatedBearerEvent: unknown session 241
10-03 15:33:49.345  2810  6003 D ConnectivityService: reportNetworkActive, notify 4 listeners
10-03 15:33:49.550 28774 28774 D AndroidRuntime: >>>>>> START com.android.internal.os.RuntimeInit uid 2000 <<<<<<
10-03 15:33:49.554 28774 28774 I AndroidRuntime: Using default boot image
10-03 15:33:49.554 28774 28774 I AndroidRuntime: Leaving lock profiling enabled
10-03 15:33:49.556 28774 28774 I app_process: Using CollectorTypeCMC GC.
10-03 15:33:49.606 28774 28774 D nativeloader: InitDefaultPublicLibraries for_preload=1: libandroid.so:libaaudio.so:libamidi.so:libbinder_ndk.so:libc.so:libcamera2ndk.so:libdl.so:libEGL.so:libGLESv1_CM.so:libGLESv2.so:libGLESv3.so:libicu.so:libicui18n.so:libicuuc.so:libjnigraphics.so:liblog.so:libmediandk.so:libm.so:libnativehelper.so:libnativewindow.so:libOpenMAXAL.so:libOpenSLES.so:libRS.so:libstdc++.so:libsync.so:libvulkan.so:libwebviewchromium_plat_support.so:libz.so
10-03 15:33:49.613 28774 28774 D nativeloader: Load libicu_jni.so using APEX ns com_android_art for caller /apex/com.android.art/javalib/core-oj.jar: ok
10-03 15:33:49.613 28774 28774 D app_process: u_setTimeZoneFilesDirectory("/apex/com.android.tzdata/etc/tz/versioned/9/icu") succeeded. 
10-03 15:33:49.613 28774 28774 D app_process: I18n APEX ICU file found: /apex/com.android.i18n/etc/icu/icudt76l.dat
10-03 15:33:49.614 28774 28774 D nativeloader: Load libjavacore.so using APEX ns com_android_art for caller /apex/com.android.art/javalib/core-oj.jar: ok
10-03 15:33:49.614 28774 28774 D nativeloader: Load libopenjdk.so using APEX ns com_android_art for caller /apex/com.android.art/javalib/core-oj.jar: ok
10-03 15:33:49.624 28774 28774 E SemDvfsManager_JNI: SemDvfsManager: registerfunction enter
10-03 15:33:49.624 28774 28774 E SemAffinityControl: SemAffinityControl: registerfunction enter
10-03 15:33:49.626  6550  7110 I reSIProcate: INFO | RESIP:TRANSPORT | Transport.cxx:401 | incoming from: [ V6 port=65529 TCP target domain=xxxx mFlowKey=260 ] cport =6401 ] mInterface=rmnet_data9 ] transportKey=23 ]
10-03 15:33:49.626  6550  7110 I reSIProcate: INFO | RESIP:TRANSPORT | Transport.cxx:402 | SipReq:  PRACK xxxx@[xxxx]:6400 tid=g3Zqkv7ir22ruq2cvmpfu764ttou84ttl cseq=2 PRACK / 2 from(wire)
10-03 15:33:49.626  6550  7110 I reSIProcate: INFO | RESIP:TRANSPORT | Connection.cxx:451 | Connection::performReads()  read=601
10-03 15:33:49.627  6550  7110 I CpAudioEngineClient: SAE_NotiInfo: SAE_NotiInfo string:
10-03 15:33:49.627  6550  7110 I VoIpEngineProxy: NotiInfo:Sending IPC_IMS_INFO Noti
10-03 15:33:49.627  6550  7110 I OemIpcHandler: ImsNotiInfo ImsNoti send IPC :
10-03 15:33:49.627  6550  7110 I OemIpcHandler: SendOemIpcCommand: main 16 sub 0c len(108) phoneId 1
10-03 15:33:49.627  6550  7110 I OemIpcHandler: SendOemIpcCommand: Send Client 222...
10-03 15:33:49.627  6550  7107 I StackIF : processMessage 3
10-03 15:33:49.627  6550  7107 I StackIF : Processing Notify
10-03 15:33:49.627  6550  7107 I SECIMSJ : [UNSL]< 10003
10-03 15:33:49.627  6550  7107 I StackIF : processNotify: id 10003
10-03 15:33:49.627  6550  7107 I SIPMSG[1,2]: [<--] PRACK sip:177xxxxx267@[2607:fc20:a212:8020:ad6:4a0c:6540:3ffb]:6400 SIP/2.0 [CSeq: 2 PRACK]
10-03 15:33:49.627  6550  7107 I StackIF : processMessage 3
10-03 15:33:49.627  6550  7107 I StackIF : Processing Notify
10-03 15:33:49.627  6550  7107 I SECIMSJ : [UNSL]< 20008
10-03 15:33:49.627  6550  7107 I StackIF : processNotify: id 20008
10-03 15:33:49.627  6550  7107 I StackIF : Echolocate Notify receive
10-03 15:33:49.627  6550  7107 I StackIF : processMessage 3
10-03 15:33:49.627  6550  7107 I StackIF : Processing Notify
10-03 15:33:49.627  6550  7107 I SECIMSJ : [UNSL]< 20002
10-03 15:33:49.627  6550  7107 I StackIF : processNotify: id 20002
10-03 15:33:49.627  6550  7107 I ResipMiscHandler: onAlarmCancelled: id=10503
10-03 15:33:49.627  6550  7107 I StackIF : processMessage 3
10-03 15:33:49.627  6550  7107 I StackIF : Processing Notify
10-03 15:33:49.627  6550  7107 I SECIMSJ : [UNSL]< 20002
10-03 15:33:49.627  6550  7107 I StackIF : processNotify: id 20002
10-03 15:33:49.627  6550  7107 I ResipMiscHandler: onAlarmCancelled: id=10504
10-03 15:33:49.627  6550  7107 I [IMS6.0]: CallMsgCreator::AddUnnecessaryHeaders(): mIsSoftphoneEnabled = 0
10-03 15:33:49.627  6550  7107 I StackIF : processMessage 3
10-03 15:33:49.627  6550  7107 I StackIF : Processing Notify
10-03 15:33:49.627  6550  7107 I SECIMSJ : [UNSL]< 20008
10-03 15:33:49.627  6550  7107 I StackIF : processNotify: id 20008
10-03 15:33:49.627  6550  7107 I StackIF : Echolocate Notify receive
10-03 15:33:49.628  6550  7107 I StackIF : processMessage 3
10-03 15:33:49.628  6550  7107 I StackIF : Processing Notify
10-03 15:33:49.628  6550  7107 I SECIMSJ : [UNSL]< 10003
10-03 15:33:49.628  6550  7107 I StackIF : processNotify: id 10003
10-03 15:33:49.628  6550  7107 I SIPMSG[1,2]: [-->] SIP/2.0 200 OK [CSeq: 2 PRACK]
10-03 15:33:49.628  6550  7107 I CpAudioEngineClient: SAE_NotiInfo: SAE_NotiInfo string:
10-03 15:33:49.628  6550  7107 I VoIpEngineProxy: NotiInfo:Sending IPC_IMS_INFO Noti
10-03 15:33:49.628  6550  7107 I OemIpcHandler: ImsNotiInfo ImsNoti send IPC :
10-03 15:33:49.628  6550  7107 I OemIpcHandler: SendOemIpcCommand: main 16 sub 0c len(108) phoneId 1
10-03 15:33:49.628  6550  7107 I OemIpcHandler: SendOemIpcCommand: Send Client 222...
10-03 15:33:49.628  6550  7107 I [IMS6.0]: CallMsgCreator::AddUnnecessaryHeaders(): mIsSoftphoneEnabled = 0
10-03 15:33:49.628  6550  7110 I reSIProcate: INFO | RESIP:TRANSPORT | TransportSelector.cxx:1511 | Transmitting to port:65529 tlsDomain=[xxxx] via port:6400
10-03 15:33:49.628  6550  7110 I reSIProcate: SipResp: 200 tid=g3Zqkv7ir22ruq2cvmpfu764ttou84ttl cseq=2 PRACK contact=xxxx@[xxxx]:6400 / 2 from(tu)sigcomp id=
10-03 15:33:49.628  6550  7107 I StackIF : processMessage 3
10-03 15:33:49.628  6550  7107 I StackIF : Processing Notify
10-03 15:33:49.628  6550  7107 I SECIMSJ : [UNSL]< 20008
10-03 15:33:49.628  6550  7107 I StackIF : processNotify: id 20008
10-03 15:33:49.628  6550  7107 I StackIF : Echolocate Notify receive
10-03 15:33:49.628  6550  7107 I StackIF : processMessage 3
10-03 15:33:49.628  6550  7107 I StackIF : Processing Notify
10-03 15:33:49.628  6550  7107 I SECIMSJ : [UNSL]< 10003
10-03 15:33:49.628  6550  7107 I StackIF : processNotify: id 10003
10-03 15:33:49.628  6550  7110 I reSIProcate: INFO | RESIP:TRANSPORT | Connection.cxx:229 | Interface : rmnet_data9, Tried to send 1016 bytes, sent 1016 bytes
10-03 15:33:49.628  6550  6803 I ResipRawSipHandler: handleMessage: event: 100
10-03 15:33:49.628  6550  6803 I ResipVolteHandler: handleMessage: evt 114
10-03 15:33:49.628  6550  7107 I SIPMSG[1,2]: [-->] SIP/2.0 180 Ringing [CSeq: 1 INVITE]
10-03 15:33:49.628  6550  7107 I CpAudioEngineClient: SAE_NotiInfo: SAE_NotiInfo string:
10-03 15:33:49.628  6550  7107 I VoIpEngineProxy: NotiInfo:Sending IPC_IMS_INFO Noti
10-03 15:33:49.628  6550  7107 I OemIpcHandler: ImsNotiInfo ImsNoti send IPC :
10-03 15:33:49.628  6550  7107 I OemIpcHandler: SendOemIpcCommand: main 16 sub 0c len(108) phoneId 1
10-03 15:33:49.628  6550  7107 I OemIpcHandler: SendOemIpcCommand: Send Client 222...
10-03 15:33:49.628  6550  7107 I [IMS6.0]: *CallSession::SelectAudioInterface(): :(19) Current pdn is ims, ThirdParyMode false cmcType 0
10-03 15:33:49.628  6550  7107 I VolteServiceModule: hasCsCall: numPsCall=0, callState[0]=0, ret=false
10-03 15:33:49.628  6550  7107 I ResipMediaHandler:  set to Audio F/Wg_call_band=wb;g_call_ims_codec_type=amr;bearer=LTE
10-03 15:33:49.628  6550  7107 I AudioManager: setParameters keyValuePairs = g_call_band=wb;g_call_ims_codec_type=amr;bearer=LTE
10-03 15:33:49.629  6550  7110 I reSIProcate: INFO | RESIP:TRANSPORT | TransportSelector.cxx:1511 | Transmitting to port:65529 tlsDomain=[xxxx] via port:6400
10-03 15:33:49.629  6550  7110 I reSIProcate: SipResp: 180 tid=g3Zqkv7i73d5xioxntjs8g24yn181lsko cseq=1 INVITE contact=xxxx@[xxxx]:6400 / 1 from(tu)sigcomp id=
10-03 15:33:49.629  6550  7110 I reSIProcate: INFO | RESIP:TRANSPORT | Connection.cxx:229 | Interface : rmnet_data9, Tried to send 1112 bytes, sent 1112 bytes
10-03 15:33:49.630  6550  6803 I ResipRawSipHandler: handleMessage: event: 200
10-03 15:33:49.630  6550 25348 I OemIpcHandler: onRawReqComplete, 
10-03 15:33:49.630  6550  7116 I CmcP2pHelperManager: msg.what = 36
10-03 15:33:49.630  2229 10565 D AudioFlinger: setParameters: filtered dev setParameters keyvalue bearer=LTE;g_call_band=wb;g_call_ims_codec_type=amr
10-03 15:33:49.630 28774 28774 D nativeloader: Load libframework-connectivity-tiramisu-jni.so using APEX ns com_android_tethering for caller /apex/com.android.tethering/javalib/framework-connectivity-t.jar: ok
10-03 15:33:49.630  2175  2206 D AHAL_HFP_QTI: hfp_set_parameters enter
10-03 15:33:49.631  2175  2206 D AHAL_HFP_QTI: hfp_set_parameters Exit
10-03 15:33:49.631  2175  2206 D AHAL_HFP_QTI: hfp_set_parameters enter
10-03 15:33:49.631  6550  6803 I ResipVolteHandler: handleMessage: evt 114
10-03 15:33:49.631  2175  2206 D AHAL_HFP_QTI: hfp_set_parameters Exit
10-03 15:33:49.631  2175  2206 D AHAL_HFP_QTI: hfp_set_parameters enter
10-03 15:33:49.631 28774 28774 D AndroidRuntime: Calling main entry com.android.commands.content.Content
10-03 15:33:49.631  2175  2206 D AHAL_HFP_QTI: hfp_set_parameters Exit
10-03 15:33:49.631  2175  2206 D AHAL_SecModulePrimary: processSetVendorParameters: not configured bearer
10-03 15:33:49.631  2175  2206 D AHAL_SecModulePrimary: processSetVendorParameters: configured g_call_band
10-03 15:33:49.631  6550  6803 I ResipRawSipHandler: handleMessage: event: 200
10-03 15:33:49.631  2175  2206 D AHAL_SecModulePrimary: processSetVendorParameters: not configured g_call_ims_codec_type
10-03 15:33:49.631  2175  2206 D AHAL_SecModulePrimary: processSetVendorParameters: handler set on Feature:1
10-03 15:33:49.631  6550  7116 I Echolocate_Controller: handleMessage: evt 1
10-03 15:33:49.631  6550 25348 I OemIpcHandler: onRawReqComplete, 
10-03 15:33:49.631  6550  7116 I Echolocate_Info: com.tmobile.pr.mytmobile is not installed
10-03 15:33:49.631  6550  6803 I ResipVolteHandler: handleMessage: evt 114
10-03 15:33:49.631  6550  7116 I Echolocate_Controller: getEPSFBsuccess[1]: false
10-03 15:33:49.631 28774 28791 W IPCThreadState: call to talkWithDriver in joinThreadPool returned error: -9 (Bad file descriptor), FD: -1
10-03 15:33:49.631  2229 10565 E ConversionHelperAidl: Function: parseAndSetVendorParameters Line: 94 Failed 
10-03 15:33:49.631 28774 28774 D AndroidRuntime: Shutting down VM
10-03 15:33:49.631  2229 10565 E ConversionHelperAidl: Function: parseAndSetVendorParameters Line: 94 Failed 
10-03 15:33:49.631 28774 28792 W IPCThreadState: call to talkWithDriver in joinThreadPool returned error: -9 (Bad file descriptor), FD: -1
10-03 15:33:49.631  6550  7116 I Echolocate_Controller: getEPSFBsuccess[1]: false
10-03 15:33:49.631  6550  7107 I StackIF : processMessage 3
10-03 15:33:49.631  6550  7107 I StackIF : Processing Notify
10-03 15:33:49.631  6550  7107 I SECIMSJ : [UNSL]< 10004
10-03 15:33:49.632  6550  7107 I StackIF : processNotify: id 10004
10-03 15:33:49.632  6550  7107 I StackIF : CallStatus - handle 1784 session 19 status 3
10-03 15:33:49.632  6550  7116 I Echolocate_Info: strband[1]:n41, nwType:SA5G
10-03 15:33:49.632  6550  6803 I ResipVolteHandler: handleMessage: evt 100
10-03 15:33:49.632  6550  7116 I Echolocate_Info: signal[1]255;255;255 result[;NA;NA;NA;-100;-14;0;NA;]
10-03 15:33:49.632  6550  6803 I ResipVolteHandler: onCallStateChange() session: 19 state: 3 calltype : 1
10-03 15:33:49.632  6550  7116 I Echolocate_Controller: handleMessage: evt 1
10-03 15:33:49.632  6550  6803 I ResipVolteHandler: audioCodec=AMR-WB remoteMmtelCapa=true remoteVideoCapa=false height=320 width=240 isFocus=false
10-03 15:33:49.632  6550  7116 I Echolocate_Info: com.tmobile.pr.mytmobile is not installed
10-03 15:33:49.632  6550  7116 I Echolocate_Controller: getEPSFBsuccess[1]: false
10-03 15:33:49.632  6550  6803 E #IMSCR  : 10-03 15:33:49 0x30000000:1,19,3,1,AMR-WB,0,320,240,0
10-03 15:33:49.632  6550  6803 I ResipVolteHandler: onCallStateChange: audioCodec AMR-WB
